<?xml version="1.0" encoding="ISO-8859-1" ?>
<link_info>
   <banner>TI ARM Clang Linker Unix v4.0.4.LTS</banner>
   <copyright>Copyright (c) 1996-2018 Texas Instruments Incorporated</copyright>
   <command_line>/Applications/ti/ccs2041/ccs/tools/compiler/ti-cgt-armllvm_4.0.4.LTS/bin/tiarmlnk -I/Applications/ti/ccs2041/ccs/tools/compiler/ti-cgt-armllvm_4.0.4.LTS/lib -o final project (jm).out -mfinal project (jm).map -i/Users/macs/ti/mspm0_sdk_2_10_00_04/source -i/Users/macs/Downloads/ELEC327-master/Workspace/final project (jm) -i/Users/macs/Downloads/ELEC327-master/Workspace/final project (jm)/Debug/syscfg -i/Applications/ti/ccs2041/ccs/tools/compiler/ti-cgt-armllvm_4.0.4.LTS/lib --diag_wrap=off --display_error_number --warn_sections --xml_link_info=final project (jm)_linkInfo.xml --rom_model ./buzzer.o ./ti_msp_dl_config.o ./startup_mspm0g350x_ticlang.o ./game.o ./input.o ./main.o ./oled.o ./tetris.o -l./device_linker.cmd -ldevice.cmd.genlibs -llibc.a --start-group -llibc++.a -llibc++abi.a -llibc.a -llibsys.a -llibsysbm.a -llibclang_rt.builtins.a -llibclang_rt.profile.a --end-group --cg_opt_level=2</command_line>
   <link_time>0x69fa3945</link_time>
   <link_errors>0x0</link_errors>
   <output_file>/Users/macs/Downloads/ELEC327-master/Workspace/final project (jm)/Debug/final project (jm).out</output_file>
   <entry_point>
      <name>_c_int00_noargs</name>
      <address>0x4355</address>
   </entry_point>
   <input_file_list>
      <input_file id="fl-1">
         <path>/Users/macs/Downloads/ELEC327-master/Workspace/final project (jm)/Debug/./</path>
         <kind>object</kind>
         <file>buzzer.o</file>
         <name>buzzer.o</name>
      </input_file>
      <input_file id="fl-2">
         <path>/Users/macs/Downloads/ELEC327-master/Workspace/final project (jm)/Debug/./</path>
         <kind>object</kind>
         <file>ti_msp_dl_config.o</file>
         <name>ti_msp_dl_config.o</name>
      </input_file>
      <input_file id="fl-3">
         <path>/Users/macs/Downloads/ELEC327-master/Workspace/final project (jm)/Debug/./</path>
         <kind>object</kind>
         <file>startup_mspm0g350x_ticlang.o</file>
         <name>startup_mspm0g350x_ticlang.o</name>
      </input_file>
      <input_file id="fl-4">
         <path>/Users/macs/Downloads/ELEC327-master/Workspace/final project (jm)/Debug/./</path>
         <kind>object</kind>
         <file>game.o</file>
         <name>game.o</name>
      </input_file>
      <input_file id="fl-5">
         <path>/Users/macs/Downloads/ELEC327-master/Workspace/final project (jm)/Debug/./</path>
         <kind>object</kind>
         <file>input.o</file>
         <name>input.o</name>
      </input_file>
      <input_file id="fl-6">
         <path>/Users/macs/Downloads/ELEC327-master/Workspace/final project (jm)/Debug/./</path>
         <kind>object</kind>
         <file>main.o</file>
         <name>main.o</name>
      </input_file>
      <input_file id="fl-7">
         <path>/Users/macs/Downloads/ELEC327-master/Workspace/final project (jm)/Debug/./</path>
         <kind>object</kind>
         <file>oled.o</file>
         <name>oled.o</name>
      </input_file>
      <input_file id="fl-8">
         <path>/Users/macs/Downloads/ELEC327-master/Workspace/final project (jm)/Debug/./</path>
         <kind>object</kind>
         <file>tetris.o</file>
         <name>tetris.o</name>
      </input_file>
      <input_file id="fl-15">
         <path>/Users/macs/Downloads/ELEC327-master/Workspace/final project (jm)/Debug/</path>
         <kind>object</kind>
         <file>&lt;internal&gt;</file>
         <name>&lt;internal&gt;</name>
      </input_file>
      <input_file id="fl-16">
         <path>/Users/macs/ti/mspm0_sdk_2_10_00_04/source/ti/driverlib/lib/ticlang/m0p/mspm0g1x0x_g3x0x/</path>
         <kind>archive</kind>
         <file>driverlib.a</file>
         <name>dl_common.o</name>
      </input_file>
      <input_file id="fl-17">
         <path>/Users/macs/ti/mspm0_sdk_2_10_00_04/source/ti/driverlib/lib/ticlang/m0p/mspm0g1x0x_g3x0x/</path>
         <kind>archive</kind>
         <file>driverlib.a</file>
         <name>dl_rtc_common.o</name>
      </input_file>
      <input_file id="fl-18">
         <path>/Users/macs/ti/mspm0_sdk_2_10_00_04/source/ti/driverlib/lib/ticlang/m0p/mspm0g1x0x_g3x0x/</path>
         <kind>archive</kind>
         <file>driverlib.a</file>
         <name>dl_spi.o</name>
      </input_file>
      <input_file id="fl-19">
         <path>/Users/macs/ti/mspm0_sdk_2_10_00_04/source/ti/driverlib/lib/ticlang/m0p/mspm0g1x0x_g3x0x/</path>
         <kind>archive</kind>
         <file>driverlib.a</file>
         <name>dl_timer.o</name>
      </input_file>
      <input_file id="fl-30">
         <path>/Applications/ti/ccs2041/ccs/tools/compiler/ti-cgt-armllvm_4.0.4.LTS/lib/armv6m-ti-none-eabi/c/</path>
         <kind>archive</kind>
         <file>libc.a</file>
         <name>boot_cortex_m.c.obj</name>
      </input_file>
      <input_file id="fl-31">
         <path>/Applications/ti/ccs2041/ccs/tools/compiler/ti-cgt-armllvm_4.0.4.LTS/lib/armv6m-ti-none-eabi/c/</path>
         <kind>archive</kind>
         <file>libc.a</file>
         <name>mathacl_init.c.obj</name>
      </input_file>
      <input_file id="fl-32">
         <path>/Applications/ti/ccs2041/ccs/tools/compiler/ti-cgt-armllvm_4.0.4.LTS/lib/armv6m-ti-none-eabi/c/</path>
         <kind>archive</kind>
         <file>libc.a</file>
         <name>autoinit.c.obj</name>
      </input_file>
      <input_file id="fl-33">
         <path>/Applications/ti/ccs2041/ccs/tools/compiler/ti-cgt-armllvm_4.0.4.LTS/lib/armv6m-ti-none-eabi/c/</path>
         <kind>archive</kind>
         <file>libc.a</file>
         <name>pre_init.c.obj</name>
      </input_file>
      <input_file id="fl-34">
         <path>/Applications/ti/ccs2041/ccs/tools/compiler/ti-cgt-armllvm_4.0.4.LTS/lib/armv6m-ti-none-eabi/c/</path>
         <kind>archive</kind>
         <file>libc.a</file>
         <name>cpy_tbl.c.obj</name>
      </input_file>
      <input_file id="fl-35">
         <path>/Applications/ti/ccs2041/ccs/tools/compiler/ti-cgt-armllvm_4.0.4.LTS/lib/armv6m-ti-none-eabi/c/</path>
         <kind>archive</kind>
         <file>libc.a</file>
         <name>copy_zero_init.c.obj</name>
      </input_file>
      <input_file id="fl-36">
         <path>/Applications/ti/ccs2041/ccs/tools/compiler/ti-cgt-armllvm_4.0.4.LTS/lib/armv6m-ti-none-eabi/c/</path>
         <kind>archive</kind>
         <file>libc.a</file>
         <name>copy_decompress_none.c.obj</name>
      </input_file>
      <input_file id="fl-37">
         <path>/Applications/ti/ccs2041/ccs/tools/compiler/ti-cgt-armllvm_4.0.4.LTS/lib/armv6m-ti-none-eabi/c/</path>
         <kind>archive</kind>
         <file>libc.a</file>
         <name>copy_decompress_lzss.c.obj</name>
      </input_file>
      <input_file id="fl-38">
         <path>/Applications/ti/ccs2041/ccs/tools/compiler/ti-cgt-armllvm_4.0.4.LTS/lib/armv6m-ti-none-eabi/c/</path>
         <kind>archive</kind>
         <file>libc.a</file>
         <name>exit.c.obj</name>
      </input_file>
      <input_file id="fl-39">
         <path>/Applications/ti/ccs2041/ccs/tools/compiler/ti-cgt-armllvm_4.0.4.LTS/lib/armv6m-ti-none-eabi/c/</path>
         <kind>archive</kind>
         <file>libc.a</file>
         <name>_lock.c.obj</name>
      </input_file>
      <input_file id="fl-3a">
         <path>/Applications/ti/ccs2041/ccs/tools/compiler/ti-cgt-armllvm_4.0.4.LTS/lib/armv6m-ti-none-eabi/c/</path>
         <kind>archive</kind>
         <file>libc.a</file>
         <name>args_main.c.obj</name>
      </input_file>
      <input_file id="fl-da">
         <path>/Applications/ti/ccs2041/ccs/tools/compiler/ti-cgt-armllvm_4.0.4.LTS/lib/armv6m-ti-none-eabi/c/</path>
         <kind>archive</kind>
         <file>libsysbm.a</file>
         <name>hostexit.c.obj</name>
      </input_file>
      <input_file id="fl-db">
         <path>/Applications/ti/ccs2041/ccs/tools/compiler/ti-cgt-armllvm_4.0.4.LTS/lib/armv6m-ti-none-eabi/</path>
         <kind>archive</kind>
         <file>libclang_rt.builtins.a</file>
         <name>aeabi_memcpy.S.obj</name>
      </input_file>
      <input_file id="fl-dc">
         <path>/Applications/ti/ccs2041/ccs/tools/compiler/ti-cgt-armllvm_4.0.4.LTS/lib/armv6m-ti-none-eabi/</path>
         <kind>archive</kind>
         <file>libclang_rt.builtins.a</file>
         <name>aeabi_memmove.S.obj</name>
      </input_file>
      <input_file id="fl-dd">
         <path>/Applications/ti/ccs2041/ccs/tools/compiler/ti-cgt-armllvm_4.0.4.LTS/lib/armv6m-ti-none-eabi/</path>
         <kind>archive</kind>
         <file>libclang_rt.builtins.a</file>
         <name>aeabi_memset.S.obj</name>
      </input_file>
      <input_file id="fl-de">
         <path>/Applications/ti/ccs2041/ccs/tools/compiler/ti-cgt-armllvm_4.0.4.LTS/lib/armv6m-ti-none-eabi/</path>
         <kind>archive</kind>
         <file>libclang_rt.builtins.a</file>
         <name>aeabi_uidivmod.S.obj</name>
      </input_file>
      <input_file id="fl-df">
         <path>/Applications/ti/ccs2041/ccs/tools/compiler/ti-cgt-armllvm_4.0.4.LTS/lib/armv6m-ti-none-eabi/</path>
         <kind>archive</kind>
         <file>libclang_rt.builtins.a</file>
         <name>aeabi_div0.c.obj</name>
      </input_file>
      <input_file id="fl-e0">
         <path>/Applications/ti/ccs2041/ccs/tools/compiler/ti-cgt-armllvm_4.0.4.LTS/lib/armv6m-ti-none-eabi/c/</path>
         <kind>archive</kind>
         <file>libc.a</file>
         <name>memcpy16.S.obj</name>
      </input_file>
      <input_file id="fl-e1">
         <path>/Applications/ti/ccs2041/ccs/tools/compiler/ti-cgt-armllvm_4.0.4.LTS/lib/armv6m-ti-none-eabi/c/</path>
         <kind>archive</kind>
         <file>libc.a</file>
         <name>memset16.S.obj</name>
      </input_file>
      <input_file id="fl-e2">
         <path>/Applications/ti/ccs2041/ccs/tools/compiler/ti-cgt-armllvm_4.0.4.LTS/lib/armv6m-ti-none-eabi/c/</path>
         <kind>archive</kind>
         <file>libc.a</file>
         <name>memmov.c.obj</name>
      </input_file>
   </input_file_list>
   <object_component_list>
      <object_component id="oc-18">
         <name>.intvecs</name>
         <load_address>0x0</load_address>
         <readonly>true</readonly>
         <run_address>0x0</run_address>
         <size>0xc0</size>
         <alignment>0x4</alignment>
         <input_file_ref idref="fl-3"/>
      </object_component>
      <object_component id="oc-bd">
         <name>.text.platformer_render</name>
         <load_address>0xc0</load_address>
         <readonly>true</readonly>
         <executable>true</executable>
         <run_address>0xc0</run_address>
         <size>0x704</size>
         <alignment>0x4</alignment>
         <input_file_ref idref="fl-4"/>
      </object_component>
      <object_component id="oc-c2">
         <name>.text.tetris_render</name>
         <load_address>0x7c4</load_address>
         <readonly>true</readonly>
         <executable>true</executable>
         <run_address>0x7c4</run_address>
         <size>0x690</size>
         <alignment>0x4</alignment>
         <input_file_ref idref="fl-8"/>
      </object_component>
      <object_component id="oc-132">
         <name>.text.OLED_DrawRect</name>
         <load_address>0xe54</load_address>
         <readonly>true</readonly>
         <executable>true</executable>
         <run_address>0xe54</run_address>
         <size>0x59c</size>
         <alignment>0x4</alignment>
         <input_file_ref idref="fl-7"/>
      </object_component>
      <object_component id="oc-a3">
         <name>.text.OLED_Init</name>
         <load_address>0x13f0</load_address>
         <readonly>true</readonly>
         <executable>true</executable>
         <run_address>0x13f0</run_address>
         <size>0x438</size>
         <alignment>0x4</alignment>
         <input_file_ref idref="fl-7"/>
      </object_component>
      <object_component id="oc-83">
         <name>.text.main</name>
         <load_address>0x1828</load_address>
         <readonly>true</readonly>
         <executable>true</executable>
         <run_address>0x1828</run_address>
         <size>0x3d4</size>
         <alignment>0x4</alignment>
         <input_file_ref idref="fl-6"/>
      </object_component>
      <object_component id="oc-c0">
         <name>.text.tetris_tick</name>
         <load_address>0x1bfc</load_address>
         <readonly>true</readonly>
         <executable>true</executable>
         <run_address>0x1bfc</run_address>
         <size>0x3c8</size>
         <alignment>0x4</alignment>
         <input_file_ref idref="fl-8"/>
      </object_component>
      <object_component id="oc-bb">
         <name>.text.platformer_tick</name>
         <load_address>0x1fc4</load_address>
         <readonly>true</readonly>
         <executable>true</executable>
         <run_address>0x1fc4</run_address>
         <size>0x350</size>
         <alignment>0x4</alignment>
         <input_file_ref idref="fl-4"/>
      </object_component>
      <object_component id="oc-130">
         <name>.text.do_lock</name>
         <load_address>0x2314</load_address>
         <readonly>true</readonly>
         <executable>true</executable>
         <run_address>0x2314</run_address>
         <size>0x240</size>
         <alignment>0x4</alignment>
         <input_file_ref idref="fl-8"/>
      </object_component>
      <object_component id="oc-c4">
         <name>.text.game2p_tick</name>
         <load_address>0x2554</load_address>
         <readonly>true</readonly>
         <executable>true</executable>
         <run_address>0x2554</run_address>
         <size>0x230</size>
         <alignment>0x4</alignment>
         <input_file_ref idref="fl-4"/>
      </object_component>
      <object_component id="oc-155">
         <name>.text.OLED_DrawChar</name>
         <load_address>0x2784</load_address>
         <readonly>true</readonly>
         <executable>true</executable>
         <run_address>0x2784</run_address>
         <size>0x208</size>
         <alignment>0x4</alignment>
         <input_file_ref idref="fl-7"/>
      </object_component>
      <object_component id="oc-be">
         <name>.text.game_tick</name>
         <load_address>0x298c</load_address>
         <readonly>true</readonly>
         <executable>true</executable>
         <run_address>0x298c</run_address>
         <size>0x190</size>
         <alignment>0x4</alignment>
         <input_file_ref idref="fl-4"/>
      </object_component>
      <object_component id="oc-ca">
         <name>.text.OLED_Flush</name>
         <load_address>0x2b1c</load_address>
         <readonly>true</readonly>
         <executable>true</executable>
         <run_address>0x2b1c</run_address>
         <size>0x18c</size>
         <alignment>0x4</alignment>
         <input_file_ref idref="fl-7"/>
      </object_component>
      <object_component id="oc-c5">
         <name>.text.game2p_render</name>
         <load_address>0x2ca8</load_address>
         <readonly>true</readonly>
         <executable>true</executable>
         <run_address>0x2ca8</run_address>
         <size>0x18c</size>
         <alignment>0x4</alignment>
         <input_file_ref idref="fl-4"/>
      </object_component>
      <object_component id="oc-149">
         <name>.text.OLED_DrawVLine</name>
         <load_address>0x2e34</load_address>
         <readonly>true</readonly>
         <executable>true</executable>
         <run_address>0x2e34</run_address>
         <size>0x178</size>
         <alignment>0x4</alignment>
         <input_file_ref idref="fl-7"/>
      </object_component>
      <object_component id="oc-c3">
         <name>.text.draw_button_test</name>
         <load_address>0x2fac</load_address>
         <readonly>true</readonly>
         <executable>true</executable>
         <run_address>0x2fac</run_address>
         <size>0x178</size>
         <alignment>0x4</alignment>
         <input_file_ref idref="fl-6"/>
      </object_component>
      <object_component id="oc-11e">
         <name>.text.OLED_FillRect</name>
         <load_address>0x3124</load_address>
         <readonly>true</readonly>
         <executable>true</executable>
         <run_address>0x3124</run_address>
         <size>0x170</size>
         <alignment>0x4</alignment>
         <input_file_ref idref="fl-7"/>
      </object_component>
      <object_component id="oc-bf">
         <name>.text.game_render</name>
         <load_address>0x3294</load_address>
         <readonly>true</readonly>
         <executable>true</executable>
         <run_address>0x3294</run_address>
         <size>0x170</size>
         <alignment>0x4</alignment>
         <input_file_ref idref="fl-4"/>
      </object_component>
      <object_component id="oc-34">
         <name>.text.SysTick_Handler</name>
         <load_address>0x3404</load_address>
         <readonly>true</readonly>
         <executable>true</executable>
         <run_address>0x3404</run_address>
         <size>0x13c</size>
         <alignment>0x4</alignment>
         <input_file_ref idref="fl-1"/>
      </object_component>
      <object_component id="oc-128">
         <name>.text.OLED_DrawHLine</name>
         <load_address>0x3540</load_address>
         <readonly>true</readonly>
         <executable>true</executable>
         <run_address>0x3540</run_address>
         <size>0x138</size>
         <alignment>0x4</alignment>
         <input_file_ref idref="fl-7"/>
      </object_component>
      <object_component id="oc-c6">
         <name>.text.draw_main_menu</name>
         <load_address>0x3678</load_address>
         <readonly>true</readonly>
         <executable>true</executable>
         <run_address>0x3678</run_address>
         <size>0x114</size>
         <alignment>0x4</alignment>
         <input_file_ref idref="fl-6"/>
      </object_component>
      <object_component id="oc-173">
         <name>.text.DL_Timer_initTimerMode</name>
         <load_address>0x378c</load_address>
         <readonly>true</readonly>
         <executable>true</executable>
         <run_address>0x378c</run_address>
         <size>0xfc</size>
         <alignment>0x4</alignment>
         <input_file_ref idref="fl-19"/>
      </object_component>
      <object_component id="oc-af">
         <name>.text.tetris_init</name>
         <load_address>0x3888</load_address>
         <readonly>true</readonly>
         <executable>true</executable>
         <run_address>0x3888</run_address>
         <size>0xbc</size>
         <alignment>0x4</alignment>
         <input_file_ref idref="fl-8"/>
      </object_component>
      <object_component id="oc-b6">
         <name>.text.jingle_tick</name>
         <load_address>0x3944</load_address>
         <readonly>true</readonly>
         <executable>true</executable>
         <run_address>0x3944</run_address>
         <size>0xb8</size>
         <alignment>0x4</alignment>
         <input_file_ref idref="fl-1"/>
      </object_component>
      <object_component id="oc-10f">
         <name>.text.collides</name>
         <load_address>0x39fc</load_address>
         <readonly>true</readonly>
         <executable>true</executable>
         <run_address>0x39fc</run_address>
         <size>0xac</size>
         <alignment>0x4</alignment>
         <input_file_ref idref="fl-8"/>
      </object_component>
      <object_component id="oc-156">
         <name>.text.DL_RTC_Common_initCalendar</name>
         <load_address>0x3aa8</load_address>
         <readonly>true</readonly>
         <executable>true</executable>
         <run_address>0x3aa8</run_address>
         <size>0xa4</size>
         <alignment>0x4</alignment>
         <input_file_ref idref="fl-17"/>
      </object_component>
      <object_component id="oc-99">
         <name>.text:memcpy</name>
         <load_address>0x3b4c</load_address>
         <readonly>true</readonly>
         <executable>true</executable>
         <run_address>0x3b4c</run_address>
         <size>0x9a</size>
         <alignment>0x1</alignment>
         <input_file_ref idref="fl-e0"/>
      </object_component>
      <object_component id="oc-33">
         <name>.text.Default_Handler</name>
         <load_address>0x3be6</load_address>
         <readonly>true</readonly>
         <executable>true</executable>
         <run_address>0x3be6</run_address>
         <size>0x2</size>
         <alignment>0x2</alignment>
         <input_file_ref idref="fl-3"/>
      </object_component>
      <object_component id="oc-c1">
         <name>.text.dispatch_tetris_sfx</name>
         <load_address>0x3be8</load_address>
         <readonly>true</readonly>
         <executable>true</executable>
         <run_address>0x3be8</run_address>
         <size>0x94</size>
         <alignment>0x4</alignment>
         <input_file_ref idref="fl-1"/>
      </object_component>
      <object_component id="oc-fa">
         <name>.text.SYSCFG_DL_GPIO_init</name>
         <load_address>0x3c7c</load_address>
         <readonly>true</readonly>
         <executable>true</executable>
         <run_address>0x3c7c</run_address>
         <size>0x90</size>
         <alignment>0x4</alignment>
         <input_file_ref idref="fl-2"/>
      </object_component>
      <object_component id="oc-109">
         <name>.text.DL_RTC_Common_getCalendarTime</name>
         <load_address>0x3d0c</load_address>
         <readonly>true</readonly>
         <executable>true</executable>
         <run_address>0x3d0c</run_address>
         <size>0x7c</size>
         <alignment>0x4</alignment>
         <input_file_ref idref="fl-17"/>
      </object_component>
      <object_component id="oc-1c">
         <name>.text:decompress:lzss</name>
         <load_address>0x3d88</load_address>
         <readonly>true</readonly>
         <executable>true</executable>
         <run_address>0x3d88</run_address>
         <size>0x7c</size>
         <alignment>0x4</alignment>
         <input_file_ref idref="fl-37"/>
      </object_component>
      <object_component id="oc-c8">
         <name>.text.OLED_DrawString</name>
         <load_address>0x3e04</load_address>
         <readonly>true</readonly>
         <executable>true</executable>
         <run_address>0x3e04</run_address>
         <size>0x70</size>
         <alignment>0x2</alignment>
         <input_file_ref idref="fl-7"/>
      </object_component>
      <object_component id="oc-bc">
         <name>.text.dispatch_game_sfx</name>
         <load_address>0x3e74</load_address>
         <readonly>true</readonly>
         <executable>true</executable>
         <run_address>0x3e74</run_address>
         <size>0x70</size>
         <alignment>0x4</alignment>
         <input_file_ref idref="fl-1"/>
      </object_component>
      <object_component id="oc-f8">
         <name>.text:memset</name>
         <load_address>0x3ee4</load_address>
         <readonly>true</readonly>
         <executable>true</executable>
         <run_address>0x3ee4</run_address>
         <size>0x62</size>
         <alignment>0x1</alignment>
         <input_file_ref idref="fl-e1"/>
      </object_component>
      <object_component id="oc-8e">
         <name>.text.__aeabi_idiv0</name>
         <load_address>0x3f46</load_address>
         <readonly>true</readonly>
         <executable>true</executable>
         <run_address>0x3f46</run_address>
         <size>0x2</size>
         <alignment>0x2</alignment>
         <input_file_ref idref="fl-df"/>
      </object_component>
      <object_component id="oc-b7">
         <name>.text.input_update</name>
         <load_address>0x3f48</load_address>
         <readonly>true</readonly>
         <executable>true</executable>
         <run_address>0x3f48</run_address>
         <size>0x60</size>
         <alignment>0x4</alignment>
         <input_file_ref idref="fl-5"/>
      </object_component>
      <object_component id="oc-b5">
         <name>.text.buzzer_set_music_enabled</name>
         <load_address>0x3fa8</load_address>
         <readonly>true</readonly>
         <executable>true</executable>
         <run_address>0x3fa8</run_address>
         <size>0x58</size>
         <alignment>0x4</alignment>
         <input_file_ref idref="fl-1"/>
      </object_component>
      <object_component id="oc-cb">
         <name>.text.platformer_init</name>
         <load_address>0x4000</load_address>
         <readonly>true</readonly>
         <executable>true</executable>
         <run_address>0x4000</run_address>
         <size>0x54</size>
         <alignment>0x4</alignment>
         <input_file_ref idref="fl-4"/>
      </object_component>
      <object_component id="oc-fe">
         <name>.text.SYSCFG_DL_SPI_0_init</name>
         <load_address>0x4054</load_address>
         <readonly>true</readonly>
         <executable>true</executable>
         <run_address>0x4054</run_address>
         <size>0x4c</size>
         <alignment>0x4</alignment>
         <input_file_ref idref="fl-2"/>
      </object_component>
      <object_component id="oc-f9">
         <name>.text.SYSCFG_DL_initPower</name>
         <load_address>0x40a0</load_address>
         <readonly>true</readonly>
         <executable>true</executable>
         <run_address>0x40a0</run_address>
         <size>0x48</size>
         <alignment>0x4</alignment>
         <input_file_ref idref="fl-2"/>
      </object_component>
      <object_component id="oc-17c">
         <name>.text.DL_SPI_init</name>
         <load_address>0x40e8</load_address>
         <readonly>true</readonly>
         <executable>true</executable>
         <run_address>0x40e8</run_address>
         <size>0x44</size>
         <alignment>0x4</alignment>
         <input_file_ref idref="fl-18"/>
      </object_component>
      <object_component id="oc-fb">
         <name>.text.SYSCFG_DL_SYSCTL_init</name>
         <load_address>0x412c</load_address>
         <readonly>true</readonly>
         <executable>true</executable>
         <run_address>0x412c</run_address>
         <size>0x40</size>
         <alignment>0x4</alignment>
         <input_file_ref idref="fl-2"/>
      </object_component>
      <object_component id="oc-61">
         <name>.text.__aeabi_uidivmod</name>
         <load_address>0x416c</load_address>
         <readonly>true</readonly>
         <executable>true</executable>
         <run_address>0x416c</run_address>
         <size>0x40</size>
         <alignment>0x4</alignment>
         <input_file_ref idref="fl-de"/>
      </object_component>
      <object_component id="oc-a8">
         <name>.text.buzzer_init</name>
         <load_address>0x41ac</load_address>
         <readonly>true</readonly>
         <executable>true</executable>
         <run_address>0x41ac</run_address>
         <size>0x3c</size>
         <alignment>0x4</alignment>
         <input_file_ref idref="fl-1"/>
      </object_component>
      <object_component id="oc-dd">
         <name>.text:__TI_auto_init_nobinit_nopinit</name>
         <load_address>0x41e8</load_address>
         <readonly>true</readonly>
         <executable>true</executable>
         <run_address>0x41e8</run_address>
         <size>0x3c</size>
         <alignment>0x4</alignment>
         <input_file_ref idref="fl-32"/>
      </object_component>
      <object_component id="oc-125">
         <name>.text.OLED_DrawPixel</name>
         <load_address>0x4224</load_address>
         <readonly>true</readonly>
         <executable>true</executable>
         <run_address>0x4224</run_address>
         <size>0x38</size>
         <alignment>0x4</alignment>
         <input_file_ref idref="fl-7"/>
      </object_component>
      <object_component id="oc-fd">
         <name>.text.SYSCFG_DL_TIMER_0_init</name>
         <load_address>0x425c</load_address>
         <readonly>true</readonly>
         <executable>true</executable>
         <run_address>0x425c</run_address>
         <size>0x38</size>
         <alignment>0x4</alignment>
         <input_file_ref idref="fl-2"/>
      </object_component>
      <object_component id="oc-9e">
         <name>.text.SYSCFG_DL_init</name>
         <load_address>0x4294</load_address>
         <readonly>true</readonly>
         <executable>true</executable>
         <run_address>0x4294</run_address>
         <size>0x34</size>
         <alignment>0x4</alignment>
         <input_file_ref idref="fl-2"/>
      </object_component>
      <object_component id="oc-a9">
         <name>.text.game_init</name>
         <load_address>0x42c8</load_address>
         <readonly>true</readonly>
         <executable>true</executable>
         <run_address>0x42c8</run_address>
         <size>0x34</size>
         <alignment>0x4</alignment>
         <input_file_ref idref="fl-4"/>
      </object_component>
      <object_component id="oc-cc">
         <name>.text.game2p_init</name>
         <load_address>0x42fc</load_address>
         <readonly>true</readonly>
         <executable>true</executable>
         <run_address>0x42fc</run_address>
         <size>0x30</size>
         <alignment>0x4</alignment>
         <input_file_ref idref="fl-4"/>
      </object_component>
      <object_component id="oc-181">
         <name>.text.memmove</name>
         <load_address>0x432c</load_address>
         <readonly>true</readonly>
         <executable>true</executable>
         <run_address>0x432c</run_address>
         <size>0x28</size>
         <alignment>0x2</alignment>
         <input_file_ref idref="fl-e2"/>
      </object_component>
      <object_component id="oc-5a">
         <name>.text:_c_int00_noargs</name>
         <load_address>0x4354</load_address>
         <readonly>true</readonly>
         <executable>true</executable>
         <run_address>0x4354</run_address>
         <size>0x28</size>
         <alignment>0x4</alignment>
         <input_file_ref idref="fl-30"/>
      </object_component>
      <object_component id="oc-ff">
         <name>.text.SYSCFG_DL_RTC_init</name>
         <load_address>0x437c</load_address>
         <readonly>true</readonly>
         <executable>true</executable>
         <run_address>0x437c</run_address>
         <size>0x24</size>
         <alignment>0x4</alignment>
         <input_file_ref idref="fl-2"/>
      </object_component>
      <object_component id="oc-16d">
         <name>.text.DL_Timer_setClockConfig</name>
         <load_address>0x43a0</load_address>
         <readonly>true</readonly>
         <executable>true</executable>
         <run_address>0x43a0</run_address>
         <size>0x1c</size>
         <alignment>0x4</alignment>
         <input_file_ref idref="fl-19"/>
      </object_component>
      <object_component id="oc-3a">
         <name>.text.TIMA0_IRQHandler</name>
         <load_address>0x43bc</load_address>
         <readonly>true</readonly>
         <executable>true</executable>
         <run_address>0x43bc</run_address>
         <size>0x1c</size>
         <alignment>0x4</alignment>
         <input_file_ref idref="fl-6"/>
      </object_component>
      <object_component id="oc-c7">
         <name>.text.OLED_Clear</name>
         <load_address>0x43d8</load_address>
         <readonly>true</readonly>
         <executable>true</executable>
         <run_address>0x43d8</run_address>
         <size>0x14</size>
         <alignment>0x4</alignment>
         <input_file_ref idref="fl-7"/>
      </object_component>
      <object_component id="oc-176">
         <name>.text.DL_SPI_setClockConfig</name>
         <load_address>0x43ec</load_address>
         <readonly>true</readonly>
         <executable>true</executable>
         <run_address>0x43ec</run_address>
         <size>0x12</size>
         <alignment>0x2</alignment>
         <input_file_ref idref="fl-18"/>
      </object_component>
      <object_component id="oc-20">
         <name>.text:decompress:none</name>
         <load_address>0x43fe</load_address>
         <readonly>true</readonly>
         <executable>true</executable>
         <run_address>0x43fe</run_address>
         <size>0x12</size>
         <alignment>0x2</alignment>
         <input_file_ref idref="fl-36"/>
      </object_component>
      <object_component id="oc-57">
         <name>.text:decompress:ZI</name>
         <load_address>0x4410</load_address>
         <readonly>true</readonly>
         <executable>true</executable>
         <run_address>0x4410</run_address>
         <size>0x10</size>
         <alignment>0x2</alignment>
         <input_file_ref idref="fl-35"/>
      </object_component>
      <object_component id="oc-7a">
         <name>.text.__aeabi_memclr</name>
         <load_address>0x4420</load_address>
         <readonly>true</readonly>
         <executable>true</executable>
         <run_address>0x4420</run_address>
         <size>0xc</size>
         <alignment>0x4</alignment>
         <input_file_ref idref="fl-dd"/>
      </object_component>
      <object_component id="oc-169">
         <name>.text.DL_Common_delayCycles</name>
         <load_address>0x442c</load_address>
         <readonly>true</readonly>
         <executable>true</executable>
         <run_address>0x442c</run_address>
         <size>0xa</size>
         <alignment>0x2</alignment>
         <input_file_ref idref="fl-16"/>
      </object_component>
      <object_component id="oc-4a">
         <name>.text.__aeabi_memcpy</name>
         <load_address>0x4438</load_address>
         <readonly>true</readonly>
         <executable>true</executable>
         <run_address>0x4438</run_address>
         <size>0x8</size>
         <alignment>0x4</alignment>
         <input_file_ref idref="fl-db"/>
      </object_component>
      <object_component id="oc-12c">
         <name>.text.__aeabi_memmove</name>
         <load_address>0x4440</load_address>
         <readonly>true</readonly>
         <executable>true</executable>
         <run_address>0x4440</run_address>
         <size>0x8</size>
         <alignment>0x4</alignment>
         <input_file_ref idref="fl-dc"/>
      </object_component>
      <object_component id="oc-d6">
         <name>.text:abort</name>
         <load_address>0x4448</load_address>
         <readonly>true</readonly>
         <executable>true</executable>
         <run_address>0x4448</run_address>
         <size>0x6</size>
         <alignment>0x2</alignment>
         <input_file_ref idref="fl-38"/>
      </object_component>
      <object_component id="oc-158">
         <name>.text.HOSTexit</name>
         <load_address>0x444e</load_address>
         <readonly>true</readonly>
         <executable>true</executable>
         <run_address>0x444e</run_address>
         <size>0x4</size>
         <alignment>0x2</alignment>
         <input_file_ref idref="fl-da"/>
      </object_component>
      <object_component id="oc-2f">
         <name>.text.Reset_Handler</name>
         <load_address>0x4452</load_address>
         <readonly>true</readonly>
         <executable>true</executable>
         <run_address>0x4452</run_address>
         <size>0x4</size>
         <alignment>0x2</alignment>
         <input_file_ref idref="fl-3"/>
      </object_component>
      <object_component id="oc-7f">
         <name>.text._system_pre_init</name>
         <load_address>0x4456</load_address>
         <readonly>true</readonly>
         <executable>true</executable>
         <run_address>0x4456</run_address>
         <size>0x4</size>
         <alignment>0x2</alignment>
         <input_file_ref idref="fl-33"/>
      </object_component>
      <object_component id="oc-1dd">
         <name>.cinit..data.load</name>
         <load_address>0x4938</load_address>
         <readonly>true</readonly>
         <run_address>0x4938</run_address>
         <size>0x13</size>
         <alignment>0x1</alignment>
      </object_component>
      <object_component id="oc-1db">
         <name>__TI_handler_table</name>
         <load_address>0x494c</load_address>
         <readonly>true</readonly>
         <run_address>0x494c</run_address>
         <size>0xc</size>
         <alignment>0x4</alignment>
      </object_component>
      <object_component id="oc-1de">
         <name>.cinit..bss.load</name>
         <load_address>0x4958</load_address>
         <readonly>true</readonly>
         <run_address>0x4958</run_address>
         <size>0x8</size>
         <alignment>0x4</alignment>
      </object_component>
      <object_component id="oc-1dc">
         <name>__TI_cinit_table</name>
         <load_address>0x4960</load_address>
         <readonly>true</readonly>
         <run_address>0x4960</run_address>
         <size>0x10</size>
         <alignment>0x4</alignment>
      </object_component>
      <object_component id="oc-186">
         <name>.rodata.font5x7</name>
         <load_address>0x4460</load_address>
         <readonly>true</readonly>
         <run_address>0x4460</run_address>
         <size>0x1db</size>
         <alignment>0x1</alignment>
         <input_file_ref idref="fl-7"/>
      </object_component>
      <object_component id="oc-13a">
         <name>.rodata.pieces</name>
         <load_address>0x463b</load_address>
         <readonly>true</readonly>
         <run_address>0x463b</run_address>
         <size>0xe0</size>
         <alignment>0x1</alignment>
         <input_file_ref idref="fl-8"/>
      </object_component>
      <object_component id="oc-68">
         <name>.rodata.menu_song</name>
         <load_address>0x471c</load_address>
         <readonly>true</readonly>
         <run_address>0x471c</run_address>
         <size>0x40</size>
         <alignment>0x2</alignment>
         <input_file_ref idref="fl-1"/>
      </object_component>
      <object_component id="oc-117">
         <name>.rodata.tetris_fail_jingle</name>
         <load_address>0x475c</load_address>
         <readonly>true</readonly>
         <run_address>0x475c</run_address>
         <size>0x18</size>
         <alignment>0x2</alignment>
         <input_file_ref idref="fl-1"/>
      </object_component>
      <object_component id="oc-175">
         <name>.rodata.gTIMER_0TimerConfig</name>
         <load_address>0x4774</load_address>
         <readonly>true</readonly>
         <run_address>0x4774</run_address>
         <size>0x14</size>
         <alignment>0x4</alignment>
         <input_file_ref idref="fl-2"/>
      </object_component>
      <object_component id="oc-115">
         <name>.rodata.gameover_jingle</name>
         <load_address>0x4788</load_address>
         <readonly>true</readonly>
         <run_address>0x4788</run_address>
         <size>0x14</size>
         <alignment>0x2</alignment>
         <input_file_ref idref="fl-1"/>
      </object_component>
      <object_component id="oc-135">
         <name>.rodata.str1.3890680804621497596.1</name>
         <load_address>0x479c</load_address>
         <readonly>true</readonly>
         <run_address>0x479c</run_address>
         <size>0x12</size>
         <alignment>0x1</alignment>
         <input_file_ref idref="fl-8"/>
      </object_component>
      <object_component id="oc-120">
         <name>.rodata.str1.2833202390838679115.1</name>
         <load_address>0x47ae</load_address>
         <readonly>true</readonly>
         <run_address>0x47ae</run_address>
         <size>0x10</size>
         <alignment>0x1</alignment>
         <input_file_ref idref="fl-4"/>
      </object_component>
      <object_component id="oc-121">
         <name>.rodata.str1.2948333331212218117.1</name>
         <load_address>0x47be</load_address>
         <readonly>true</readonly>
         <run_address>0x47be</run_address>
         <size>0x10</size>
         <alignment>0x1</alignment>
         <input_file_ref idref="fl-4"/>
      </object_component>
      <object_component id="oc-134">
         <name>.rodata.str1.6513745947343010368.1</name>
         <load_address>0x47ce</load_address>
         <readonly>true</readonly>
         <run_address>0x47ce</run_address>
         <size>0x10</size>
         <alignment>0x1</alignment>
         <input_file_ref idref="fl-8"/>
      </object_component>
      <object_component id="oc-127">
         <name>.rodata.str1.8189132184896186292.1</name>
         <load_address>0x47de</load_address>
         <readonly>true</readonly>
         <run_address>0x47de</run_address>
         <size>0xf</size>
         <alignment>0x1</alignment>
         <input_file_ref idref="fl-4"/>
      </object_component>
      <object_component id="oc-14e">
         <name>.rodata.str1.6849864942619857425.1</name>
         <load_address>0x47ed</load_address>
         <readonly>true</readonly>
         <run_address>0x47ed</run_address>
         <size>0xe</size>
         <alignment>0x1</alignment>
         <input_file_ref idref="fl-4"/>
      </object_component>
      <object_component id="oc-139">
         <name>.rodata.str1.6394291721124310681.1</name>
         <load_address>0x47fb</load_address>
         <readonly>true</readonly>
         <run_address>0x47fb</run_address>
         <size>0xd</size>
         <alignment>0x1</alignment>
         <input_file_ref idref="fl-8"/>
      </object_component>
      <object_component id="oc-13e">
         <name>.rodata.str1.12180500075719773345.1</name>
         <load_address>0x4808</load_address>
         <readonly>true</readonly>
         <run_address>0x4808</run_address>
         <size>0xc</size>
         <alignment>0x1</alignment>
         <input_file_ref idref="fl-6"/>
      </object_component>
      <object_component id="oc-154">
         <name>.rodata.str1.14112174005742061988.1</name>
         <load_address>0x4814</load_address>
         <readonly>true</readonly>
         <run_address>0x4814</run_address>
         <size>0xc</size>
         <alignment>0x1</alignment>
         <input_file_ref idref="fl-6"/>
      </object_component>
      <object_component id="oc-116">
         <name>.rodata.tetris_clear_jingle</name>
         <load_address>0x4820</load_address>
         <readonly>true</readonly>
         <run_address>0x4820</run_address>
         <size>0xc</size>
         <alignment>0x2</alignment>
         <input_file_ref idref="fl-1"/>
      </object_component>
      <object_component id="oc-152">
         <name>.rodata.str1.18227636981041470289.1</name>
         <load_address>0x482c</load_address>
         <readonly>true</readonly>
         <run_address>0x482c</run_address>
         <size>0xb</size>
         <alignment>0x1</alignment>
         <input_file_ref idref="fl-6"/>
      </object_component>
      <object_component id="oc-17e">
         <name>.rodata.gSPI_0_config</name>
         <load_address>0x4838</load_address>
         <readonly>true</readonly>
         <run_address>0x4838</run_address>
         <size>0xa</size>
         <alignment>0x2</alignment>
         <input_file_ref idref="fl-2"/>
      </object_component>
      <object_component id="oc-131">
         <name>.rodata.line_scores</name>
         <load_address>0x4842</load_address>
         <readonly>true</readonly>
         <run_address>0x4842</run_address>
         <size>0xa</size>
         <alignment>0x2</alignment>
         <input_file_ref idref="fl-8"/>
      </object_component>
      <object_component id="oc-14f">
         <name>.rodata.str1.15159059442110792349.1</name>
         <load_address>0x484c</load_address>
         <readonly>true</readonly>
         <run_address>0x484c</run_address>
         <size>0xa</size>
         <alignment>0x1</alignment>
         <input_file_ref idref="fl-6"/>
      </object_component>
      <object_component id="oc-137">
         <name>.rodata.str1.2833983880573671193.1</name>
         <load_address>0x4856</load_address>
         <readonly>true</readonly>
         <run_address>0x4856</run_address>
         <size>0xa</size>
         <alignment>0x1</alignment>
         <input_file_ref idref="fl-8"/>
      </object_component>
      <object_component id="oc-129">
         <name>.rodata.str1.6100369776142028819.1</name>
         <load_address>0x4860</load_address>
         <readonly>true</readonly>
         <run_address>0x4860</run_address>
         <size>0xa</size>
         <alignment>0x1</alignment>
         <input_file_ref idref="fl-4"/>
      </object_component>
      <object_component id="oc-148">
         <name>.rodata.str1.8076846746581808073.1</name>
         <load_address>0x486a</load_address>
         <readonly>true</readonly>
         <run_address>0x486a</run_address>
         <size>0xa</size>
         <alignment>0x1</alignment>
         <input_file_ref idref="fl-6"/>
      </object_component>
      <object_component id="oc-d3">
         <name>.rodata.str1.14079361385603432444.1</name>
         <load_address>0x4874</load_address>
         <readonly>true</readonly>
         <run_address>0x4874</run_address>
         <size>0x9</size>
         <alignment>0x1</alignment>
         <input_file_ref idref="fl-6"/>
      </object_component>
      <object_component id="oc-11f">
         <name>.rodata.str1.15395850622484745175.1</name>
         <load_address>0x487d</load_address>
         <readonly>true</readonly>
         <run_address>0x487d</run_address>
         <size>0x9</size>
         <alignment>0x1</alignment>
         <input_file_ref idref="fl-4"/>
      </object_component>
      <object_component id="oc-126">
         <name>.rodata.str1.5545800068125302137.1</name>
         <load_address>0x4886</load_address>
         <readonly>true</readonly>
         <run_address>0x4886</run_address>
         <size>0x9</size>
         <alignment>0x1</alignment>
         <input_file_ref idref="fl-4"/>
      </object_component>
      <object_component id="oc-123">
         <name>.rodata.str1.9806857748358305087.1</name>
         <load_address>0x488f</load_address>
         <readonly>true</readonly>
         <run_address>0x488f</run_address>
         <size>0x9</size>
         <alignment>0x1</alignment>
         <input_file_ref idref="fl-4"/>
      </object_component>
      <object_component id="oc-d5">
         <name>.rodata.str1.10313062130652730376.1</name>
         <load_address>0x4898</load_address>
         <readonly>true</readonly>
         <run_address>0x4898</run_address>
         <size>0x8</size>
         <alignment>0x1</alignment>
         <input_file_ref idref="fl-6"/>
      </object_component>
      <object_component id="oc-14d">
         <name>.rodata.str1.14107836020353751890.1</name>
         <load_address>0x48a0</load_address>
         <readonly>true</readonly>
         <run_address>0x48a0</run_address>
         <size>0x8</size>
         <alignment>0x1</alignment>
         <input_file_ref idref="fl-4"/>
      </object_component>
      <object_component id="oc-151">
         <name>.rodata.str1.17100691992556644108.1</name>
         <load_address>0x48a8</load_address>
         <readonly>true</readonly>
         <run_address>0x48a8</run_address>
         <size>0x8</size>
         <alignment>0x1</alignment>
         <input_file_ref idref="fl-6"/>
      </object_component>
      <object_component id="oc-14c">
         <name>.rodata.str1.17708770684071004443.1</name>
         <load_address>0x48b0</load_address>
         <readonly>true</readonly>
         <run_address>0x48b0</run_address>
         <size>0x8</size>
         <alignment>0x1</alignment>
         <input_file_ref idref="fl-4"/>
      </object_component>
      <object_component id="oc-136">
         <name>.rodata.str1.7224606789491541917.1</name>
         <load_address>0x48b8</load_address>
         <readonly>true</readonly>
         <run_address>0x48b8</run_address>
         <size>0x8</size>
         <alignment>0x1</alignment>
         <input_file_ref idref="fl-8"/>
      </object_component>
      <object_component id="oc-14a">
         <name>.rodata.str1.8357395868762639450.1</name>
         <load_address>0x48c0</load_address>
         <readonly>true</readonly>
         <run_address>0x48c0</run_address>
         <size>0x8</size>
         <alignment>0x1</alignment>
         <input_file_ref idref="fl-4"/>
      </object_component>
      <object_component id="oc-122">
         <name>.rodata.str1.9707769887897754995.1</name>
         <load_address>0x48c8</load_address>
         <readonly>true</readonly>
         <run_address>0x48c8</run_address>
         <size>0x8</size>
         <alignment>0x1</alignment>
         <input_file_ref idref="fl-4"/>
      </object_component>
      <object_component id="oc-14b">
         <name>.rodata.str1.9969844259988889360.1</name>
         <load_address>0x48d0</load_address>
         <readonly>true</readonly>
         <run_address>0x48d0</run_address>
         <size>0x8</size>
         <alignment>0x1</alignment>
         <input_file_ref idref="fl-4"/>
      </object_component>
      <object_component id="oc-138">
         <name>.rodata.str1.1419153356704373736.1</name>
         <load_address>0x48d8</load_address>
         <readonly>true</readonly>
         <run_address>0x48d8</run_address>
         <size>0x7</size>
         <alignment>0x1</alignment>
         <input_file_ref idref="fl-8"/>
      </object_component>
      <object_component id="oc-133">
         <name>.rodata.str1.16261958295483447116.1</name>
         <load_address>0x48df</load_address>
         <readonly>true</readonly>
         <run_address>0x48df</run_address>
         <size>0x7</size>
         <alignment>0x1</alignment>
         <input_file_ref idref="fl-8"/>
      </object_component>
      <object_component id="oc-153">
         <name>.rodata.str1.2846389346932560359.1</name>
         <load_address>0x48e6</load_address>
         <readonly>true</readonly>
         <run_address>0x48e6</run_address>
         <size>0x7</size>
         <alignment>0x1</alignment>
         <input_file_ref idref="fl-6"/>
      </object_component>
      <object_component id="oc-143">
         <name>.rodata.str1.14402440632258215044.1</name>
         <load_address>0x48ed</load_address>
         <readonly>true</readonly>
         <run_address>0x48ed</run_address>
         <size>0x6</size>
         <alignment>0x1</alignment>
         <input_file_ref idref="fl-6"/>
      </object_component>
      <object_component id="oc-12a">
         <name>.rodata.str1.3846330321212824532.1</name>
         <load_address>0x48f3</load_address>
         <readonly>true</readonly>
         <run_address>0x48f3</run_address>
         <size>0x6</size>
         <alignment>0x1</alignment>
         <input_file_ref idref="fl-4"/>
      </object_component>
      <object_component id="oc-124">
         <name>.rodata.str1.6354396994968447843.1</name>
         <load_address>0x48f9</load_address>
         <readonly>true</readonly>
         <run_address>0x48f9</run_address>
         <size>0x6</size>
         <alignment>0x1</alignment>
         <input_file_ref idref="fl-4"/>
      </object_component>
      <object_component id="oc-142">
         <name>.rodata.str1.15996357275703397564.1</name>
         <load_address>0x48ff</load_address>
         <readonly>true</readonly>
         <run_address>0x48ff</run_address>
         <size>0x5</size>
         <alignment>0x1</alignment>
         <input_file_ref idref="fl-6"/>
      </object_component>
      <object_component id="oc-141">
         <name>.rodata.str1.16265332423659789559.1</name>
         <load_address>0x4904</load_address>
         <readonly>true</readonly>
         <run_address>0x4904</run_address>
         <size>0x5</size>
         <alignment>0x1</alignment>
         <input_file_ref idref="fl-6"/>
      </object_component>
      <object_component id="oc-12b">
         <name>.rodata.str1.3989973381034227510.1</name>
         <load_address>0x4909</load_address>
         <readonly>true</readonly>
         <run_address>0x4909</run_address>
         <size>0x5</size>
         <alignment>0x1</alignment>
         <input_file_ref idref="fl-4"/>
      </object_component>
      <object_component id="oc-150">
         <name>.rodata.str1.8154729771448623357.1</name>
         <load_address>0x490e</load_address>
         <readonly>true</readonly>
         <run_address>0x490e</run_address>
         <size>0x5</size>
         <alignment>0x1</alignment>
         <input_file_ref idref="fl-6"/>
      </object_component>
      <object_component id="oc-13b">
         <name>.rodata.str1.1796946245022526014.1</name>
         <load_address>0x4913</load_address>
         <readonly>true</readonly>
         <run_address>0x4913</run_address>
         <size>0x4</size>
         <alignment>0x1</alignment>
         <input_file_ref idref="fl-8"/>
      </object_component>
      <object_component id="oc-13c">
         <name>.rodata.str1.3887725674600554520.1</name>
         <load_address>0x4917</load_address>
         <readonly>true</readonly>
         <run_address>0x4917</run_address>
         <size>0x4</size>
         <alignment>0x1</alignment>
         <input_file_ref idref="fl-8"/>
      </object_component>
      <object_component id="oc-13d">
         <name>.rodata.str1.7815773836292278737.1</name>
         <load_address>0x491b</load_address>
         <readonly>true</readonly>
         <run_address>0x491b</run_address>
         <size>0x4</size>
         <alignment>0x1</alignment>
         <input_file_ref idref="fl-8"/>
      </object_component>
      <object_component id="oc-174">
         <name>.rodata.gTIMER_0ClockConfig</name>
         <load_address>0x491f</load_address>
         <readonly>true</readonly>
         <run_address>0x491f</run_address>
         <size>0x3</size>
         <alignment>0x1</alignment>
         <input_file_ref idref="fl-2"/>
      </object_component>
      <object_component id="oc-d4">
         <name>.rodata.str1.2763581881760962609.1</name>
         <load_address>0x4922</load_address>
         <readonly>true</readonly>
         <run_address>0x4922</run_address>
         <size>0x3</size>
         <alignment>0x1</alignment>
         <input_file_ref idref="fl-6"/>
      </object_component>
      <object_component id="oc-140">
         <name>.rodata.str1.7702501944640899365.1</name>
         <load_address>0x4925</load_address>
         <readonly>true</readonly>
         <run_address>0x4925</run_address>
         <size>0x3</size>
         <alignment>0x1</alignment>
         <input_file_ref idref="fl-6"/>
      </object_component>
      <object_component id="oc-17d">
         <name>.rodata.gSPI_0_clockConfig</name>
         <load_address>0x4928</load_address>
         <readonly>true</readonly>
         <run_address>0x4928</run_address>
         <size>0x2</size>
         <alignment>0x1</alignment>
         <input_file_ref idref="fl-2"/>
      </object_component>
      <object_component id="oc-147">
         <name>.rodata.str1.11870794119293528247.1</name>
         <load_address>0x492a</load_address>
         <readonly>true</readonly>
         <run_address>0x492a</run_address>
         <size>0x2</size>
         <alignment>0x1</alignment>
         <input_file_ref idref="fl-6"/>
      </object_component>
      <object_component id="oc-144">
         <name>.rodata.str1.2123964117280943167.1</name>
         <load_address>0x492c</load_address>
         <readonly>true</readonly>
         <run_address>0x492c</run_address>
         <size>0x2</size>
         <alignment>0x1</alignment>
         <input_file_ref idref="fl-6"/>
      </object_component>
      <object_component id="oc-13f">
         <name>.rodata.str1.288608917962107522.1</name>
         <load_address>0x492e</load_address>
         <readonly>true</readonly>
         <run_address>0x492e</run_address>
         <size>0x2</size>
         <alignment>0x1</alignment>
         <input_file_ref idref="fl-6"/>
      </object_component>
      <object_component id="oc-146">
         <name>.rodata.str1.8108965883388295311.1</name>
         <load_address>0x4930</load_address>
         <readonly>true</readonly>
         <run_address>0x4930</run_address>
         <size>0x2</size>
         <alignment>0x1</alignment>
         <input_file_ref idref="fl-6"/>
      </object_component>
      <object_component id="oc-145">
         <name>.rodata.str1.9059077390166914652.1</name>
         <load_address>0x4932</load_address>
         <readonly>true</readonly>
         <run_address>0x4932</run_address>
         <size>0x2</size>
         <alignment>0x1</alignment>
         <input_file_ref idref="fl-6"/>
      </object_component>
      <object_component id="oc-1a5">
         <name>.binit</name>
         <load_address>0x0</load_address>
         <readonly>true</readonly>
         <run_address>0x0</run_address>
         <size>0x0</size>
         <alignment>0x4</alignment>
      </object_component>
      <object_component id="oc-65">
         <name>.data.buzzer_music_enabled</name>
         <load_address>0x202004f8</load_address>
         <readwrite>true</readwrite>
         <run_address>0x202004f8</run_address>
         <size>0x1</size>
         <alignment>0x1</alignment>
         <input_file_ref idref="fl-1"/>
      </object_component>
      <object_component id="oc-66">
         <name>.data.buzzer_note_ticks_remaining</name>
         <load_address>0x202004e8</load_address>
         <readwrite>true</readwrite>
         <run_address>0x202004e8</run_address>
         <size>0x2</size>
         <alignment>0x2</alignment>
         <input_file_ref idref="fl-1"/>
      </object_component>
      <object_component id="oc-67">
         <name>.data.buzzer_note_index</name>
         <load_address>0x202004f9</load_address>
         <readwrite>true</readwrite>
         <run_address>0x202004f9</run_address>
         <size>0x1</size>
         <alignment>0x1</alignment>
         <input_file_ref idref="fl-1"/>
      </object_component>
      <object_component id="oc-69">
         <name>.data.buzzer_half_period_ticks</name>
         <load_address>0x202004e6</load_address>
         <readwrite>true</readwrite>
         <run_address>0x202004e6</run_address>
         <size>0x2</size>
         <alignment>0x2</alignment>
         <input_file_ref idref="fl-1"/>
      </object_component>
      <object_component id="oc-6b">
         <name>.data.buzzer_pin_on</name>
         <load_address>0x202004fa</load_address>
         <readwrite>true</readwrite>
         <run_address>0x202004fa</run_address>
         <size>0x1</size>
         <alignment>0x1</alignment>
         <input_file_ref idref="fl-1"/>
      </object_component>
      <object_component id="oc-6a">
         <name>.data.buzzer_half_period_counter</name>
         <load_address>0x202004e4</load_address>
         <readwrite>true</readwrite>
         <run_address>0x202004e4</run_address>
         <size>0x2</size>
         <alignment>0x2</alignment>
         <input_file_ref idref="fl-1"/>
      </object_component>
      <object_component id="oc-6c">
         <name>.data.sfx_ticks_remaining</name>
         <load_address>0x202004f2</load_address>
         <readwrite>true</readwrite>
         <run_address>0x202004f2</run_address>
         <size>0x2</size>
         <alignment>0x2</alignment>
         <input_file_ref idref="fl-1"/>
      </object_component>
      <object_component id="oc-6f">
         <name>.data.sfx_pin_on</name>
         <load_address>0x20200503</load_address>
         <readwrite>true</readwrite>
         <run_address>0x20200503</run_address>
         <size>0x1</size>
         <alignment>0x1</alignment>
         <input_file_ref idref="fl-1"/>
      </object_component>
      <object_component id="oc-6d">
         <name>.data.sfx_half_period_ticks</name>
         <load_address>0x202004f0</load_address>
         <readwrite>true</readwrite>
         <run_address>0x202004f0</run_address>
         <size>0x2</size>
         <alignment>0x2</alignment>
         <input_file_ref idref="fl-1"/>
      </object_component>
      <object_component id="oc-6e">
         <name>.data.sfx_half_period_counter</name>
         <load_address>0x202004ee</load_address>
         <readwrite>true</readwrite>
         <run_address>0x202004ee</run_address>
         <size>0x2</size>
         <alignment>0x2</alignment>
         <input_file_ref idref="fl-1"/>
      </object_component>
      <object_component id="oc-114">
         <name>.data.jingle_type</name>
         <load_address>0x202004ff</load_address>
         <readwrite>true</readwrite>
         <run_address>0x202004ff</run_address>
         <size>0x1</size>
         <alignment>0x1</alignment>
         <input_file_ref idref="fl-1"/>
      </object_component>
      <object_component id="oc-118">
         <name>.data.jingle_index</name>
         <load_address>0x202004fd</load_address>
         <readwrite>true</readwrite>
         <run_address>0x202004fd</run_address>
         <size>0x1</size>
         <alignment>0x1</alignment>
         <input_file_ref idref="fl-1"/>
      </object_component>
      <object_component id="oc-113">
         <name>.data.jingle_playing</name>
         <load_address>0x202004fe</load_address>
         <readwrite>true</readwrite>
         <run_address>0x202004fe</run_address>
         <size>0x1</size>
         <alignment>0x1</alignment>
         <input_file_ref idref="fl-1"/>
      </object_component>
      <object_component id="oc-119">
         <name>.data.jingle_done</name>
         <load_address>0x202004fc</load_address>
         <readwrite>true</readwrite>
         <run_address>0x202004fc</run_address>
         <size>0x1</size>
         <alignment>0x1</alignment>
         <input_file_ref idref="fl-1"/>
      </object_component>
      <object_component id="oc-11c">
         <name>.data.s_last_rtc_sec</name>
         <load_address>0x20200501</load_address>
         <readwrite>true</readwrite>
         <run_address>0x20200501</run_address>
         <size>0x1</size>
         <alignment>0x1</alignment>
         <input_file_ref idref="fl-4"/>
      </object_component>
      <object_component id="oc-11d">
         <name>.data.s_subsecond_ticks</name>
         <load_address>0x202004ec</load_address>
         <readwrite>true</readwrite>
         <run_address>0x202004ec</run_address>
         <size>0x2</size>
         <alignment>0x2</alignment>
         <input_file_ref idref="fl-4"/>
      </object_component>
      <object_component id="oc-157">
         <name>.data.s_rtc_init_done</name>
         <load_address>0x20200502</load_address>
         <readwrite>true</readwrite>
         <run_address>0x20200502</run_address>
         <size>0x1</size>
         <alignment>0x1</alignment>
         <input_file_ref idref="fl-4"/>
      </object_component>
      <object_component id="oc-72">
         <name>.data.g_tick</name>
         <load_address>0x202004fb</load_address>
         <readwrite>true</readwrite>
         <run_address>0x202004fb</run_address>
         <size>0x1</size>
         <alignment>0x1</alignment>
         <input_file_ref idref="fl-6"/>
      </object_component>
      <object_component id="oc-ce">
         <name>.data.splash_phase</name>
         <load_address>0x20200506</load_address>
         <readwrite>true</readwrite>
         <run_address>0x20200506</run_address>
         <size>0x1</size>
         <alignment>0x1</alignment>
         <input_file_ref idref="fl-6"/>
      </object_component>
      <object_component id="oc-d2">
         <name>.data.splash_offset</name>
         <load_address>0x202004f4</load_address>
         <readwrite>true</readwrite>
         <run_address>0x202004f4</run_address>
         <size>0x2</size>
         <alignment>0x2</alignment>
         <input_file_ref idref="fl-6"/>
      </object_component>
      <object_component id="oc-d1">
         <name>.data.v1_offset</name>
         <load_address>0x202004f6</load_address>
         <readwrite>true</readwrite>
         <run_address>0x202004f6</run_address>
         <size>0x2</size>
         <alignment>0x2</alignment>
         <input_file_ref idref="fl-6"/>
      </object_component>
      <object_component id="oc-cf">
         <name>.data.splash_blink_timer</name>
         <load_address>0x20200505</load_address>
         <readwrite>true</readwrite>
         <run_address>0x20200505</run_address>
         <size>0x1</size>
         <alignment>0x1</alignment>
         <input_file_ref idref="fl-6"/>
      </object_component>
      <object_component id="oc-d0">
         <name>.data.splash_blink_on</name>
         <load_address>0x20200504</load_address>
         <readwrite>true</readwrite>
         <run_address>0x20200504</run_address>
         <size>0x1</size>
         <alignment>0x1</alignment>
         <input_file_ref idref="fl-6"/>
      </object_component>
      <object_component id="oc-cd">
         <name>.data.p2_start_grace</name>
         <load_address>0x20200500</load_address>
         <readwrite>true</readwrite>
         <run_address>0x20200500</run_address>
         <size>0x1</size>
         <alignment>0x1</alignment>
         <input_file_ref idref="fl-6"/>
      </object_component>
      <object_component id="oc-110">
         <name>.data.rng_state</name>
         <load_address>0x202004ea</load_address>
         <readwrite>true</readwrite>
         <run_address>0x202004ea</run_address>
         <size>0x2</size>
         <alignment>0x2</alignment>
         <input_file_ref idref="fl-8"/>
      </object_component>
      <object_component id="oc-104">
         <name>.bss.fb</name>
         <uninitialized>true</uninitialized>
         <readwrite>true</readwrite>
         <run_address>0x20200000</run_address>
         <size>0x400</size>
         <alignment>0x4</alignment>
         <input_file_ref idref="fl-7"/>
      </object_component>
      <object_component id="oc-100">
         <name>.common:gTIMER_0Backup</name>
         <uninitialized>true</uninitialized>
         <readwrite>true</readwrite>
         <run_address>0x20200400</run_address>
         <size>0xbc</size>
         <alignment>0x4</alignment>
      </object_component>
      <object_component id="oc-101">
         <name>.common:gSPI_0Backup</name>
         <uninitialized>true</uninitialized>
         <readwrite>true</readwrite>
         <run_address>0x202004bc</run_address>
         <size>0x28</size>
         <alignment>0x4</alignment>
      </object_component>
      <object_component id="oc-1a">
         <name>.stack</name>
         <uninitialized>true</uninitialized>
         <readwrite>true</readwrite>
         <run_address>0x20207e00</run_address>
         <size>0x4</size>
         <alignment>0x4</alignment>
         <input_file_ref idref="fl-30"/>
      </object_component>
      <object_component id="oc-1e0">
         <name>.stack</name>
         <uninitialized>true</uninitialized>
         <readwrite>true</readwrite>
         <run_address>0x20207e00</run_address>
         <size>0x0</size>
         <alignment>0x8</alignment>
      </object_component>
      <object_component id="oc-35">
         <name>.debug_loc</name>
         <load_address>0x0</load_address>
         <run_address>0x0</run_address>
         <size>0x1ea</size>
         <alignment>0x1</alignment>
         <input_file_ref idref="fl-1"/>
      </object_component>
      <object_component id="oc-fc">
         <name>.debug_loc</name>
         <load_address>0x1ea</load_address>
         <run_address>0x1ea</run_address>
         <size>0xd3</size>
         <alignment>0x1</alignment>
         <input_file_ref idref="fl-2"/>
      </object_component>
      <object_component id="oc-aa">
         <name>.debug_loc</name>
         <load_address>0x2bd</load_address>
         <run_address>0x2bd</run_address>
         <size>0x13a3</size>
         <alignment>0x1</alignment>
         <input_file_ref idref="fl-4"/>
      </object_component>
      <object_component id="oc-75">
         <name>.debug_loc</name>
         <load_address>0x1660</load_address>
         <run_address>0x1660</run_address>
         <size>0x2a3</size>
         <alignment>0x1</alignment>
         <input_file_ref idref="fl-6"/>
      </object_component>
      <object_component id="oc-c9">
         <name>.debug_loc</name>
         <load_address>0x1903</load_address>
         <run_address>0x1903</run_address>
         <size>0x23b6</size>
         <alignment>0x1</alignment>
         <input_file_ref idref="fl-7"/>
      </object_component>
      <object_component id="oc-b0">
         <name>.debug_loc</name>
         <load_address>0x3cb9</load_address>
         <run_address>0x3cb9</run_address>
         <size>0xc03</size>
         <alignment>0x1</alignment>
         <input_file_ref idref="fl-8"/>
      </object_component>
      <object_component id="oc-194">
         <name>.debug_loc</name>
         <load_address>0x48bc</load_address>
         <run_address>0x48bc</run_address>
         <size>0x13</size>
         <alignment>0x1</alignment>
         <input_file_ref idref="fl-16"/>
      </object_component>
      <object_component id="oc-10a">
         <name>.debug_loc</name>
         <load_address>0x48cf</load_address>
         <run_address>0x48cf</run_address>
         <size>0x45f</size>
         <alignment>0x1</alignment>
         <input_file_ref idref="fl-17"/>
      </object_component>
      <object_component id="oc-177">
         <name>.debug_loc</name>
         <load_address>0x4d2e</load_address>
         <run_address>0x4d2e</run_address>
         <size>0x88e</size>
         <alignment>0x1</alignment>
         <input_file_ref idref="fl-18"/>
      </object_component>
      <object_component id="oc-16e">
         <name>.debug_loc</name>
         <load_address>0x55bc</load_address>
         <run_address>0x55bc</run_address>
         <size>0x1a68</size>
         <alignment>0x1</alignment>
         <input_file_ref idref="fl-19"/>
      </object_component>
      <object_component id="oc-45">
         <name>.debug_loc</name>
         <load_address>0x7024</load_address>
         <run_address>0x7024</run_address>
         <size>0xd8</size>
         <alignment>0x1</alignment>
         <input_file_ref idref="fl-30"/>
      </object_component>
      <object_component id="oc-de">
         <name>.debug_loc</name>
         <load_address>0x70fc</load_address>
         <run_address>0x70fc</run_address>
         <size>0x424</size>
         <alignment>0x1</alignment>
         <input_file_ref idref="fl-32"/>
      </object_component>
      <object_component id="oc-52">
         <name>.debug_loc</name>
         <load_address>0x7520</load_address>
         <run_address>0x7520</run_address>
         <size>0x16c</size>
         <alignment>0x1</alignment>
         <input_file_ref idref="fl-35"/>
      </object_component>
      <object_component id="oc-50">
         <name>.debug_loc</name>
         <load_address>0x768c</load_address>
         <run_address>0x768c</run_address>
         <size>0x6f</size>
         <alignment>0x1</alignment>
         <input_file_ref idref="fl-36"/>
      </object_component>
      <object_component id="oc-48">
         <name>.debug_loc</name>
         <load_address>0x76fb</load_address>
         <run_address>0x76fb</run_address>
         <size>0x167</size>
         <alignment>0x1</alignment>
         <input_file_ref idref="fl-37"/>
      </object_component>
      <object_component id="oc-dc">
         <name>.debug_loc</name>
         <load_address>0x7862</load_address>
         <run_address>0x7862</run_address>
         <size>0x26</size>
         <alignment>0x1</alignment>
         <input_file_ref idref="fl-38"/>
      </object_component>
      <object_component id="oc-f1">
         <name>.debug_loc</name>
         <load_address>0x7888</load_address>
         <run_address>0x7888</run_address>
         <size>0x20</size>
         <alignment>0x1</alignment>
         <input_file_ref idref="fl-df"/>
      </object_component>
      <object_component id="oc-19b">
         <name>.debug_loc</name>
         <load_address>0x78a8</load_address>
         <run_address>0x78a8</run_address>
         <size>0xe6</size>
         <alignment>0x1</alignment>
         <input_file_ref idref="fl-e2"/>
      </object_component>
      <object_component id="oc-70">
         <name>.debug_abbrev</name>
         <load_address>0x0</load_address>
         <run_address>0x0</run_address>
         <size>0x23c</size>
         <alignment>0x1</alignment>
         <input_file_ref idref="fl-1"/>
      </object_component>
      <object_component id="oc-102">
         <name>.debug_abbrev</name>
         <load_address>0x23c</load_address>
         <run_address>0x23c</run_address>
         <size>0x21d</size>
         <alignment>0x1</alignment>
         <input_file_ref idref="fl-2"/>
      </object_component>
      <object_component id="oc-3f">
         <name>.debug_abbrev</name>
         <load_address>0x459</load_address>
         <run_address>0x459</run_address>
         <size>0x6d</size>
         <alignment>0x1</alignment>
         <input_file_ref idref="fl-3"/>
      </object_component>
      <object_component id="oc-107">
         <name>.debug_abbrev</name>
         <load_address>0x4c6</load_address>
         <run_address>0x4c6</run_address>
         <size>0x2a7</size>
         <alignment>0x1</alignment>
         <input_file_ref idref="fl-4"/>
      </object_component>
      <object_component id="oc-11a">
         <name>.debug_abbrev</name>
         <load_address>0x76d</load_address>
         <run_address>0x76d</run_address>
         <size>0x103</size>
         <alignment>0x1</alignment>
         <input_file_ref idref="fl-5"/>
      </object_component>
      <object_component id="oc-73">
         <name>.debug_abbrev</name>
         <load_address>0x870</load_address>
         <run_address>0x870</run_address>
         <size>0x23c</size>
         <alignment>0x1</alignment>
         <input_file_ref idref="fl-6"/>
      </object_component>
      <object_component id="oc-105">
         <name>.debug_abbrev</name>
         <load_address>0xaac</load_address>
         <run_address>0xaac</run_address>
         <size>0x26c</size>
         <alignment>0x1</alignment>
         <input_file_ref idref="fl-7"/>
      </object_component>
      <object_component id="oc-111">
         <name>.debug_abbrev</name>
         <load_address>0xd18</load_address>
         <run_address>0xd18</run_address>
         <size>0x2b9</size>
         <alignment>0x1</alignment>
         <input_file_ref idref="fl-8"/>
      </object_component>
      <object_component id="oc-192">
         <name>.debug_abbrev</name>
         <load_address>0xfd1</load_address>
         <run_address>0xfd1</run_address>
         <size>0x62</size>
         <alignment>0x1</alignment>
         <input_file_ref idref="fl-16"/>
      </object_component>
      <object_component id="oc-17f">
         <name>.debug_abbrev</name>
         <load_address>0x1033</load_address>
         <run_address>0x1033</run_address>
         <size>0x206</size>
         <alignment>0x1</alignment>
         <input_file_ref idref="fl-17"/>
      </object_component>
      <object_component id="oc-197">
         <name>.debug_abbrev</name>
         <load_address>0x1239</load_address>
         <run_address>0x1239</run_address>
         <size>0x277</size>
         <alignment>0x1</alignment>
         <input_file_ref idref="fl-18"/>
      </object_component>
      <object_component id="oc-195">
         <name>.debug_abbrev</name>
         <load_address>0x14b0</load_address>
         <run_address>0x14b0</run_address>
         <size>0x286</size>
         <alignment>0x1</alignment>
         <input_file_ref idref="fl-19"/>
      </object_component>
      <object_component id="oc-41">
         <name>.debug_abbrev</name>
         <load_address>0x1736</load_address>
         <run_address>0x1736</run_address>
         <size>0xaf</size>
         <alignment>0x1</alignment>
         <input_file_ref idref="fl-30"/>
      </object_component>
      <object_component id="oc-162">
         <name>.debug_abbrev</name>
         <load_address>0x17e5</load_address>
         <run_address>0x17e5</run_address>
         <size>0x170</size>
         <alignment>0x1</alignment>
         <input_file_ref idref="fl-32"/>
      </object_component>
      <object_component id="oc-9c">
         <name>.debug_abbrev</name>
         <load_address>0x1955</load_address>
         <run_address>0x1955</run_address>
         <size>0x39</size>
         <alignment>0x1</alignment>
         <input_file_ref idref="fl-33"/>
      </object_component>
      <object_component id="oc-78">
         <name>.debug_abbrev</name>
         <load_address>0x198e</load_address>
         <run_address>0x198e</run_address>
         <size>0xc2</size>
         <alignment>0x1</alignment>
         <input_file_ref idref="fl-35"/>
      </object_component>
      <object_component id="oc-4e">
         <name>.debug_abbrev</name>
         <load_address>0x1a50</load_address>
         <run_address>0x1a50</run_address>
         <size>0x70</size>
         <alignment>0x1</alignment>
         <input_file_ref idref="fl-36"/>
      </object_component>
      <object_component id="oc-46">
         <name>.debug_abbrev</name>
         <load_address>0x1ac0</load_address>
         <run_address>0x1ac0</run_address>
         <size>0x8d</size>
         <alignment>0x1</alignment>
         <input_file_ref idref="fl-37"/>
      </object_component>
      <object_component id="oc-15c">
         <name>.debug_abbrev</name>
         <load_address>0x1b4d</load_address>
         <run_address>0x1b4d</run_address>
         <size>0x98</size>
         <alignment>0x1</alignment>
         <input_file_ref idref="fl-38"/>
      </object_component>
      <object_component id="oc-187">
         <name>.debug_abbrev</name>
         <load_address>0x1be5</load_address>
         <run_address>0x1be5</run_address>
         <size>0x2c</size>
         <alignment>0x1</alignment>
         <input_file_ref idref="fl-da"/>
      </object_component>
      <object_component id="oc-77">
         <name>.debug_abbrev</name>
         <load_address>0x1c11</load_address>
         <run_address>0x1c11</run_address>
         <size>0x27</size>
         <alignment>0x1</alignment>
         <input_file_ref idref="fl-db"/>
      </object_component>
      <object_component id="oc-185">
         <name>.debug_abbrev</name>
         <load_address>0x1c38</load_address>
         <run_address>0x1c38</run_address>
         <size>0x27</size>
         <alignment>0x1</alignment>
         <input_file_ref idref="fl-dc"/>
      </object_component>
      <object_component id="oc-9b">
         <name>.debug_abbrev</name>
         <load_address>0x1c5f</load_address>
         <run_address>0x1c5f</run_address>
         <size>0x25</size>
         <alignment>0x1</alignment>
         <input_file_ref idref="fl-dd"/>
      </object_component>
      <object_component id="oc-93">
         <name>.debug_abbrev</name>
         <load_address>0x1c84</load_address>
         <run_address>0x1c84</run_address>
         <size>0x27</size>
         <alignment>0x1</alignment>
         <input_file_ref idref="fl-de"/>
      </object_component>
      <object_component id="oc-ef">
         <name>.debug_abbrev</name>
         <load_address>0x1cab</load_address>
         <run_address>0x1cab</run_address>
         <size>0x59</size>
         <alignment>0x1</alignment>
         <input_file_ref idref="fl-df"/>
      </object_component>
      <object_component id="oc-f2">
         <name>.debug_abbrev</name>
         <load_address>0x1d04</load_address>
         <run_address>0x1d04</run_address>
         <size>0x25</size>
         <alignment>0x1</alignment>
         <input_file_ref idref="fl-e0"/>
      </object_component>
      <object_component id="oc-168">
         <name>.debug_abbrev</name>
         <load_address>0x1d29</load_address>
         <run_address>0x1d29</run_address>
         <size>0x25</size>
         <alignment>0x1</alignment>
         <input_file_ref idref="fl-e1"/>
      </object_component>
      <object_component id="oc-199">
         <name>.debug_abbrev</name>
         <load_address>0x1d4e</load_address>
         <run_address>0x1d4e</run_address>
         <size>0x7e</size>
         <alignment>0x1</alignment>
         <input_file_ref idref="fl-e2"/>
      </object_component>
      <object_component id="oc-1e2">
         <name>.debug_abbrev</name>
         <load_address>0x1dcc</load_address>
         <run_address>0x1dcc</run_address>
         <size>0xf</size>
         <alignment>0x0</alignment>
      </object_component>
      <object_component id="oc-36">
         <name>.debug_info</name>
[...]
      </handler>
      <handler>
         <index>0x2</index>
         <name>__TI_zero_init</name>
      </handler>
   </handler_table>
   <symbol_table>
      <symbol id="sm-1">
         <name>__start___llvm_prf_cnts</name>
         <value>0x20200000</value>
      </symbol>
      <symbol id="sm-2">
         <name>__stop___llvm_prf_cnts</name>
         <value>0x20200000</value>
      </symbol>
      <symbol id="sm-3">
         <name>__start___llvm_prf_bits</name>
         <value>0x20200000</value>
      </symbol>
      <symbol id="sm-4">
         <name>__stop___llvm_prf_bits</name>
         <value>0x20200000</value>
      </symbol>
      <symbol id="sm-5">
         <name>__TI_CINIT_Base</name>
         <value>0x4960</value>
      </symbol>
      <symbol id="sm-6">
         <name>__TI_CINIT_Limit</name>
         <value>0x4970</value>
      </symbol>
      <symbol id="sm-7">
         <name>__TI_CINIT_Warm</name>
         <value>0x4970</value>
      </symbol>
      <symbol id="sm-8">
         <name>__TI_Handler_Table_Base</name>
         <value>0x494c</value>
      </symbol>
      <symbol id="sm-9">
         <name>__TI_Handler_Table_Limit</name>
         <value>0x4958</value>
      </symbol>
      <symbol id="sm-a">
         <name>binit</name>
         <value>0xffffffff</value>
      </symbol>
      <symbol id="sm-b">
         <name>__binit__</name>
         <value>0xffffffff</value>
      </symbol>
      <symbol id="sm-c">
         <name>__STACK_SIZE</name>
         <value>0x200</value>
      </symbol>
      <symbol id="sm-d">
         <name>__STACK_END</name>
         <value>0x20208000</value>
      </symbol>
      <symbol id="sm-e">
         <name>__TI_pprof_out_hndl</name>
         <value>0xffffffff</value>
      </symbol>
      <symbol id="sm-f">
         <name>__TI_prof_data_start</name>
         <value>0xffffffff</value>
      </symbol>
      <symbol id="sm-10">
         <name>__TI_prof_data_size</name>
         <value>0xffffffff</value>
      </symbol>
      <symbol id="sm-72">
         <name>SysTick_Handler</name>
         <value>0x3405</value>
         <object_component_ref idref="oc-34"/>
      </symbol>
      <symbol id="sm-73">
         <name>buzzer_init</name>
         <value>0x41ad</value>
         <object_component_ref idref="oc-a8"/>
      </symbol>
      <symbol id="sm-74">
         <name>buzzer_set_music_enabled</name>
         <value>0x3fa9</value>
         <object_component_ref idref="oc-b5"/>
      </symbol>
      <symbol id="sm-75">
         <name>dispatch_game_sfx</name>
         <value>0x3e75</value>
         <object_component_ref idref="oc-bc"/>
      </symbol>
      <symbol id="sm-76">
         <name>dispatch_tetris_sfx</name>
         <value>0x3be9</value>
         <object_component_ref idref="oc-c1"/>
      </symbol>
      <symbol id="sm-77">
         <name>jingle_tick</name>
         <value>0x3945</value>
         <object_component_ref idref="oc-b6"/>
      </symbol>
      <symbol id="sm-9c">
         <name>SYSCFG_DL_init</name>
         <value>0x4295</value>
         <object_component_ref idref="oc-9e"/>
      </symbol>
      <symbol id="sm-9d">
         <name>SYSCFG_DL_initPower</name>
         <value>0x40a1</value>
         <object_component_ref idref="oc-f9"/>
      </symbol>
      <symbol id="sm-9e">
         <name>SYSCFG_DL_GPIO_init</name>
         <value>0x3c7d</value>
         <object_component_ref idref="oc-fa"/>
      </symbol>
      <symbol id="sm-9f">
         <name>SYSCFG_DL_SYSCTL_init</name>
         <value>0x412d</value>
         <object_component_ref idref="oc-fb"/>
      </symbol>
      <symbol id="sm-a0">
         <name>SYSCFG_DL_TIMER_0_init</name>
         <value>0x425d</value>
         <object_component_ref idref="oc-fd"/>
      </symbol>
      <symbol id="sm-a1">
         <name>SYSCFG_DL_SPI_0_init</name>
         <value>0x4055</value>
         <object_component_ref idref="oc-fe"/>
      </symbol>
      <symbol id="sm-a2">
         <name>SYSCFG_DL_RTC_init</name>
         <value>0x437d</value>
         <object_component_ref idref="oc-ff"/>
      </symbol>
      <symbol id="sm-a3">
         <name>gTIMER_0Backup</name>
         <value>0x20200400</value>
      </symbol>
      <symbol id="sm-a4">
         <name>gSPI_0Backup</name>
         <value>0x202004bc</value>
      </symbol>
      <symbol id="sm-af">
         <name>Default_Handler</name>
         <value>0x3be7</value>
         <object_component_ref idref="oc-33"/>
      </symbol>
      <symbol id="sm-b0">
         <name>Reset_Handler</name>
         <value>0x4453</value>
         <object_component_ref idref="oc-2f"/>
      </symbol>
      <symbol id="sm-b1">
         <name>interruptVectors</name>
         <value>0x0</value>
         <object_component_ref idref="oc-18"/>
      </symbol>
      <symbol id="sm-b2">
         <name>NMI_Handler</name>
         <value>0x3be7</value>
         <object_component_ref idref="oc-33"/>
      </symbol>
      <symbol id="sm-b3">
         <name>HardFault_Handler</name>
         <value>0x3be7</value>
         <object_component_ref idref="oc-33"/>
      </symbol>
      <symbol id="sm-b4">
         <name>SVC_Handler</name>
         <value>0x3be7</value>
         <object_component_ref idref="oc-33"/>
      </symbol>
      <symbol id="sm-b5">
         <name>PendSV_Handler</name>
         <value>0x3be7</value>
         <object_component_ref idref="oc-33"/>
      </symbol>
      <symbol id="sm-b6">
         <name>GROUP0_IRQHandler</name>
         <value>0x3be7</value>
         <object_component_ref idref="oc-33"/>
      </symbol>
      <symbol id="sm-b7">
         <name>GROUP1_IRQHandler</name>
         <value>0x3be7</value>
         <object_component_ref idref="oc-33"/>
      </symbol>
      <symbol id="sm-b8">
         <name>TIMG8_IRQHandler</name>
         <value>0x3be7</value>
         <object_component_ref idref="oc-33"/>
      </symbol>
      <symbol id="sm-b9">
         <name>UART3_IRQHandler</name>
         <value>0x3be7</value>
         <object_component_ref idref="oc-33"/>
      </symbol>
      <symbol id="sm-ba">
         <name>ADC0_IRQHandler</name>
         <value>0x3be7</value>
         <object_component_ref idref="oc-33"/>
      </symbol>
      <symbol id="sm-bb">
         <name>ADC1_IRQHandler</name>
         <value>0x3be7</value>
         <object_component_ref idref="oc-33"/>
      </symbol>
      <symbol id="sm-bc">
         <name>CANFD0_IRQHandler</name>
         <value>0x3be7</value>
         <object_component_ref idref="oc-33"/>
      </symbol>
      <symbol id="sm-bd">
         <name>DAC0_IRQHandler</name>
         <value>0x3be7</value>
         <object_component_ref idref="oc-33"/>
      </symbol>
      <symbol id="sm-be">
         <name>SPI0_IRQHandler</name>
         <value>0x3be7</value>
         <object_component_ref idref="oc-33"/>
      </symbol>
      <symbol id="sm-bf">
         <name>SPI1_IRQHandler</name>
         <value>0x3be7</value>
         <object_component_ref idref="oc-33"/>
      </symbol>
      <symbol id="sm-c0">
         <name>UART1_IRQHandler</name>
         <value>0x3be7</value>
         <object_component_ref idref="oc-33"/>
      </symbol>
      <symbol id="sm-c1">
         <name>UART2_IRQHandler</name>
         <value>0x3be7</value>
         <object_component_ref idref="oc-33"/>
      </symbol>
      <symbol id="sm-c2">
         <name>UART0_IRQHandler</name>
         <value>0x3be7</value>
         <object_component_ref idref="oc-33"/>
      </symbol>
      <symbol id="sm-c3">
         <name>TIMG0_IRQHandler</name>
         <value>0x3be7</value>
         <object_component_ref idref="oc-33"/>
      </symbol>
      <symbol id="sm-c4">
         <name>TIMG6_IRQHandler</name>
         <value>0x3be7</value>
         <object_component_ref idref="oc-33"/>
      </symbol>
      <symbol id="sm-c5">
         <name>TIMA1_IRQHandler</name>
         <value>0x3be7</value>
         <object_component_ref idref="oc-33"/>
      </symbol>
      <symbol id="sm-c6">
         <name>TIMG7_IRQHandler</name>
         <value>0x3be7</value>
         <object_component_ref idref="oc-33"/>
      </symbol>
      <symbol id="sm-c7">
         <name>TIMG12_IRQHandler</name>
         <value>0x3be7</value>
         <object_component_ref idref="oc-33"/>
      </symbol>
      <symbol id="sm-c8">
         <name>I2C0_IRQHandler</name>
         <value>0x3be7</value>
         <object_component_ref idref="oc-33"/>
      </symbol>
      <symbol id="sm-c9">
         <name>I2C1_IRQHandler</name>
         <value>0x3be7</value>
         <object_component_ref idref="oc-33"/>
      </symbol>
      <symbol id="sm-ca">
         <name>AES_IRQHandler</name>
         <value>0x3be7</value>
         <object_component_ref idref="oc-33"/>
      </symbol>
      <symbol id="sm-cb">
         <name>RTC_IRQHandler</name>
         <value>0x3be7</value>
         <object_component_ref idref="oc-33"/>
      </symbol>
      <symbol id="sm-cc">
         <name>DMA_IRQHandler</name>
         <value>0x3be7</value>
         <object_component_ref idref="oc-33"/>
      </symbol>
      <symbol id="sm-10d">
         <name>game_init</name>
         <value>0x42c9</value>
         <object_component_ref idref="oc-a9"/>
      </symbol>
      <symbol id="sm-10e">
         <name>game2p_init</name>
         <value>0x42fd</value>
         <object_component_ref idref="oc-cc"/>
      </symbol>
      <symbol id="sm-10f">
         <name>game_tick</name>
         <value>0x298d</value>
         <object_component_ref idref="oc-be"/>
      </symbol>
      <symbol id="sm-110">
         <name>game_render</name>
         <value>0x3295</value>
         <object_component_ref idref="oc-bf"/>
      </symbol>
      <symbol id="sm-111">
         <name>game2p_tick</name>
         <value>0x2555</value>
         <object_component_ref idref="oc-c4"/>
      </symbol>
      <symbol id="sm-112">
         <name>game2p_render</name>
         <value>0x2ca9</value>
         <object_component_ref idref="oc-c5"/>
      </symbol>
      <symbol id="sm-113">
         <name>platformer_init</name>
         <value>0x4001</value>
         <object_component_ref idref="oc-cb"/>
      </symbol>
      <symbol id="sm-114">
         <name>platformer_tick</name>
         <value>0x1fc5</value>
         <object_component_ref idref="oc-bb"/>
      </symbol>
      <symbol id="sm-115">
         <name>platformer_render</name>
         <value>0xc1</value>
         <object_component_ref idref="oc-bd"/>
      </symbol>
      <symbol id="sm-11e">
         <name>input_update</name>
         <value>0x3f49</value>
         <object_component_ref idref="oc-b7"/>
      </symbol>
      <symbol id="sm-156">
         <name>draw_main_menu</name>
         <value>0x3679</value>
         <object_component_ref idref="oc-c6"/>
      </symbol>
      <symbol id="sm-157">
         <name>draw_button_test</name>
         <value>0x2fad</value>
         <object_component_ref idref="oc-c3"/>
      </symbol>
      <symbol id="sm-158">
         <name>TIMA0_IRQHandler</name>
         <value>0x43bd</value>
         <object_component_ref idref="oc-3a"/>
      </symbol>
      <symbol id="sm-159">
         <name>g_tick</name>
         <value>0x202004fb</value>
         <object_component_ref idref="oc-72"/>
      </symbol>
      <symbol id="sm-15a">
         <name>main</name>
         <value>0x1829</value>
         <object_component_ref idref="oc-83"/>
      </symbol>
      <symbol id="sm-189">
         <name>OLED_Init</name>
         <value>0x13f1</value>
         <object_component_ref idref="oc-a3"/>
      </symbol>
      <symbol id="sm-18a">
         <name>OLED_Flush</name>
         <value>0x2b1d</value>
         <object_component_ref idref="oc-ca"/>
      </symbol>
      <symbol id="sm-18b">
         <name>OLED_Clear</name>
         <value>0x43d9</value>
         <object_component_ref idref="oc-c7"/>
      </symbol>
      <symbol id="sm-18c">
         <name>OLED_DrawPixel</name>
         <value>0x4225</value>
         <object_component_ref idref="oc-125"/>
      </symbol>
      <symbol id="sm-18d">
         <name>OLED_DrawHLine</name>
         <value>0x3541</value>
         <object_component_ref idref="oc-128"/>
      </symbol>
      <symbol id="sm-18e">
         <name>OLED_DrawVLine</name>
         <value>0x2e35</value>
         <object_component_ref idref="oc-149"/>
      </symbol>
      <symbol id="sm-18f">
         <name>OLED_DrawRect</name>
         <value>0xe55</value>
         <object_component_ref idref="oc-132"/>
      </symbol>
      <symbol id="sm-190">
         <name>OLED_FillRect</name>
         <value>0x3125</value>
         <object_component_ref idref="oc-11e"/>
      </symbol>
      <symbol id="sm-191">
         <name>OLED_DrawChar</name>
         <value>0x2785</value>
         <object_component_ref idref="oc-155"/>
      </symbol>
      <symbol id="sm-192">
         <name>OLED_DrawString</name>
         <value>0x3e05</value>
         <object_component_ref idref="oc-c8"/>
      </symbol>
      <symbol id="sm-1bd">
         <name>tetris_init</name>
         <value>0x3889</value>
         <object_component_ref idref="oc-af"/>
      </symbol>
      <symbol id="sm-1be">
         <name>tetris_tick</name>
         <value>0x1bfd</value>
         <object_component_ref idref="oc-c0"/>
      </symbol>
      <symbol id="sm-1bf">
         <name>tetris_render</name>
         <value>0x7c5</value>
         <object_component_ref idref="oc-c2"/>
      </symbol>
      <symbol id="sm-1c0">
         <name>__TI_ATRegion0_src_addr</name>
         <value>0x0</value>
      </symbol>
      <symbol id="sm-1c1">
         <name>__TI_ATRegion0_trg_addr</name>
         <value>0x0</value>
      </symbol>
      <symbol id="sm-1c2">
         <name>__TI_ATRegion0_region_sz</name>
         <value>0x0</value>
      </symbol>
      <symbol id="sm-1c3">
         <name>__TI_ATRegion1_src_addr</name>
         <value>0x0</value>
      </symbol>
      <symbol id="sm-1c4">
         <name>__TI_ATRegion1_trg_addr</name>
         <value>0x0</value>
      </symbol>
      <symbol id="sm-1c5">
         <name>__TI_ATRegion1_region_sz</name>
         <value>0x0</value>
      </symbol>
      <symbol id="sm-1c6">
         <name>__TI_ATRegion2_src_addr</name>
         <value>0x0</value>
      </symbol>
      <symbol id="sm-1c7">
         <name>__TI_ATRegion2_trg_addr</name>
         <value>0x0</value>
      </symbol>
      <symbol id="sm-1c8">
         <name>__TI_ATRegion2_region_sz</name>
         <value>0x0</value>
      </symbol>
      <symbol id="sm-1d1">
         <name>DL_Common_delayCycles</name>
         <value>0x442d</value>
         <object_component_ref idref="oc-169"/>
      </symbol>
      <symbol id="sm-1df">
         <name>DL_RTC_Common_initCalendar</name>
         <value>0x3aa9</value>
         <object_component_ref idref="oc-156"/>
      </symbol>
      <symbol id="sm-1e0">
         <name>DL_RTC_Common_getCalendarTime</name>
         <value>0x3d0d</value>
         <object_component_ref idref="oc-109"/>
      </symbol>
      <symbol id="sm-1ed">
         <name>DL_SPI_init</name>
         <value>0x40e9</value>
         <object_component_ref idref="oc-17c"/>
      </symbol>
      <symbol id="sm-1ee">
         <name>DL_SPI_setClockConfig</name>
         <value>0x43ed</value>
         <object_component_ref idref="oc-176"/>
      </symbol>
      <symbol id="sm-1fe">
         <name>DL_Timer_setClockConfig</name>
         <value>0x43a1</value>
         <object_component_ref idref="oc-16d"/>
      </symbol>
      <symbol id="sm-1ff">
         <name>DL_Timer_initTimerMode</name>
         <value>0x378d</value>
         <object_component_ref idref="oc-173"/>
      </symbol>
      <symbol id="sm-20a">
         <name>_c_int00_noargs</name>
         <value>0x4355</value>
         <object_component_ref idref="oc-5a"/>
      </symbol>
      <symbol id="sm-20b">
         <name>__stack</name>
         <value>0x20207e00</value>
         <object_component_ref idref="oc-1a"/>
      </symbol>
      <symbol id="sm-217">
         <name>__TI_auto_init_nobinit_nopinit</name>
         <value>0x41e9</value>
         <object_component_ref idref="oc-dd"/>
      </symbol>
      <symbol id="sm-21f">
         <name>_system_pre_init</name>
         <value>0x4457</value>
         <object_component_ref idref="oc-7f"/>
      </symbol>
      <symbol id="sm-22a">
         <name>__TI_zero_init</name>
         <value>0x4411</value>
         <object_component_ref idref="oc-57"/>
      </symbol>
      <symbol id="sm-233">
         <name>__TI_decompress_none</name>
         <value>0x43ff</value>
         <object_component_ref idref="oc-20"/>
      </symbol>
      <symbol id="sm-23e">
         <name>__TI_decompress_lzss</name>
         <value>0x3d89</value>
         <object_component_ref idref="oc-1c"/>
      </symbol>
      <symbol id="sm-248">
         <name>abort</name>
         <value>0x4449</value>
         <object_component_ref idref="oc-d6"/>
      </symbol>
      <symbol id="sm-252">
         <name>HOSTexit</name>
         <value>0x444f</value>
         <object_component_ref idref="oc-158"/>
      </symbol>
      <symbol id="sm-253">
         <name>C$$EXIT</name>
         <value>0x444e</value>
         <object_component_ref idref="oc-158"/>
      </symbol>
      <symbol id="sm-259">
         <name>__aeabi_memcpy</name>
         <value>0x4439</value>
         <object_component_ref idref="oc-4a"/>
      </symbol>
      <symbol id="sm-25a">
         <name>__aeabi_memcpy4</name>
         <value>0x4439</value>
         <object_component_ref idref="oc-4a"/>
      </symbol>
      <symbol id="sm-25b">
         <name>__aeabi_memcpy8</name>
         <value>0x4439</value>
         <object_component_ref idref="oc-4a"/>
      </symbol>
      <symbol id="sm-261">
         <name>__aeabi_memmove</name>
         <value>0x4441</value>
         <object_component_ref idref="oc-12c"/>
      </symbol>
      <symbol id="sm-262">
         <name>__aeabi_memmove4</name>
         <value>0x4441</value>
         <object_component_ref idref="oc-12c"/>
      </symbol>
      <symbol id="sm-263">
         <name>__aeabi_memmove8</name>
         <value>0x4441</value>
         <object_component_ref idref="oc-12c"/>
      </symbol>
      <symbol id="sm-26a">
         <name>__aeabi_memclr</name>
         <value>0x4421</value>
         <object_component_ref idref="oc-7a"/>
      </symbol>
      <symbol id="sm-26b">
         <name>__aeabi_memclr4</name>
         <value>0x4421</value>
         <object_component_ref idref="oc-7a"/>
      </symbol>
      <symbol id="sm-26c">
         <name>__aeabi_memclr8</name>
         <value>0x4421</value>
         <object_component_ref idref="oc-7a"/>
      </symbol>
      <symbol id="sm-272">
         <name>__aeabi_uidiv</name>
         <value>0x416d</value>
         <object_component_ref idref="oc-61"/>
      </symbol>
      <symbol id="sm-273">
         <name>__aeabi_uidivmod</name>
         <value>0x416d</value>
         <object_component_ref idref="oc-61"/>
      </symbol>
      <symbol id="sm-27d">
         <name>__aeabi_idiv0</name>
         <value>0x3f47</value>
         <object_component_ref idref="oc-8e"/>
      </symbol>
      <symbol id="sm-296">
         <name>memcpy</name>
         <value>0x3b4d</value>
         <object_component_ref idref="oc-99"/>
      </symbol>
      <symbol id="sm-2a5">
         <name>memset</name>
         <value>0x3ee5</value>
         <object_component_ref idref="oc-f8"/>
      </symbol>
      <symbol id="sm-2ae">
         <name>memmove</name>
         <value>0x432d</value>
         <object_component_ref idref="oc-181"/>
      </symbol>
      <symbol id="sm-2af">
         <name>__TI_static_base__</name>
         <value>0x0</value>
      </symbol>
      <symbol id="sm-2b2">
         <name>__mpu_init</name>
         <value>0x0</value>
      </symbol>
      <symbol id="sm-2b3">
         <name>_system_post_cinit</name>
         <value>0x0</value>
      </symbol>
   </symbol_table>
   <title>Link successful</title>
</link_info>
