******************************************************************************
            TI ARM Clang Linker Unix v4.0.4                    
******************************************************************************
>> Linked Sat May  2 23:49:49 2026

OUTPUT FILE NAME:   <final project (jm) 2.out>
ENTRY POINT SYMBOL: "_c_int00_noargs"  address: 0000423d


MEMORY CONFIGURATION

         name            origin    length      used     unused   attr    fill
----------------------  --------  ---------  --------  --------  ----  --------
  FLASH                 00000000   00020000  00004860  0001b7a0  R  X
  SRAM                  20200000   00008000  00000703  000078fd  RW X
  BCR_CONFIG            41c00000   000000ff  00000000  000000ff  R   
  BSL_CONFIG            41c00100   00000080  00000000  00000080  R   


SEGMENT ALLOCATION MAP

run origin  load origin   length   init length attrs members
----------  ----------- ---------- ----------- ----- -------
00000000    00000000    00004860   00004860    r-x
  00000000    00000000    000000c0   000000c0    r-- .intvecs
  000000c0    000000c0    00004290   00004290    r-x .text
  00004350    00004350    000004d8   000004d8    r-- .rodata
  00004828    00004828    00000038   00000038    r-- .cinit
20200000    20200000    00000503   00000000    rw-
  20200000    20200000    000004e4   00000000    rw- .bss
  202004e4    202004e4    0000001f   00000000    rw- .data
20207e00    20207e00    00000200   00000000    rw-
  20207e00    20207e00    00000200   00000000    rw- .stack


SECTION ALLOCATION MAP

 output                                  attributes/
section   page    origin      length       input sections
--------  ----  ----------  ----------   ----------------
.intvecs   0    00000000    000000c0     
                  00000000    000000c0     startup_mspm0g350x_ticlang.o (.intvecs)

.text      0    000000c0    00004290     
                  000000c0    00000704     game.o (.text.platformer_render)
                  000007c4    00000690     tetris.o (.text.tetris_render)
                  00000e54    0000059c     oled.o (.text.OLED_DrawRect)
                  000013f0    00000438     oled.o (.text.OLED_Init)
                  00001828    000003f0     main.o (.text.main)
                  00001c18    000003c8     tetris.o (.text.tetris_tick)
                  00001fe0    000002dc     game.o (.text.platformer_tick)
                  000022bc    00000240     tetris.o (.text.do_lock)
                  000024fc    00000230     game.o (.text.game2p_tick)
                  0000272c    00000208     oled.o (.text.OLED_DrawChar)
                  00002934    00000190     game.o (.text.game_tick)
                  00002ac4    0000018c     oled.o (.text.OLED_Flush)
                  00002c50    0000018c     game.o (.text.game2p_render)
                  00002ddc    00000178     oled.o (.text.OLED_DrawVLine)
                  00002f54    00000178     main.o (.text.draw_button_test)
                  000030cc    00000170     oled.o (.text.OLED_FillRect)
                  0000323c    00000170     game.o (.text.game_render)
                  000033ac    0000013c     buzzer.o (.text.SysTick_Handler)
                  000034e8    00000138     oled.o (.text.OLED_DrawHLine)
                  00003620    00000114     main.o (.text.draw_main_menu)
                  00003734    000000fc     driverlib.a : dl_timer.o (.text.DL_Timer_initTimerMode)
                  00003830    000000b8     buzzer.o (.text.jingle_tick)
                  000038e8    000000ac     tetris.o (.text.collides)
                  00003994    000000a4     driverlib.a : dl_rtc_common.o (.text.DL_RTC_Common_initCalendar)
                  00003a38    000000a4     tetris.o (.text.tetris_init)
                  00003adc    0000009a     libc.a : memcpy16.S.obj (.text:memcpy)
                  00003b76    00000002     startup_mspm0g350x_ticlang.o (.text.Default_Handler)
                  00003b78    00000094     buzzer.o (.text.dispatch_tetris_sfx)
                  00003c0c    00000090     ti_msp_dl_config.o (.text.SYSCFG_DL_GPIO_init)
                  00003c9c    0000007c     libc.a : copy_decompress_lzss.c.obj (.text:decompress:lzss)
                  00003d18    00000070     oled.o (.text.OLED_DrawString)
                  00003d88    00000070     buzzer.o (.text.dispatch_game_sfx)
                  00003df8    00000062     libc.a : memset16.S.obj (.text:memset)
                  00003e5a    00000002     libclang_rt.builtins.a : aeabi_div0.c.obj (.text.__aeabi_idiv0)
                  00003e5c    00000060     input.o (.text.input_update)
                  00003ebc    00000058     buzzer.o (.text.buzzer_set_music_enabled)
                  00003f14    0000004c     ti_msp_dl_config.o (.text.SYSCFG_DL_SPI_0_init)
                  00003f60    00000048     ti_msp_dl_config.o (.text.SYSCFG_DL_initPower)
                  00003fa8    00000044     driverlib.a : dl_spi.o (.text.DL_SPI_init)
                  00003fec    00000040     ti_msp_dl_config.o (.text.SYSCFG_DL_SYSCTL_init)
                  0000402c    00000040     libclang_rt.builtins.a : aeabi_uidivmod.S.obj (.text.__aeabi_uidivmod)
                  0000406c    0000003c     buzzer.o (.text.buzzer_init)
                  000040a8    0000003c     libc.a : autoinit.c.obj (.text:__TI_auto_init_nobinit_nopinit)
                  000040e4    00000038     oled.o (.text.OLED_DrawPixel)
                  0000411c    00000038     ti_msp_dl_config.o (.text.SYSCFG_DL_TIMER_0_init)
                  00004154    00000034     ti_msp_dl_config.o (.text.SYSCFG_DL_init)
                  00004188    00000034     game.o (.text.game_init)
                  000041bc    00000030     game.o (.text.game2p_init)
                  000041ec    00000028     libc.a : memmov.c.obj (.text.memmove)
                  00004214    00000028     game.o (.text.platformer_init)
                  0000423c    00000028     libc.a : boot_cortex_m.c.obj (.text:_c_int00_noargs)
                  00004264    00000024     ti_msp_dl_config.o (.text.SYSCFG_DL_RTC_init)
                  00004288    0000001c     driverlib.a : dl_timer.o (.text.DL_Timer_setClockConfig)
                  000042a4    0000001c     main.o (.text.TIMA0_IRQHandler)
                  000042c0    00000014     oled.o (.text.OLED_Clear)
                  000042d4    00000012     driverlib.a : dl_spi.o (.text.DL_SPI_setClockConfig)
                  000042e6    00000012     libc.a : copy_decompress_none.c.obj (.text:decompress:none)
                  000042f8    00000010            : copy_zero_init.c.obj (.text:decompress:ZI)
                  00004308    0000000c     libclang_rt.builtins.a : aeabi_memset.S.obj (.text.__aeabi_memclr)
                  00004314    0000000c     buzzer.o (.text.jingle_finished)
                  00004320    0000000a     driverlib.a : dl_common.o (.text.DL_Common_delayCycles)
                  0000432a    00000002     --HOLE-- [fill = 0]
                  0000432c    00000008     libclang_rt.builtins.a : aeabi_memcpy.S.obj (.text.__aeabi_memcpy)
                  00004334    00000008                            : aeabi_memmove.S.obj (.text.__aeabi_memmove)
                  0000433c    00000006     libc.a : exit.c.obj (.text:abort)
                  00004342    00000004     libsysbm.a : hostexit.c.obj (.text.HOSTexit)
                  00004346    00000004     startup_mspm0g350x_ticlang.o (.text.Reset_Handler)
                  0000434a    00000004     libc.a : pre_init.c.obj (.text._system_pre_init)
                  0000434e    00000002     --HOLE-- [fill = 0]

.cinit     0    00004828    00000038     
                  00004828    00000011     (.cinit..data.load) [load image, compression = lzss]
                  00004839    00000003     --HOLE-- [fill = 0]
                  0000483c    0000000c     (__TI_handler_table)
                  00004848    00000008     (.cinit..bss.load) [load image, compression = zero_init]
                  00004850    00000010     (__TI_cinit_table)

.rodata    0    00004350    000004d8     
                  00004350    000001db     oled.o (.rodata.font5x7)
                  0000452b    000000e0     tetris.o (.rodata.pieces)
                  0000460b    00000001     --HOLE-- [fill = 0]
                  0000460c    00000040     buzzer.o (.rodata.menu_song)
                  0000464c    00000018     buzzer.o (.rodata.tetris_fail_jingle)
                  00004664    00000014     ti_msp_dl_config.o (.rodata.gTIMER_0TimerConfig)
                  00004678    00000014     buzzer.o (.rodata.gameover_jingle)
                  0000468c    00000012     tetris.o (.rodata.str1.3890680804621497596.1)
                  0000469e    00000010     game.o (.rodata.str1.2833202390838679115.1)
                  000046ae    00000010     game.o (.rodata.str1.2948333331212218117.1)
                  000046be    00000010     tetris.o (.rodata.str1.6513745947343010368.1)
                  000046ce    0000000f     game.o (.rodata.str1.8189132184896186292.1)
                  000046dd    0000000e     game.o (.rodata.str1.6849864942619857425.1)
                  000046eb    0000000d     tetris.o (.rodata.str1.6394291721124310681.1)
                  000046f8    0000000c     main.o (.rodata.str1.12180500075719773345.1)
                  00004704    0000000c     main.o (.rodata.str1.14112174005742061988.1)
                  00004710    0000000c     buzzer.o (.rodata.tetris_clear_jingle)
                  0000471c    0000000b     main.o (.rodata.str1.18227636981041470289.1)
                  00004727    00000001     --HOLE-- [fill = 0]
                  00004728    0000000a     ti_msp_dl_config.o (.rodata.gSPI_0_config)
                  00004732    0000000a     tetris.o (.rodata.line_scores)
                  0000473c    0000000a     main.o (.rodata.str1.15159059442110792349.1)
                  00004746    0000000a     tetris.o (.rodata.str1.2833983880573671193.1)
                  00004750    0000000a     game.o (.rodata.str1.6100369776142028819.1)
                  0000475a    0000000a     main.o (.rodata.str1.8076846746581808073.1)
                  00004764    00000009     main.o (.rodata.str1.14079361385603432444.1)
                  0000476d    00000009     game.o (.rodata.str1.15395850622484745175.1)
                  00004776    00000009     game.o (.rodata.str1.5545800068125302137.1)
                  0000477f    00000009     game.o (.rodata.str1.9806857748358305087.1)
                  00004788    00000008     main.o (.rodata.str1.10313062130652730376.1)
                  00004790    00000008     game.o (.rodata.str1.14107836020353751890.1)
                  00004798    00000008     main.o (.rodata.str1.17100691992556644108.1)
                  000047a0    00000008     game.o (.rodata.str1.17708770684071004443.1)
                  000047a8    00000008     tetris.o (.rodata.str1.7224606789491541917.1)
                  000047b0    00000008     game.o (.rodata.str1.8357395868762639450.1)
                  000047b8    00000008     game.o (.rodata.str1.9707769887897754995.1)
                  000047c0    00000008     game.o (.rodata.str1.9969844259988889360.1)
                  000047c8    00000007     tetris.o (.rodata.str1.1419153356704373736.1)
                  000047cf    00000007     tetris.o (.rodata.str1.16261958295483447116.1)
                  000047d6    00000007     main.o (.rodata.str1.2846389346932560359.1)
                  000047dd    00000006     main.o (.rodata.str1.14402440632258215044.1)
                  000047e3    00000006     game.o (.rodata.str1.3846330321212824532.1)
                  000047e9    00000006     game.o (.rodata.str1.6354396994968447843.1)
                  000047ef    00000005     main.o (.rodata.str1.15996357275703397564.1)
                  000047f4    00000005     main.o (.rodata.str1.16265332423659789559.1)
                  000047f9    00000005     game.o (.rodata.str1.3989973381034227510.1)
                  000047fe    00000005     main.o (.rodata.str1.8154729771448623357.1)
                  00004803    00000004     tetris.o (.rodata.str1.1796946245022526014.1)
                  00004807    00000004     tetris.o (.rodata.str1.3887725674600554520.1)
                  0000480b    00000004     tetris.o (.rodata.str1.7815773836292278737.1)
                  0000480f    00000003     ti_msp_dl_config.o (.rodata.gTIMER_0ClockConfig)
                  00004812    00000003     main.o (.rodata.str1.2763581881760962609.1)
                  00004815    00000003     main.o (.rodata.str1.7702501944640899365.1)
                  00004818    00000002     ti_msp_dl_config.o (.rodata.gSPI_0_clockConfig)
                  0000481a    00000002     main.o (.rodata.str1.11870794119293528247.1)
                  0000481c    00000002     main.o (.rodata.str1.2123964117280943167.1)
                  0000481e    00000002     main.o (.rodata.str1.288608917962107522.1)
                  00004820    00000002     main.o (.rodata.str1.8108965883388295311.1)
                  00004822    00000002     main.o (.rodata.str1.9059077390166914652.1)
                  00004824    00000004     --HOLE-- [fill = 0]

.init_array 
*          0    00000000    00000000     UNINITIALIZED

.binit     0    00000000    00000000     

.bss       0    20200000    000004e4     UNINITIALIZED
                  20200000    00000400     oled.o (.bss.fb)
                  20200400    000000bc     (.common:gTIMER_0Backup)
                  202004bc    00000028     (.common:gSPI_0Backup)

.data      0    202004e4    0000001f     UNINITIALIZED
                  202004e4    00000002     buzzer.o (.data.buzzer_half_period_counter)
                  202004e6    00000002     buzzer.o (.data.buzzer_half_period_ticks)
                  202004e8    00000002     buzzer.o (.data.buzzer_note_ticks_remaining)
                  202004ea    00000002     tetris.o (.data.rng_state)
                  202004ec    00000002     buzzer.o (.data.sfx_half_period_counter)
                  202004ee    00000002     buzzer.o (.data.sfx_half_period_ticks)
                  202004f0    00000002     buzzer.o (.data.sfx_ticks_remaining)
                  202004f2    00000002     main.o (.data.splash_offset)
                  202004f4    00000002     main.o (.data.v1_offset)
                  202004f6    00000001     buzzer.o (.data.buzzer_music_enabled)
                  202004f7    00000001     buzzer.o (.data.buzzer_note_index)
                  202004f8    00000001     buzzer.o (.data.buzzer_pin_on)
                  202004f9    00000001     main.o (.data.g_tick)
                  202004fa    00000001     buzzer.o (.data.jingle_done)
                  202004fb    00000001     buzzer.o (.data.jingle_index)
                  202004fc    00000001     buzzer.o (.data.jingle_playing)
                  202004fd    00000001     buzzer.o (.data.jingle_type)
                  202004fe    00000001     buzzer.o (.data.sfx_pin_on)
                  202004ff    00000001     main.o (.data.splash_blink_on)
                  20200500    00000001     main.o (.data.splash_blink_timer)
                  20200501    00000001     main.o (.data.splash_phase)
                  20200502    00000001     main.o (.data.tetris_failing)

.stack     0    20207e00    00000200     UNINITIALIZED
                  20207e00    00000004     libc.a : boot_cortex_m.c.obj (.stack)
                  20207e04    000001fc     --HOLE--

__llvm_prf_cnts 
*          0    20200000    00000000     UNINITIALIZED

__llvm_prf_bits 
*          0    20200000    00000000     UNINITIALIZED

MODULE SUMMARY

       Module                         code    ro data   rw data
       ------                         ----    -------   -------
    ./
       oled.o                         4676    475       1024   
       game.o                         4392    155       0      
       tetris.o                       3560    325       2      
       main.o                         1688    124       9      
       buzzer.o                       920     120       20     
       ti_msp_dl_config.o             500     35        228    
       startup_mspm0g350x_ticlang.o   6       192       0      
       input.o                        96      0         0      
    +--+------------------------------+-------+---------+---------+
       Total:                         15838   1426      1283   
                                                               
    /Applications/ti/ccs2041/ccs/tools/compiler/ti-cgt-armllvm_4.0.4.LTS/lib/armv6m-ti-none-eabi/c/libc.a
       memcpy16.S.obj                 154     0         0      
       copy_decompress_lzss.c.obj     124     0         0      
       memset16.S.obj                 98      0         0      
       autoinit.c.obj                 60      0         0      
       boot_cortex_m.c.obj            40      0         0      
       memmov.c.obj                   40      0         0      
       copy_decompress_none.c.obj     18      0         0      
       copy_zero_init.c.obj           16      0         0      
       exit.c.obj                     6       0         0      
       pre_init.c.obj                 4       0         0      
    +--+------------------------------+-------+---------+---------+
       Total:                         560     0         0      
                                                               
    /Applications/ti/ccs2041/ccs/tools/compiler/ti-cgt-armllvm_4.0.4.LTS/lib/armv6m-ti-none-eabi/c/libsysbm.a
       hostexit.c.obj                 4       0         0      
    +--+------------------------------+-------+---------+---------+
       Total:                         4       0         0      
                                                               
    /Applications/ti/ccs2041/ccs/tools/compiler/ti-cgt-armllvm_4.0.4.LTS/lib/armv6m-ti-none-eabi/libclang_rt.builtins.a
       aeabi_uidivmod.S.obj           64      0         0      
       aeabi_memset.S.obj             12      0         0      
       aeabi_memcpy.S.obj             8       0         0      
       aeabi_memmove.S.obj            8       0         0      
       aeabi_div0.c.obj               2       0         0      
    +--+------------------------------+-------+---------+---------+
       Total:                         94      0         0      
                                                               
    /Users/macs/ti/mspm0_sdk_2_10_00_04/source/ti/driverlib/lib/ticlang/m0p/mspm0g1x0x_g3x0x/driverlib.a
       dl_timer.o                     280     0         0      
       dl_rtc_common.o                164     0         0      
       dl_spi.o                       86      0         0      
       dl_common.o                    10      0         0      
    +--+------------------------------+-------+---------+---------+
       Total:                         540     0         0      
                                                               
       Stack:                         0       0         512    
       Linker Generated:              0       53        0      
    +--+------------------------------+-------+---------+---------+
       Grand Total:                   17036   1479      1795   


LINKER GENERATED COPY TABLES

__TI_cinit_table @ 00004850 records: 2, size/record: 8, table size: 16
	.data: load addr=00004828, load size=00000011 bytes, run addr=202004e4, run size=0000001f bytes, compression=lzss
	.bss: load addr=00004848, load size=00000008 bytes, run addr=20200000, run size=000004e4 bytes, compression=zero_init


LINKER GENERATED HANDLER TABLE

__TI_handler_table @ 0000483c records: 3, size/record: 4, table size: 12
	index: 0, handler: __TI_decompress_lzss
	index: 1, handler: __TI_decompress_none
	index: 2, handler: __TI_zero_init


GLOBAL SYMBOLS: SORTED ALPHABETICALLY BY Name 

address   name                          
-------   ----                          
00003b77  ADC0_IRQHandler               
00003b77  ADC1_IRQHandler               
00003b77  AES_IRQHandler                
00004342  C$$EXIT                       
00003b77  CANFD0_IRQHandler             
00003b77  DAC0_IRQHandler               
00004321  DL_Common_delayCycles         
00003995  DL_RTC_Common_initCalendar    
00003fa9  DL_SPI_init                   
000042d5  DL_SPI_setClockConfig         
00003735  DL_Timer_initTimerMode        
00004289  DL_Timer_setClockConfig       
00003b77  DMA_IRQHandler                
00003b77  Default_Handler               
00003b77  GROUP0_IRQHandler             
00003b77  GROUP1_IRQHandler             
00004343  HOSTexit                      
00003b77  HardFault_Handler             
00003b77  I2C0_IRQHandler               
00003b77  I2C1_IRQHandler               
00003b77  NMI_Handler                   
000042c1  OLED_Clear                    
0000272d  OLED_DrawChar                 
000034e9  OLED_DrawHLine                
000040e5  OLED_DrawPixel                
00000e55  OLED_DrawRect                 
00003d19  OLED_DrawString               
00002ddd  OLED_DrawVLine                
000030cd  OLED_FillRect                 
00002ac5  OLED_Flush                    
000013f1  OLED_Init                     
00003b77  PendSV_Handler                
00003b77  RTC_IRQHandler                
00004347  Reset_Handler                 
00003b77  SPI0_IRQHandler               
00003b77  SPI1_IRQHandler               
00003b77  SVC_Handler                   
00003c0d  SYSCFG_DL_GPIO_init           
00004265  SYSCFG_DL_RTC_init            
00003f15  SYSCFG_DL_SPI_0_init          
00003fed  SYSCFG_DL_SYSCTL_init         
0000411d  SYSCFG_DL_TIMER_0_init        
00004155  SYSCFG_DL_init                
00003f61  SYSCFG_DL_initPower           
000033ad  SysTick_Handler               
000042a5  TIMA0_IRQHandler              
00003b77  TIMA1_IRQHandler              
00003b77  TIMG0_IRQHandler              
00003b77  TIMG12_IRQHandler             
00003b77  TIMG6_IRQHandler              
00003b77  TIMG7_IRQHandler              
00003b77  TIMG8_IRQHandler              
00003b77  UART0_IRQHandler              
00003b77  UART1_IRQHandler              
00003b77  UART2_IRQHandler              
00003b77  UART3_IRQHandler              
20208000  __STACK_END                   
00000200  __STACK_SIZE                  
00000000  __TI_ATRegion0_region_sz      
00000000  __TI_ATRegion0_src_addr       
00000000  __TI_ATRegion0_trg_addr       
00000000  __TI_ATRegion1_region_sz      
00000000  __TI_ATRegion1_src_addr       
00000000  __TI_ATRegion1_trg_addr       
00000000  __TI_ATRegion2_region_sz      
00000000  __TI_ATRegion2_src_addr       
00000000  __TI_ATRegion2_trg_addr       
00004850  __TI_CINIT_Base               
00004860  __TI_CINIT_Limit              
00004860  __TI_CINIT_Warm               
0000483c  __TI_Handler_Table_Base       
00004848  __TI_Handler_Table_Limit      
000040a9  __TI_auto_init_nobinit_nopinit
00003c9d  __TI_decompress_lzss          
000042e7  __TI_decompress_none          
ffffffff  __TI_pprof_out_hndl           
ffffffff  __TI_prof_data_size           
ffffffff  __TI_prof_data_start          
00000000  __TI_static_base__            
000042f9  __TI_zero_init                
00003e5b  __aeabi_idiv0                 
00004309  __aeabi_memclr                
00004309  __aeabi_memclr4               
00004309  __aeabi_memclr8               
0000432d  __aeabi_memcpy                
0000432d  __aeabi_memcpy4               
0000432d  __aeabi_memcpy8               
00004335  __aeabi_memmove               
00004335  __aeabi_memmove4              
00004335  __aeabi_memmove8              
0000402d  __aeabi_uidiv                 
0000402d  __aeabi_uidivmod              
ffffffff  __binit__                     
UNDEFED   __mpu_init                    
20207e00  __stack                       
20200000  __start___llvm_prf_bits       
20200000  __start___llvm_prf_cnts       
20200000  __stop___llvm_prf_bits        
20200000  __stop___llvm_prf_cnts        
0000423d  _c_int00_noargs               
UNDEFED   _system_post_cinit            
0000434b  _system_pre_init              
0000433d  abort                         
ffffffff  binit                         
0000406d  buzzer_init                   
00003ebd  buzzer_set_music_enabled      
00003d89  dispatch_game_sfx             
00003b79  dispatch_tetris_sfx           
00002f55  draw_button_test              
00003621  draw_main_menu                
202004bc  gSPI_0Backup                  
20200400  gTIMER_0Backup                
202004f9  g_tick                        
000041bd  game2p_init                   
00002c51  game2p_render                 
000024fd  game2p_tick                   
00004189  game_init                     
0000323d  game_render                   
00002935  game_tick                     
00003e5d  input_update                  
00000000  interruptVectors              
00004315  jingle_finished               
00003831  jingle_tick                   
00001829  main                          
00003add  memcpy                        
000041ed  memmove                       
00003df9  memset                        
00004215  platformer_init               
000000c1  platformer_render             
00001fe1  platformer_tick               
00003a39  tetris_init                   
000007c5  tetris_render                 
00001c19  tetris_tick                   


GLOBAL SYMBOLS: SORTED BY Symbol Address 

address   name                          
-------   ----                          
00000000  __TI_ATRegion0_region_sz      
00000000  __TI_ATRegion0_src_addr       
00000000  __TI_ATRegion0_trg_addr       
00000000  __TI_ATRegion1_region_sz      
00000000  __TI_ATRegion1_src_addr       
00000000  __TI_ATRegion1_trg_addr       
00000000  __TI_ATRegion2_region_sz      
00000000  __TI_ATRegion2_src_addr       
00000000  __TI_ATRegion2_trg_addr       
00000000  __TI_static_base__            
00000000  interruptVectors              
000000c1  platformer_render             
00000200  __STACK_SIZE                  
000007c5  tetris_render                 
00000e55  OLED_DrawRect                 
000013f1  OLED_Init                     
00001829  main                          
00001c19  tetris_tick                   
00001fe1  platformer_tick               
000024fd  game2p_tick                   
0000272d  OLED_DrawChar                 
00002935  game_tick                     
00002ac5  OLED_Flush                    
00002c51  game2p_render                 
00002ddd  OLED_DrawVLine                
00002f55  draw_button_test              
000030cd  OLED_FillRect                 
0000323d  game_render                   
000033ad  SysTick_Handler               
000034e9  OLED_DrawHLine                
00003621  draw_main_menu                
00003735  DL_Timer_initTimerMode        
00003831  jingle_tick                   
00003995  DL_RTC_Common_initCalendar    
00003a39  tetris_init                   
00003add  memcpy                        
00003b77  ADC0_IRQHandler               
00003b77  ADC1_IRQHandler               
00003b77  AES_IRQHandler                
00003b77  CANFD0_IRQHandler             
00003b77  DAC0_IRQHandler               
00003b77  DMA_IRQHandler                
00003b77  Default_Handler               
00003b77  GROUP0_IRQHandler             
00003b77  GROUP1_IRQHandler             
00003b77  HardFault_Handler             
00003b77  I2C0_IRQHandler               
00003b77  I2C1_IRQHandler               
00003b77  NMI_Handler                   
00003b77  PendSV_Handler                
00003b77  RTC_IRQHandler                
00003b77  SPI0_IRQHandler               
00003b77  SPI1_IRQHandler               
00003b77  SVC_Handler                   
00003b77  TIMA1_IRQHandler              
00003b77  TIMG0_IRQHandler              
00003b77  TIMG12_IRQHandler             
00003b77  TIMG6_IRQHandler              
00003b77  TIMG7_IRQHandler              
00003b77  TIMG8_IRQHandler              
00003b77  UART0_IRQHandler              
00003b77  UART1_IRQHandler              
00003b77  UART2_IRQHandler              
00003b77  UART3_IRQHandler              
00003b79  dispatch_tetris_sfx           
00003c0d  SYSCFG_DL_GPIO_init           
00003c9d  __TI_decompress_lzss          
00003d19  OLED_DrawString               
00003d89  dispatch_game_sfx             
00003df9  memset                        
00003e5b  __aeabi_idiv0                 
00003e5d  input_update                  
00003ebd  buzzer_set_music_enabled      
00003f15  SYSCFG_DL_SPI_0_init          
00003f61  SYSCFG_DL_initPower           
00003fa9  DL_SPI_init                   
00003fed  SYSCFG_DL_SYSCTL_init         
0000402d  __aeabi_uidiv                 
0000402d  __aeabi_uidivmod              
0000406d  buzzer_init                   
000040a9  __TI_auto_init_nobinit_nopinit
000040e5  OLED_DrawPixel                
0000411d  SYSCFG_DL_TIMER_0_init        
00004155  SYSCFG_DL_init                
00004189  game_init                     
000041bd  game2p_init                   
000041ed  memmove                       
00004215  platformer_init               
0000423d  _c_int00_noargs               
00004265  SYSCFG_DL_RTC_init            
00004289  DL_Timer_setClockConfig       
000042a5  TIMA0_IRQHandler              
000042c1  OLED_Clear                    
000042d5  DL_SPI_setClockConfig         
000042e7  __TI_decompress_none          
000042f9  __TI_zero_init                
00004309  __aeabi_memclr                
00004309  __aeabi_memclr4               
00004309  __aeabi_memclr8               
00004315  jingle_finished               
00004321  DL_Common_delayCycles         
0000432d  __aeabi_memcpy                
0000432d  __aeabi_memcpy4               
0000432d  __aeabi_memcpy8               
00004335  __aeabi_memmove               
00004335  __aeabi_memmove4              
00004335  __aeabi_memmove8              
0000433d  abort                         
00004342  C$$EXIT                       
00004343  HOSTexit                      
00004347  Reset_Handler                 
0000434b  _system_pre_init              
0000483c  __TI_Handler_Table_Base       
00004848  __TI_Handler_Table_Limit      
00004850  __TI_CINIT_Base               
00004860  __TI_CINIT_Limit              
00004860  __TI_CINIT_Warm               
20200000  __start___llvm_prf_bits       
20200000  __start___llvm_prf_cnts       
20200000  __stop___llvm_prf_bits        
20200000  __stop___llvm_prf_cnts        
20200400  gTIMER_0Backup                
202004bc  gSPI_0Backup                  
202004f9  g_tick                        
20207e00  __stack                       
20208000  __STACK_END                   
ffffffff  __TI_pprof_out_hndl           
ffffffff  __TI_prof_data_size           
ffffffff  __TI_prof_data_start          
ffffffff  __binit__                     
ffffffff  binit                         
UNDEFED   __mpu_init                    
UNDEFED   _system_post_cinit            

[133 symbols]
