******************************************************************************
            TI ARM Clang Linker Unix v4.0.4                    
******************************************************************************
>> Linked Sat May  2 22:34:35 2026

OUTPUT FILE NAME:   <final project (jm).out>
ENTRY POINT SYMBOL: "_c_int00_noargs"  address: 000040dd


MEMORY CONFIGURATION

         name            origin    length      used     unused   attr    fill
----------------------  --------  ---------  --------  --------  ----  --------
  FLASH                 00000000   00020000  000046d0  0001b930  R  X
  SRAM                  20200000   00008000  00000700  00007900  RW X
  BCR_CONFIG            41c00000   000000ff  00000000  000000ff  R   
  BSL_CONFIG            41c00100   00000080  00000000  00000080  R   


SEGMENT ALLOCATION MAP

run origin  load origin   length   init length attrs members
----------  ----------- ---------- ----------- ----- -------
00000000    00000000    000046d0   000046d0    r-x
  00000000    00000000    000000c0   000000c0    r-- .intvecs
  000000c0    000000c0    00004128   00004128    r-x .text
  000041e8    000041e8    000004b0   000004b0    r-- .rodata
  00004698    00004698    00000038   00000038    r-- .cinit
20200000    20200000    00000500   00000000    rw-
  20200000    20200000    000004e4   00000000    rw- .bss
  202004e4    202004e4    0000001c   00000000    rw- .data
20207e00    20207e00    00000200   00000000    rw-
  20207e00    20207e00    00000200   00000000    rw- .stack


SECTION ALLOCATION MAP

 output                                  attributes/
section   page    origin      length       input sections
--------  ----  ----------  ----------   ----------------
.intvecs   0    00000000    000000c0     
                  00000000    000000c0     startup_mspm0g350x_ticlang.o (.intvecs)

.text      0    000000c0    00004128     
                  000000c0    00000704     game.o (.text.platformer_render)
                  000007c4    00000690     tetris.o (.text.tetris_render)
                  00000e54    0000059c     oled.o (.text.OLED_DrawRect)
                  000013f0    00000438     oled.o (.text.OLED_Init)
                  00001828    000003ac     tetris.o (.text.tetris_tick)
                  00001bd4    00000390     main.o (.text.main)
                  00001f64    000002dc     game.o (.text.platformer_tick)
                  00002240    00000238     tetris.o (.text.do_lock)
                  00002478    00000230     game.o (.text.game2p_tick)
                  000026a8    00000208     oled.o (.text.OLED_DrawChar)
                  000028b0    00000190     game.o (.text.game_tick)
                  00002a40    0000018c     oled.o (.text.OLED_Flush)
                  00002bcc    0000018c     game.o (.text.game2p_render)
                  00002d58    00000178     oled.o (.text.OLED_DrawVLine)
                  00002ed0    00000178     main.o (.text.draw_button_test)
                  00003048    00000170     oled.o (.text.OLED_FillRect)
                  000031b8    00000170     game.o (.text.game_render)
                  00003328    0000013c     buzzer.o (.text.SysTick_Handler)
                  00003464    00000138     oled.o (.text.OLED_DrawHLine)
                  0000359c    00000114     main.o (.text.draw_main_menu)
                  000036b0    000000fc     driverlib.a : dl_timer.o (.text.DL_Timer_initTimerMode)
                  000037ac    000000ac     tetris.o (.text.collides)
                  00003858    000000a4     driverlib.a : dl_rtc_common.o (.text.DL_RTC_Common_initCalendar)
                  000038fc    000000a0     tetris.o (.text.tetris_init)
                  0000399c    0000009a     libc.a : memcpy16.S.obj (.text:memcpy)
                  00003a36    00000002     startup_mspm0g350x_ticlang.o (.text.Default_Handler)
                  00003a38    00000090     ti_msp_dl_config.o (.text.SYSCFG_DL_GPIO_init)
                  00003ac8    00000088     buzzer.o (.text.jingle_tick)
                  00003b50    0000007c     libc.a : copy_decompress_lzss.c.obj (.text:decompress:lzss)
                  00003bcc    00000070     oled.o (.text.OLED_DrawString)
                  00003c3c    00000062     libc.a : memset16.S.obj (.text:memset)
                  00003c9e    00000002     libclang_rt.builtins.a : aeabi_div0.c.obj (.text.__aeabi_idiv0)
                  00003ca0    00000060     input.o (.text.input_update)
                  00003d00    0000005c     buzzer.o (.text.dispatch_game_sfx)
                  00003d5c    00000058     buzzer.o (.text.buzzer_set_music_enabled)
                  00003db4    0000004c     ti_msp_dl_config.o (.text.SYSCFG_DL_SPI_0_init)
                  00003e00    00000048     ti_msp_dl_config.o (.text.SYSCFG_DL_initPower)
                  00003e48    00000044     driverlib.a : dl_spi.o (.text.DL_SPI_init)
                  00003e8c    00000040     ti_msp_dl_config.o (.text.SYSCFG_DL_SYSCTL_init)
                  00003ecc    00000040     libclang_rt.builtins.a : aeabi_uidivmod.S.obj (.text.__aeabi_uidivmod)
                  00003f0c    0000003c     buzzer.o (.text.buzzer_init)
                  00003f48    0000003c     libc.a : autoinit.c.obj (.text:__TI_auto_init_nobinit_nopinit)
                  00003f84    00000038     oled.o (.text.OLED_DrawPixel)
                  00003fbc    00000038     ti_msp_dl_config.o (.text.SYSCFG_DL_TIMER_0_init)
                  00003ff4    00000034     ti_msp_dl_config.o (.text.SYSCFG_DL_init)
                  00004028    00000034     game.o (.text.game_init)
                  0000405c    00000030     game.o (.text.game2p_init)
                  0000408c    00000028     libc.a : memmov.c.obj (.text.memmove)
                  000040b4    00000028     game.o (.text.platformer_init)
                  000040dc    00000028     libc.a : boot_cortex_m.c.obj (.text:_c_int00_noargs)
                  00004104    00000024     ti_msp_dl_config.o (.text.SYSCFG_DL_RTC_init)
                  00004128    0000001c     driverlib.a : dl_timer.o (.text.DL_Timer_setClockConfig)
                  00004144    0000001c     main.o (.text.TIMA0_IRQHandler)
                  00004160    00000014     oled.o (.text.OLED_Clear)
                  00004174    00000012     driverlib.a : dl_spi.o (.text.DL_SPI_setClockConfig)
                  00004186    00000012     libc.a : copy_decompress_none.c.obj (.text:decompress:none)
                  00004198    00000010            : copy_zero_init.c.obj (.text:decompress:ZI)
                  000041a8    0000000c     libclang_rt.builtins.a : aeabi_memset.S.obj (.text.__aeabi_memclr)
                  000041b4    0000000a     driverlib.a : dl_common.o (.text.DL_Common_delayCycles)
                  000041be    00000002     --HOLE-- [fill = 0]
                  000041c0    00000008     libclang_rt.builtins.a : aeabi_memcpy.S.obj (.text.__aeabi_memcpy)
                  000041c8    00000008                            : aeabi_memmove.S.obj (.text.__aeabi_memmove)
                  000041d0    00000006     libc.a : exit.c.obj (.text:abort)
                  000041d6    00000004     libsysbm.a : hostexit.c.obj (.text.HOSTexit)
                  000041da    00000004     startup_mspm0g350x_ticlang.o (.text.Reset_Handler)
                  000041de    00000004     libc.a : pre_init.c.obj (.text._system_pre_init)
                  000041e2    00000006     --HOLE-- [fill = 0]

.cinit     0    00004698    00000038     
                  00004698    00000011     (.cinit..data.load) [load image, compression = lzss]
                  000046a9    00000003     --HOLE-- [fill = 0]
                  000046ac    0000000c     (__TI_handler_table)
                  000046b8    00000008     (.cinit..bss.load) [load image, compression = zero_init]
                  000046c0    00000010     (__TI_cinit_table)

.rodata    0    000041e8    000004b0     
                  000041e8    000001db     oled.o (.rodata.font5x7)
                  000043c3    000000e0     tetris.o (.rodata.pieces)
                  000044a3    00000001     --HOLE-- [fill = 0]
                  000044a4    00000040     buzzer.o (.rodata.menu_song)
                  000044e4    00000014     ti_msp_dl_config.o (.rodata.gTIMER_0TimerConfig)
                  000044f8    00000014     buzzer.o (.rodata.gameover_jingle)
                  0000450c    00000012     tetris.o (.rodata.str1.3890680804621497596.1)
                  0000451e    00000010     game.o (.rodata.str1.2833202390838679115.1)
                  0000452e    00000010     game.o (.rodata.str1.2948333331212218117.1)
                  0000453e    00000010     tetris.o (.rodata.str1.6513745947343010368.1)
                  0000454e    0000000f     game.o (.rodata.str1.8189132184896186292.1)
                  0000455d    0000000e     game.o (.rodata.str1.6849864942619857425.1)
                  0000456b    0000000d     tetris.o (.rodata.str1.6394291721124310681.1)
                  00004578    0000000c     main.o (.rodata.str1.12180500075719773345.1)
                  00004584    0000000c     main.o (.rodata.str1.14112174005742061988.1)
                  00004590    0000000b     main.o (.rodata.str1.18227636981041470289.1)
                  0000459b    00000001     --HOLE-- [fill = 0]
                  0000459c    0000000a     ti_msp_dl_config.o (.rodata.gSPI_0_config)
                  000045a6    0000000a     tetris.o (.rodata.line_scores)
                  000045b0    0000000a     main.o (.rodata.str1.15159059442110792349.1)
                  000045ba    0000000a     tetris.o (.rodata.str1.2833983880573671193.1)
                  000045c4    0000000a     game.o (.rodata.str1.6100369776142028819.1)
                  000045ce    0000000a     main.o (.rodata.str1.8076846746581808073.1)
                  000045d8    00000009     main.o (.rodata.str1.14079361385603432444.1)
                  000045e1    00000009     game.o (.rodata.str1.15395850622484745175.1)
                  000045ea    00000009     game.o (.rodata.str1.5545800068125302137.1)
                  000045f3    00000009     game.o (.rodata.str1.9806857748358305087.1)
                  000045fc    00000008     main.o (.rodata.str1.10313062130652730376.1)
                  00004604    00000008     game.o (.rodata.str1.14107836020353751890.1)
                  0000460c    00000008     main.o (.rodata.str1.17100691992556644108.1)
                  00004614    00000008     game.o (.rodata.str1.17708770684071004443.1)
                  0000461c    00000008     tetris.o (.rodata.str1.7224606789491541917.1)
                  00004624    00000008     game.o (.rodata.str1.8357395868762639450.1)
                  0000462c    00000008     game.o (.rodata.str1.9707769887897754995.1)
                  00004634    00000008     game.o (.rodata.str1.9969844259988889360.1)
                  0000463c    00000007     tetris.o (.rodata.str1.1419153356704373736.1)
                  00004643    00000007     tetris.o (.rodata.str1.16261958295483447116.1)
                  0000464a    00000007     main.o (.rodata.str1.2846389346932560359.1)
                  00004651    00000006     main.o (.rodata.str1.14402440632258215044.1)
                  00004657    00000006     game.o (.rodata.str1.3846330321212824532.1)
                  0000465d    00000006     game.o (.rodata.str1.6354396994968447843.1)
                  00004663    00000005     main.o (.rodata.str1.15996357275703397564.1)
                  00004668    00000005     main.o (.rodata.str1.16265332423659789559.1)
                  0000466d    00000005     game.o (.rodata.str1.3989973381034227510.1)
                  00004672    00000005     main.o (.rodata.str1.8154729771448623357.1)
                  00004677    00000004     tetris.o (.rodata.str1.1796946245022526014.1)
                  0000467b    00000004     tetris.o (.rodata.str1.3887725674600554520.1)
                  0000467f    00000004     tetris.o (.rodata.str1.7815773836292278737.1)
                  00004683    00000003     ti_msp_dl_config.o (.rodata.gTIMER_0ClockConfig)
                  00004686    00000003     main.o (.rodata.str1.2763581881760962609.1)
                  00004689    00000003     main.o (.rodata.str1.7702501944640899365.1)
                  0000468c    00000002     ti_msp_dl_config.o (.rodata.gSPI_0_clockConfig)
                  0000468e    00000002     main.o (.rodata.str1.11870794119293528247.1)
                  00004690    00000002     main.o (.rodata.str1.2123964117280943167.1)
                  00004692    00000002     main.o (.rodata.str1.288608917962107522.1)
                  00004694    00000002     main.o (.rodata.str1.8108965883388295311.1)
                  00004696    00000002     main.o (.rodata.str1.9059077390166914652.1)

.init_array 
*          0    00000000    00000000     UNINITIALIZED

.binit     0    00000000    00000000     

.bss       0    20200000    000004e4     UNINITIALIZED
                  20200000    00000400     oled.o (.bss.fb)
                  20200400    000000bc     (.common:gTIMER_0Backup)
                  202004bc    00000028     (.common:gSPI_0Backup)

.data      0    202004e4    0000001c     UNINITIALIZED
                  202004e4    00000002     buzzer.o (.data.buzzer_half_period_counter)
                  202004e6    00000002     buzzer.o (.data.buzzer_half_period_ticks)
                  202004e8    00000002     buzzer.o (.data.buzzer_note_ticks_remaining)
                  202004ea    00000002     tetris.o (.data.rng_state)
                  202004ec    00000002     buzzer.o (.data.sfx_half_period_counter)
                  202004ee    00000002     buzzer.o (.data.sfx_half_period_ticks)
                  202004f0    00000002     buzzer.o (.data.sfx_ticks_remaining)
                  202004f2    00000002     main.o (.data.splash_offset)
                  202004f4    00000002     main.o (.data.v1_offset)
                  202004f6    00000001     buzzer.o (.data.buzzer_music_enabled)
                  202004f7    00000001     buzzer.o (.data.buzzer_note_index)
                  202004f8    00000001     buzzer.o (.data.buzzer_pin_on)
                  202004f9    00000001     main.o (.data.g_tick)
                  202004fa    00000001     buzzer.o (.data.jingle_index)
                  202004fb    00000001     buzzer.o (.data.jingle_playing)
                  202004fc    00000001     buzzer.o (.data.sfx_pin_on)
                  202004fd    00000001     main.o (.data.splash_blink_on)
                  202004fe    00000001     main.o (.data.splash_blink_timer)
                  202004ff    00000001     main.o (.data.splash_phase)

.stack     0    20207e00    00000200     UNINITIALIZED
                  20207e00    00000004     libc.a : boot_cortex_m.c.obj (.stack)
                  20207e04    000001fc     --HOLE--

__llvm_prf_cnts 
*          0    20200000    00000000     UNINITIALIZED

__llvm_prf_bits 
*          0    20200000    00000000     UNINITIALIZED

MODULE SUMMARY

       Module                         code    ro data   rw data
       ------                         ----    -------   -------
    ./
       oled.o                         4676    475       1024   
       game.o                         4392    155       0      
       tetris.o                       3520    325       2      
       main.o                         1592    124       8      
       buzzer.o                       692     84        18     
       ti_msp_dl_config.o             500     35        228    
       startup_mspm0g350x_ticlang.o   6       192       0      
       input.o                        96      0         0      
    +--+------------------------------+-------+---------+---------+
       Total:                         15474   1390      1280   
                                                               
    /Applications/ti/ccs2041/ccs/tools/compiler/ti-cgt-armllvm_4.0.4.LTS/lib/armv6m-ti-none-eabi/c/libc.a
       memcpy16.S.obj                 154     0         0      
       copy_decompress_lzss.c.obj     124     0         0      
       memset16.S.obj                 98      0         0      
       autoinit.c.obj                 60      0         0      
       boot_cortex_m.c.obj            40      0         0      
       memmov.c.obj                   40      0         0      
       copy_decompress_none.c.obj     18      0         0      
       copy_zero_init.c.obj           16      0         0      
       exit.c.obj                     6       0         0      
       pre_init.c.obj                 4       0         0      
    +--+------------------------------+-------+---------+---------+
       Total:                         560     0         0      
                                                               
    /Applications/ti/ccs2041/ccs/tools/compiler/ti-cgt-armllvm_4.0.4.LTS/lib/armv6m-ti-none-eabi/c/libsysbm.a
       hostexit.c.obj                 4       0         0      
    +--+------------------------------+-------+---------+---------+
       Total:                         4       0         0      
                                                               
    /Applications/ti/ccs2041/ccs/tools/compiler/ti-cgt-armllvm_4.0.4.LTS/lib/armv6m-ti-none-eabi/libclang_rt.builtins.a
       aeabi_uidivmod.S.obj           64      0         0      
       aeabi_memset.S.obj             12      0         0      
       aeabi_memcpy.S.obj             8       0         0      
       aeabi_memmove.S.obj            8       0         0      
       aeabi_div0.c.obj               2       0         0      
    +--+------------------------------+-------+---------+---------+
       Total:                         94      0         0      
                                                               
    /Users/macs/ti/mspm0_sdk_2_10_00_04/source/ti/driverlib/lib/ticlang/m0p/mspm0g1x0x_g3x0x/driverlib.a
       dl_timer.o                     280     0         0      
       dl_rtc_common.o                164     0         0      
       dl_spi.o                       86      0         0      
       dl_common.o                    10      0         0      
    +--+------------------------------+-------+---------+---------+
       Total:                         540     0         0      
                                                               
       Stack:                         0       0         512    
       Linker Generated:              0       53        0      
    +--+------------------------------+-------+---------+---------+
       Grand Total:                   16672   1443      1792   


LINKER GENERATED COPY TABLES

__TI_cinit_table @ 000046c0 records: 2, size/record: 8, table size: 16
	.data: load addr=00004698, load size=00000011 bytes, run addr=202004e4, run size=0000001c bytes, compression=lzss
	.bss: load addr=000046b8, load size=00000008 bytes, run addr=20200000, run size=000004e4 bytes, compression=zero_init


LINKER GENERATED HANDLER TABLE

__TI_handler_table @ 000046ac records: 3, size/record: 4, table size: 12
	index: 0, handler: __TI_decompress_lzss
	index: 1, handler: __TI_decompress_none
	index: 2, handler: __TI_zero_init


GLOBAL SYMBOLS: SORTED ALPHABETICALLY BY Name 

address   name                          
-------   ----                          
00003a37  ADC0_IRQHandler               
00003a37  ADC1_IRQHandler               
00003a37  AES_IRQHandler                
000041d6  C$$EXIT                       
00003a37  CANFD0_IRQHandler             
00003a37  DAC0_IRQHandler               
000041b5  DL_Common_delayCycles         
00003859  DL_RTC_Common_initCalendar    
00003e49  DL_SPI_init                   
00004175  DL_SPI_setClockConfig         
000036b1  DL_Timer_initTimerMode        
00004129  DL_Timer_setClockConfig       
00003a37  DMA_IRQHandler                
00003a37  Default_Handler               
00003a37  GROUP0_IRQHandler             
00003a37  GROUP1_IRQHandler             
000041d7  HOSTexit                      
00003a37  HardFault_Handler             
00003a37  I2C0_IRQHandler               
00003a37  I2C1_IRQHandler               
00003a37  NMI_Handler                   
00004161  OLED_Clear                    
000026a9  OLED_DrawChar                 
00003465  OLED_DrawHLine                
00003f85  OLED_DrawPixel                
00000e55  OLED_DrawRect                 
00003bcd  OLED_DrawString               
00002d59  OLED_DrawVLine                
00003049  OLED_FillRect                 
00002a41  OLED_Flush                    
000013f1  OLED_Init                     
00003a37  PendSV_Handler                
00003a37  RTC_IRQHandler                
000041db  Reset_Handler                 
00003a37  SPI0_IRQHandler               
00003a37  SPI1_IRQHandler               
00003a37  SVC_Handler                   
00003a39  SYSCFG_DL_GPIO_init           
00004105  SYSCFG_DL_RTC_init            
00003db5  SYSCFG_DL_SPI_0_init          
00003e8d  SYSCFG_DL_SYSCTL_init         
00003fbd  SYSCFG_DL_TIMER_0_init        
00003ff5  SYSCFG_DL_init                
00003e01  SYSCFG_DL_initPower           
00003329  SysTick_Handler               
00004145  TIMA0_IRQHandler              
00003a37  TIMA1_IRQHandler              
00003a37  TIMG0_IRQHandler              
00003a37  TIMG12_IRQHandler             
00003a37  TIMG6_IRQHandler              
00003a37  TIMG7_IRQHandler              
00003a37  TIMG8_IRQHandler              
00003a37  UART0_IRQHandler              
00003a37  UART1_IRQHandler              
00003a37  UART2_IRQHandler              
00003a37  UART3_IRQHandler              
20208000  __STACK_END                   
00000200  __STACK_SIZE                  
00000000  __TI_ATRegion0_region_sz      
00000000  __TI_ATRegion0_src_addr       
00000000  __TI_ATRegion0_trg_addr       
00000000  __TI_ATRegion1_region_sz      
00000000  __TI_ATRegion1_src_addr       
00000000  __TI_ATRegion1_trg_addr       
00000000  __TI_ATRegion2_region_sz      
00000000  __TI_ATRegion2_src_addr       
00000000  __TI_ATRegion2_trg_addr       
000046c0  __TI_CINIT_Base               
000046d0  __TI_CINIT_Limit              
000046d0  __TI_CINIT_Warm               
000046ac  __TI_Handler_Table_Base       
000046b8  __TI_Handler_Table_Limit      
00003f49  __TI_auto_init_nobinit_nopinit
00003b51  __TI_decompress_lzss          
00004187  __TI_decompress_none          
ffffffff  __TI_pprof_out_hndl           
ffffffff  __TI_prof_data_size           
ffffffff  __TI_prof_data_start          
00000000  __TI_static_base__            
00004199  __TI_zero_init                
00003c9f  __aeabi_idiv0                 
000041a9  __aeabi_memclr                
000041a9  __aeabi_memclr4               
000041a9  __aeabi_memclr8               
000041c1  __aeabi_memcpy                
000041c1  __aeabi_memcpy4               
000041c1  __aeabi_memcpy8               
000041c9  __aeabi_memmove               
000041c9  __aeabi_memmove4              
000041c9  __aeabi_memmove8              
00003ecd  __aeabi_uidiv                 
00003ecd  __aeabi_uidivmod              
ffffffff  __binit__                     
UNDEFED   __mpu_init                    
20207e00  __stack                       
20200000  __start___llvm_prf_bits       
20200000  __start___llvm_prf_cnts       
20200000  __stop___llvm_prf_bits        
20200000  __stop___llvm_prf_cnts        
000040dd  _c_int00_noargs               
UNDEFED   _system_post_cinit            
000041df  _system_pre_init              
000041d1  abort                         
ffffffff  binit                         
00003f0d  buzzer_init                   
00003d5d  buzzer_set_music_enabled      
00003d01  dispatch_game_sfx             
00002ed1  draw_button_test              
0000359d  draw_main_menu                
202004bc  gSPI_0Backup                  
20200400  gTIMER_0Backup                
202004f9  g_tick                        
0000405d  game2p_init                   
00002bcd  game2p_render                 
00002479  game2p_tick                   
00004029  game_init                     
000031b9  game_render                   
000028b1  game_tick                     
00003ca1  input_update                  
00000000  interruptVectors              
00003ac9  jingle_tick                   
00001bd5  main                          
0000399d  memcpy                        
0000408d  memmove                       
00003c3d  memset                        
000040b5  platformer_init               
000000c1  platformer_render             
00001f65  platformer_tick               
000038fd  tetris_init                   
000007c5  tetris_render                 
00001829  tetris_tick                   


GLOBAL SYMBOLS: SORTED BY Symbol Address 

address   name                          
-------   ----                          
00000000  __TI_ATRegion0_region_sz      
00000000  __TI_ATRegion0_src_addr       
00000000  __TI_ATRegion0_trg_addr       
00000000  __TI_ATRegion1_region_sz      
00000000  __TI_ATRegion1_src_addr       
00000000  __TI_ATRegion1_trg_addr       
00000000  __TI_ATRegion2_region_sz      
00000000  __TI_ATRegion2_src_addr       
00000000  __TI_ATRegion2_trg_addr       
00000000  __TI_static_base__            
00000000  interruptVectors              
000000c1  platformer_render             
00000200  __STACK_SIZE                  
000007c5  tetris_render                 
00000e55  OLED_DrawRect                 
000013f1  OLED_Init                     
00001829  tetris_tick                   
00001bd5  main                          
00001f65  platformer_tick               
00002479  game2p_tick                   
000026a9  OLED_DrawChar                 
000028b1  game_tick                     
00002a41  OLED_Flush                    
00002bcd  game2p_render                 
00002d59  OLED_DrawVLine                
00002ed1  draw_button_test              
00003049  OLED_FillRect                 
000031b9  game_render                   
00003329  SysTick_Handler               
00003465  OLED_DrawHLine                
0000359d  draw_main_menu                
000036b1  DL_Timer_initTimerMode        
00003859  DL_RTC_Common_initCalendar    
000038fd  tetris_init                   
0000399d  memcpy                        
00003a37  ADC0_IRQHandler               
00003a37  ADC1_IRQHandler               
00003a37  AES_IRQHandler                
00003a37  CANFD0_IRQHandler             
00003a37  DAC0_IRQHandler               
00003a37  DMA_IRQHandler                
00003a37  Default_Handler               
00003a37  GROUP0_IRQHandler             
00003a37  GROUP1_IRQHandler             
00003a37  HardFault_Handler             
00003a37  I2C0_IRQHandler               
00003a37  I2C1_IRQHandler               
00003a37  NMI_Handler                   
00003a37  PendSV_Handler                
00003a37  RTC_IRQHandler                
00003a37  SPI0_IRQHandler               
00003a37  SPI1_IRQHandler               
00003a37  SVC_Handler                   
00003a37  TIMA1_IRQHandler              
00003a37  TIMG0_IRQHandler              
00003a37  TIMG12_IRQHandler             
00003a37  TIMG6_IRQHandler              
00003a37  TIMG7_IRQHandler              
00003a37  TIMG8_IRQHandler              
00003a37  UART0_IRQHandler              
00003a37  UART1_IRQHandler              
00003a37  UART2_IRQHandler              
00003a37  UART3_IRQHandler              
00003a39  SYSCFG_DL_GPIO_init           
00003ac9  jingle_tick                   
00003b51  __TI_decompress_lzss          
00003bcd  OLED_DrawString               
00003c3d  memset                        
00003c9f  __aeabi_idiv0                 
00003ca1  input_update                  
00003d01  dispatch_game_sfx             
00003d5d  buzzer_set_music_enabled      
00003db5  SYSCFG_DL_SPI_0_init          
00003e01  SYSCFG_DL_initPower           
00003e49  DL_SPI_init                   
00003e8d  SYSCFG_DL_SYSCTL_init         
00003ecd  __aeabi_uidiv                 
00003ecd  __aeabi_uidivmod              
00003f0d  buzzer_init                   
00003f49  __TI_auto_init_nobinit_nopinit
00003f85  OLED_DrawPixel                
00003fbd  SYSCFG_DL_TIMER_0_init        
00003ff5  SYSCFG_DL_init                
00004029  game_init                     
0000405d  game2p_init                   
0000408d  memmove                       
000040b5  platformer_init               
000040dd  _c_int00_noargs               
00004105  SYSCFG_DL_RTC_init            
00004129  DL_Timer_setClockConfig       
00004145  TIMA0_IRQHandler              
00004161  OLED_Clear                    
00004175  DL_SPI_setClockConfig         
00004187  __TI_decompress_none          
00004199  __TI_zero_init                
000041a9  __aeabi_memclr                
000041a9  __aeabi_memclr4               
000041a9  __aeabi_memclr8               
000041b5  DL_Common_delayCycles         
000041c1  __aeabi_memcpy                
000041c1  __aeabi_memcpy4               
000041c1  __aeabi_memcpy8               
000041c9  __aeabi_memmove               
000041c9  __aeabi_memmove4              
000041c9  __aeabi_memmove8              
000041d1  abort                         
000041d6  C$$EXIT                       
000041d7  HOSTexit                      
000041db  Reset_Handler                 
000041df  _system_pre_init              
000046ac  __TI_Handler_Table_Base       
000046b8  __TI_Handler_Table_Limit      
000046c0  __TI_CINIT_Base               
000046d0  __TI_CINIT_Limit              
000046d0  __TI_CINIT_Warm               
20200000  __start___llvm_prf_bits       
20200000  __start___llvm_prf_cnts       
20200000  __stop___llvm_prf_bits        
20200000  __stop___llvm_prf_cnts        
20200400  gTIMER_0Backup                
202004bc  gSPI_0Backup                  
202004f9  g_tick                        
20207e00  __stack                       
20208000  __STACK_END                   
ffffffff  __TI_pprof_out_hndl           
ffffffff  __TI_prof_data_size           
ffffffff  __TI_prof_data_start          
ffffffff  __binit__                     
ffffffff  binit                         
UNDEFED   __mpu_init                    
UNDEFED   _system_post_cinit            

[131 symbols]
