<?xml version="1.0" encoding="ISO-8859-1" ?>
<link_info>
   <banner>TI ARM Clang Linker PC v4.0.4.LTS</banner>
   <copyright>Copyright (c) 1996-2018 Texas Instruments Incorporated</copyright>
   <command_line>C:\ti\ccs2040\ccs\tools\compiler\ti-cgt-armllvm_4.0.4.LTS\bin\tiarmlnk -IC:\ti\ccs2040\ccs\tools\compiler\ti-cgt-armllvm_4.0.4.LTS\lib -o final project (jm).out -mfinal project (jm).map -iC:/ti/mspm0_sdk_2_10_00_04/source -iC:/Users/jm973/Documents/ELEC327/Workspace/final project (jm) -iC:/Users/jm973/Documents/ELEC327/Workspace/final project (jm)/Debug/syscfg -iC:/ti/ccs2040/ccs/tools/compiler/ti-cgt-armllvm_4.0.4.LTS/lib --diag_wrap=off --display_error_number --warn_sections --xml_link_info=final project (jm)_linkInfo.xml --rom_model ./buzzer.o ./ti_msp_dl_config.o ./startup_mspm0g350x_ticlang.o ./game.o ./input.o ./main.o ./oled.o ./tetris.o -l./device_linker.cmd -ldevice.cmd.genlibs -llibc.a --start-group -llibc++.a -llibc++abi.a -llibc.a -llibsys.a -llibsysbm.a -llibclang_rt.builtins.a -llibclang_rt.profile.a --end-group --cg_opt_level=2</command_line>
   <link_time>0x69f6a728</link_time>
   <link_errors>0x0</link_errors>
   <output_file>C:\Users\jm973\Documents\ELEC327\Workspace\final project (jm)\Debug\final project (jm).out</output_file>
   <entry_point>
      <name>_c_int00_noargs</name>
      <address>0x3e51</address>
   </entry_point>
   <input_file_list>
      <input_file id="fl-1">
         <path>C:\Users\jm973\Documents\ELEC327\Workspace\final project (jm)\Debug\.\</path>
         <kind>object</kind>
         <file>buzzer.o</file>
         <name>buzzer.o</name>
      </input_file>
      <input_file id="fl-2">
         <path>C:\Users\jm973\Documents\ELEC327\Workspace\final project (jm)\Debug\.\</path>
         <kind>object</kind>
         <file>ti_msp_dl_config.o</file>
         <name>ti_msp_dl_config.o</name>
      </input_file>
      <input_file id="fl-3">
         <path>C:\Users\jm973\Documents\ELEC327\Workspace\final project (jm)\Debug\.\</path>
         <kind>object</kind>
         <file>startup_mspm0g350x_ticlang.o</file>
         <name>startup_mspm0g350x_ticlang.o</name>
      </input_file>
      <input_file id="fl-4">
         <path>C:\Users\jm973\Documents\ELEC327\Workspace\final project (jm)\Debug\.\</path>
         <kind>object</kind>
         <file>game.o</file>
         <name>game.o</name>
      </input_file>
      <input_file id="fl-5">
         <path>C:\Users\jm973\Documents\ELEC327\Workspace\final project (jm)\Debug\.\</path>
         <kind>object</kind>
         <file>input.o</file>
         <name>input.o</name>
      </input_file>
      <input_file id="fl-6">
         <path>C:\Users\jm973\Documents\ELEC327\Workspace\final project (jm)\Debug\.\</path>
         <kind>object</kind>
         <file>main.o</file>
         <name>main.o</name>
      </input_file>
      <input_file id="fl-7">
         <path>C:\Users\jm973\Documents\ELEC327\Workspace\final project (jm)\Debug\.\</path>
         <kind>object</kind>
         <file>oled.o</file>
         <name>oled.o</name>
      </input_file>
      <input_file id="fl-8">
         <path>C:\Users\jm973\Documents\ELEC327\Workspace\final project (jm)\Debug\.\</path>
         <kind>object</kind>
         <file>tetris.o</file>
         <name>tetris.o</name>
      </input_file>
      <input_file id="fl-15">
         <path>C:\Users\jm973\Documents\ELEC327\Workspace\final project (jm)\Debug\</path>
         <kind>object</kind>
         <file>&lt;internal&gt;</file>
         <name>&lt;internal&gt;</name>
      </input_file>
      <input_file id="fl-16">
         <path>C:\ti\mspm0_sdk_2_10_00_04\source\ti\driverlib\lib\ticlang\m0p\mspm0g1x0x_g3x0x\</path>
         <kind>archive</kind>
         <file>driverlib.a</file>
         <name>dl_common.o</name>
      </input_file>
      <input_file id="fl-17">
         <path>C:\ti\mspm0_sdk_2_10_00_04\source\ti\driverlib\lib\ticlang\m0p\mspm0g1x0x_g3x0x\</path>
         <kind>archive</kind>
         <file>driverlib.a</file>
         <name>dl_spi.o</name>
      </input_file>
      <input_file id="fl-18">
         <path>C:\ti\mspm0_sdk_2_10_00_04\source\ti\driverlib\lib\ticlang\m0p\mspm0g1x0x_g3x0x\</path>
         <kind>archive</kind>
         <file>driverlib.a</file>
         <name>dl_timer.o</name>
      </input_file>
      <input_file id="fl-2f">
         <path>C:\ti\ccs2040\ccs\tools\compiler\ti-cgt-armllvm_4.0.4.LTS\lib\armv6m-ti-none-eabi\c\</path>
         <kind>archive</kind>
         <file>libc.a</file>
         <name>boot_cortex_m.c.obj</name>
      </input_file>
      <input_file id="fl-30">
         <path>C:\ti\ccs2040\ccs\tools\compiler\ti-cgt-armllvm_4.0.4.LTS\lib\armv6m-ti-none-eabi\c\</path>
         <kind>archive</kind>
         <file>libc.a</file>
         <name>mathacl_init.c.obj</name>
      </input_file>
      <input_file id="fl-31">
         <path>C:\ti\ccs2040\ccs\tools\compiler\ti-cgt-armllvm_4.0.4.LTS\lib\armv6m-ti-none-eabi\c\</path>
         <kind>archive</kind>
         <file>libc.a</file>
         <name>autoinit.c.obj</name>
      </input_file>
      <input_file id="fl-32">
         <path>C:\ti\ccs2040\ccs\tools\compiler\ti-cgt-armllvm_4.0.4.LTS\lib\armv6m-ti-none-eabi\c\</path>
         <kind>archive</kind>
         <file>libc.a</file>
         <name>pre_init.c.obj</name>
      </input_file>
      <input_file id="fl-33">
         <path>C:\ti\ccs2040\ccs\tools\compiler\ti-cgt-armllvm_4.0.4.LTS\lib\armv6m-ti-none-eabi\c\</path>
         <kind>archive</kind>
         <file>libc.a</file>
         <name>cpy_tbl.c.obj</name>
      </input_file>
      <input_file id="fl-34">
         <path>C:\ti\ccs2040\ccs\tools\compiler\ti-cgt-armllvm_4.0.4.LTS\lib\armv6m-ti-none-eabi\c\</path>
         <kind>archive</kind>
         <file>libc.a</file>
         <name>copy_zero_init.c.obj</name>
      </input_file>
      <input_file id="fl-35">
         <path>C:\ti\ccs2040\ccs\tools\compiler\ti-cgt-armllvm_4.0.4.LTS\lib\armv6m-ti-none-eabi\c\</path>
         <kind>archive</kind>
         <file>libc.a</file>
         <name>copy_decompress_none.c.obj</name>
      </input_file>
      <input_file id="fl-36">
         <path>C:\ti\ccs2040\ccs\tools\compiler\ti-cgt-armllvm_4.0.4.LTS\lib\armv6m-ti-none-eabi\c\</path>
         <kind>archive</kind>
         <file>libc.a</file>
         <name>copy_decompress_lzss.c.obj</name>
      </input_file>
      <input_file id="fl-37">
         <path>C:\ti\ccs2040\ccs\tools\compiler\ti-cgt-armllvm_4.0.4.LTS\lib\armv6m-ti-none-eabi\c\</path>
         <kind>archive</kind>
         <file>libc.a</file>
         <name>exit.c.obj</name>
      </input_file>
      <input_file id="fl-38">
         <path>C:\ti\ccs2040\ccs\tools\compiler\ti-cgt-armllvm_4.0.4.LTS\lib\armv6m-ti-none-eabi\c\</path>
         <kind>archive</kind>
         <file>libc.a</file>
         <name>_lock.c.obj</name>
      </input_file>
      <input_file id="fl-39">
         <path>C:\ti\ccs2040\ccs\tools\compiler\ti-cgt-armllvm_4.0.4.LTS\lib\armv6m-ti-none-eabi\c\</path>
         <kind>archive</kind>
         <file>libc.a</file>
         <name>args_main.c.obj</name>
      </input_file>
      <input_file id="fl-d9">
         <path>C:\ti\ccs2040\ccs\tools\compiler\ti-cgt-armllvm_4.0.4.LTS\lib\armv6m-ti-none-eabi\c\</path>
         <kind>archive</kind>
         <file>libsysbm.a</file>
         <name>hostexit.c.obj</name>
      </input_file>
      <input_file id="fl-da">
         <path>C:\ti\ccs2040\ccs\tools\compiler\ti-cgt-armllvm_4.0.4.LTS\lib\armv6m-ti-none-eabi\</path>
         <kind>archive</kind>
         <file>libclang_rt.builtins.a</file>
         <name>aeabi_memcpy.S.obj</name>
      </input_file>
      <input_file id="fl-db">
         <path>C:\ti\ccs2040\ccs\tools\compiler\ti-cgt-armllvm_4.0.4.LTS\lib\armv6m-ti-none-eabi\</path>
         <kind>archive</kind>
         <file>libclang_rt.builtins.a</file>
         <name>aeabi_memmove.S.obj</name>
      </input_file>
      <input_file id="fl-dc">
         <path>C:\ti\ccs2040\ccs\tools\compiler\ti-cgt-armllvm_4.0.4.LTS\lib\armv6m-ti-none-eabi\</path>
         <kind>archive</kind>
         <file>libclang_rt.builtins.a</file>
         <name>aeabi_memset.S.obj</name>
      </input_file>
      <input_file id="fl-dd">
         <path>C:\ti\ccs2040\ccs\tools\compiler\ti-cgt-armllvm_4.0.4.LTS\lib\armv6m-ti-none-eabi\</path>
         <kind>archive</kind>
         <file>libclang_rt.builtins.a</file>
         <name>aeabi_uidivmod.S.obj</name>
      </input_file>
      <input_file id="fl-de">
         <path>C:\ti\ccs2040\ccs\tools\compiler\ti-cgt-armllvm_4.0.4.LTS\lib\armv6m-ti-none-eabi\</path>
         <kind>archive</kind>
         <file>libclang_rt.builtins.a</file>
         <name>aeabi_div0.c.obj</name>
      </input_file>
      <input_file id="fl-df">
         <path>C:\ti\ccs2040\ccs\tools\compiler\ti-cgt-armllvm_4.0.4.LTS\lib\armv6m-ti-none-eabi\c\</path>
         <kind>archive</kind>
         <file>libc.a</file>
         <name>memcpy16.S.obj</name>
      </input_file>
      <input_file id="fl-e0">
         <path>C:\ti\ccs2040\ccs\tools\compiler\ti-cgt-armllvm_4.0.4.LTS\lib\armv6m-ti-none-eabi\c\</path>
         <kind>archive</kind>
         <file>libc.a</file>
         <name>memset16.S.obj</name>
      </input_file>
      <input_file id="fl-e1">
         <path>C:\ti\ccs2040\ccs\tools\compiler\ti-cgt-armllvm_4.0.4.LTS\lib\armv6m-ti-none-eabi\c\</path>
         <kind>archive</kind>
         <file>libc.a</file>
         <name>memmov.c.obj</name>
      </input_file>
   </input_file_list>
   <object_component_list>
      <object_component id="oc-18">
         <name>.intvecs</name>
         <load_address>0x0</load_address>
         <readonly>true</readonly>
         <run_address>0x0</run_address>
         <size>0xc0</size>
         <alignment>0x4</alignment>
         <input_file_ref idref="fl-3"/>
      </object_component>
      <object_component id="oc-c3">
         <name>.text.tetris_render</name>
         <load_address>0xc0</load_address>
         <readonly>true</readonly>
         <executable>true</executable>
         <run_address>0xc0</run_address>
         <size>0x690</size>
         <alignment>0x4</alignment>
         <input_file_ref idref="fl-8"/>
      </object_component>
      <object_component id="oc-129">
         <name>.text.OLED_DrawRect</name>
         <load_address>0x750</load_address>
         <readonly>true</readonly>
         <executable>true</executable>
         <run_address>0x750</run_address>
         <size>0x59c</size>
         <alignment>0x4</alignment>
         <input_file_ref idref="fl-7"/>
      </object_component>
      <object_component id="oc-bd">
         <name>.text.platformer_render</name>
         <load_address>0xcec</load_address>
         <readonly>true</readonly>
         <executable>true</executable>
         <run_address>0xcec</run_address>
         <size>0x598</size>
         <alignment>0x4</alignment>
         <input_file_ref idref="fl-4"/>
      </object_component>
      <object_component id="oc-a3">
         <name>.text.OLED_Init</name>
         <load_address>0x1284</load_address>
         <readonly>true</readonly>
         <executable>true</executable>
         <run_address>0x1284</run_address>
         <size>0x438</size>
         <alignment>0x4</alignment>
         <input_file_ref idref="fl-7"/>
      </object_component>
      <object_component id="oc-c2">
         <name>.text.tetris_tick</name>
         <load_address>0x16bc</load_address>
         <readonly>true</readonly>
         <executable>true</executable>
         <run_address>0x16bc</run_address>
         <size>0x3ac</size>
         <alignment>0x4</alignment>
         <input_file_ref idref="fl-8"/>
      </object_component>
      <object_component id="oc-83">
         <name>.text.main</name>
         <load_address>0x1a68</load_address>
         <readonly>true</readonly>
         <executable>true</executable>
         <run_address>0x1a68</run_address>
         <size>0x394</size>
         <alignment>0x4</alignment>
         <input_file_ref idref="fl-6"/>
      </object_component>
      <object_component id="oc-bb">
         <name>.text.platformer_tick</name>
         <load_address>0x1dfc</load_address>
         <readonly>true</readonly>
         <executable>true</executable>
         <run_address>0x1dfc</run_address>
         <size>0x2a8</size>
         <alignment>0x4</alignment>
         <input_file_ref idref="fl-4"/>
      </object_component>
      <object_component id="oc-c0">
         <name>.text.game2p_tick</name>
         <load_address>0x20a4</load_address>
         <readonly>true</readonly>
         <executable>true</executable>
         <run_address>0x20a4</run_address>
         <size>0x23c</size>
         <alignment>0x4</alignment>
         <input_file_ref idref="fl-4"/>
      </object_component>
      <object_component id="oc-127">
         <name>.text.do_lock</name>
         <load_address>0x22e0</load_address>
         <readonly>true</readonly>
         <executable>true</executable>
         <run_address>0x22e0</run_address>
         <size>0x214</size>
         <alignment>0x4</alignment>
         <input_file_ref idref="fl-8"/>
      </object_component>
      <object_component id="oc-146">
         <name>.text.OLED_DrawChar</name>
         <load_address>0x24f4</load_address>
         <readonly>true</readonly>
         <executable>true</executable>
         <run_address>0x24f4</run_address>
         <size>0x208</size>
         <alignment>0x4</alignment>
         <input_file_ref idref="fl-7"/>
      </object_component>
      <object_component id="oc-be">
         <name>.text.game_tick</name>
         <load_address>0x26fc</load_address>
         <readonly>true</readonly>
         <executable>true</executable>
         <run_address>0x26fc</run_address>
         <size>0x194</size>
         <alignment>0x4</alignment>
         <input_file_ref idref="fl-4"/>
      </object_component>
      <object_component id="oc-c9">
         <name>.text.OLED_Flush</name>
         <load_address>0x2890</load_address>
         <readonly>true</readonly>
         <executable>true</executable>
         <run_address>0x2890</run_address>
         <size>0x18c</size>
         <alignment>0x4</alignment>
         <input_file_ref idref="fl-7"/>
      </object_component>
      <object_component id="oc-c1">
         <name>.text.game2p_render</name>
         <load_address>0x2a1c</load_address>
         <readonly>true</readonly>
         <executable>true</executable>
         <run_address>0x2a1c</run_address>
         <size>0x18c</size>
         <alignment>0x4</alignment>
         <input_file_ref idref="fl-4"/>
      </object_component>
      <object_component id="oc-11d">
         <name>.text.OLED_DrawVLine</name>
         <load_address>0x2ba8</load_address>
         <readonly>true</readonly>
         <executable>true</executable>
         <run_address>0x2ba8</run_address>
         <size>0x178</size>
         <alignment>0x4</alignment>
         <input_file_ref idref="fl-7"/>
      </object_component>
      <object_component id="oc-c4">
         <name>.text.draw_button_test</name>
         <load_address>0x2d20</load_address>
         <readonly>true</readonly>
         <executable>true</executable>
         <run_address>0x2d20</run_address>
         <size>0x178</size>
         <alignment>0x4</alignment>
         <input_file_ref idref="fl-6"/>
      </object_component>
      <object_component id="oc-10f">
         <name>.text.OLED_FillRect</name>
         <load_address>0x2e98</load_address>
         <readonly>true</readonly>
         <executable>true</executable>
         <run_address>0x2e98</run_address>
         <size>0x170</size>
         <alignment>0x4</alignment>
         <input_file_ref idref="fl-7"/>
      </object_component>
      <object_component id="oc-bf">
         <name>.text.game_render</name>
         <load_address>0x3008</load_address>
         <readonly>true</readonly>
         <executable>true</executable>
         <run_address>0x3008</run_address>
         <size>0x170</size>
         <alignment>0x4</alignment>
         <input_file_ref idref="fl-4"/>
      </object_component>
      <object_component id="oc-34">
         <name>.text.SysTick_Handler</name>
         <load_address>0x3178</load_address>
         <readonly>true</readonly>
         <executable>true</executable>
         <run_address>0x3178</run_address>
         <size>0x13c</size>
         <alignment>0x4</alignment>
         <input_file_ref idref="fl-1"/>
      </object_component>
      <object_component id="oc-119">
         <name>.text.OLED_DrawHLine</name>
         <load_address>0x32b4</load_address>
         <readonly>true</readonly>
         <executable>true</executable>
         <run_address>0x32b4</run_address>
         <size>0x138</size>
         <alignment>0x4</alignment>
         <input_file_ref idref="fl-7"/>
      </object_component>
      <object_component id="oc-c5">
         <name>.text.draw_main_menu</name>
         <load_address>0x33ec</load_address>
         <readonly>true</readonly>
         <executable>true</executable>
         <run_address>0x33ec</run_address>
         <size>0x114</size>
         <alignment>0x4</alignment>
         <input_file_ref idref="fl-6"/>
      </object_component>
      <object_component id="oc-162">
         <name>.text.DL_Timer_initTimerMode</name>
         <load_address>0x3500</load_address>
         <readonly>true</readonly>
         <executable>true</executable>
         <run_address>0x3500</run_address>
         <size>0xfc</size>
         <alignment>0x4</alignment>
         <input_file_ref idref="fl-18"/>
      </object_component>
      <object_component id="oc-106">
         <name>.text.collides</name>
         <load_address>0x35fc</load_address>
         <readonly>true</readonly>
         <executable>true</executable>
         <run_address>0x35fc</run_address>
         <size>0xac</size>
         <alignment>0x4</alignment>
         <input_file_ref idref="fl-8"/>
      </object_component>
      <object_component id="oc-af">
         <name>.text.tetris_init</name>
         <load_address>0x36a8</load_address>
         <readonly>true</readonly>
         <executable>true</executable>
         <run_address>0x36a8</run_address>
         <size>0xa0</size>
         <alignment>0x4</alignment>
         <input_file_ref idref="fl-8"/>
      </object_component>
      <object_component id="oc-99">
         <name>.text:memcpy</name>
         <load_address>0x3748</load_address>
         <readonly>true</readonly>
         <executable>true</executable>
         <run_address>0x3748</run_address>
         <size>0x9a</size>
         <alignment>0x1</alignment>
         <input_file_ref idref="fl-df"/>
      </object_component>
      <object_component id="oc-33">
         <name>.text.Default_Handler</name>
         <load_address>0x37e2</load_address>
         <readonly>true</readonly>
         <executable>true</executable>
         <run_address>0x37e2</run_address>
         <size>0x2</size>
         <alignment>0x2</alignment>
         <input_file_ref idref="fl-3"/>
      </object_component>
      <object_component id="oc-f8">
         <name>.text.SYSCFG_DL_GPIO_init</name>
         <load_address>0x37e4</load_address>
         <readonly>true</readonly>
         <executable>true</executable>
         <run_address>0x37e4</run_address>
         <size>0x90</size>
         <alignment>0x4</alignment>
         <input_file_ref idref="fl-2"/>
      </object_component>
      <object_component id="oc-b6">
         <name>.text.jingle_tick</name>
         <load_address>0x3874</load_address>
         <readonly>true</readonly>
         <executable>true</executable>
         <run_address>0x3874</run_address>
         <size>0x88</size>
         <alignment>0x4</alignment>
         <input_file_ref idref="fl-1"/>
      </object_component>
      <object_component id="oc-1c">
         <name>.text:decompress:lzss</name>
         <load_address>0x38fc</load_address>
         <readonly>true</readonly>
         <executable>true</executable>
         <run_address>0x38fc</run_address>
         <size>0x7c</size>
         <alignment>0x4</alignment>
         <input_file_ref idref="fl-36"/>
      </object_component>
      <object_component id="oc-c7">
         <name>.text.OLED_DrawString</name>
         <load_address>0x3978</load_address>
         <readonly>true</readonly>
         <executable>true</executable>
         <run_address>0x3978</run_address>
         <size>0x70</size>
         <alignment>0x2</alignment>
         <input_file_ref idref="fl-7"/>
      </object_component>
      <object_component id="oc-f6">
         <name>.text:memset</name>
         <load_address>0x39e8</load_address>
         <readonly>true</readonly>
         <executable>true</executable>
         <run_address>0x39e8</run_address>
         <size>0x62</size>
         <alignment>0x1</alignment>
         <input_file_ref idref="fl-e0"/>
      </object_component>
      <object_component id="oc-8e">
         <name>.text.__aeabi_idiv0</name>
         <load_address>0x3a4a</load_address>
         <readonly>true</readonly>
         <executable>true</executable>
         <run_address>0x3a4a</run_address>
         <size>0x2</size>
         <alignment>0x2</alignment>
         <input_file_ref idref="fl-de"/>
      </object_component>
      <object_component id="oc-b7">
         <name>.text.input_update</name>
         <load_address>0x3a4c</load_address>
         <readonly>true</readonly>
         <executable>true</executable>
         <run_address>0x3a4c</run_address>
         <size>0x60</size>
         <alignment>0x4</alignment>
         <input_file_ref idref="fl-5"/>
      </object_component>
      <object_component id="oc-bc">
         <name>.text.dispatch_game_sfx</name>
         <load_address>0x3aac</load_address>
         <readonly>true</readonly>
         <executable>true</executable>
         <run_address>0x3aac</run_address>
         <size>0x5c</size>
         <alignment>0x4</alignment>
         <input_file_ref idref="fl-1"/>
      </object_component>
      <object_component id="oc-b5">
         <name>.text.buzzer_set_music_enabled</name>
         <load_address>0x3b08</load_address>
         <readonly>true</readonly>
         <executable>true</executable>
         <run_address>0x3b08</run_address>
         <size>0x58</size>
         <alignment>0x4</alignment>
         <input_file_ref idref="fl-1"/>
      </object_component>
      <object_component id="oc-fc">
         <name>.text.SYSCFG_DL_SPI_0_init</name>
         <load_address>0x3b60</load_address>
         <readonly>true</readonly>
         <executable>true</executable>
         <run_address>0x3b60</run_address>
         <size>0x4c</size>
         <alignment>0x4</alignment>
         <input_file_ref idref="fl-2"/>
      </object_component>
      <object_component id="oc-16b">
         <name>.text.DL_SPI_init</name>
         <load_address>0x3bac</load_address>
         <readonly>true</readonly>
         <executable>true</executable>
         <run_address>0x3bac</run_address>
         <size>0x44</size>
         <alignment>0x4</alignment>
         <input_file_ref idref="fl-17"/>
      </object_component>
      <object_component id="oc-f9">
         <name>.text.SYSCFG_DL_SYSCTL_init</name>
         <load_address>0x3bf0</load_address>
         <readonly>true</readonly>
         <executable>true</executable>
         <run_address>0x3bf0</run_address>
         <size>0x40</size>
         <alignment>0x4</alignment>
         <input_file_ref idref="fl-2"/>
      </object_component>
      <object_component id="oc-f7">
         <name>.text.SYSCFG_DL_initPower</name>
         <load_address>0x3c30</load_address>
         <readonly>true</readonly>
         <executable>true</executable>
         <run_address>0x3c30</run_address>
         <size>0x40</size>
         <alignment>0x4</alignment>
         <input_file_ref idref="fl-2"/>
      </object_component>
      <object_component id="oc-61">
         <name>.text.__aeabi_uidivmod</name>
         <load_address>0x3c70</load_address>
         <readonly>true</readonly>
         <executable>true</executable>
         <run_address>0x3c70</run_address>
         <size>0x40</size>
         <alignment>0x4</alignment>
         <input_file_ref idref="fl-dd"/>
      </object_component>
      <object_component id="oc-a8">
         <name>.text.buzzer_init</name>
         <load_address>0x3cb0</load_address>
         <readonly>true</readonly>
         <executable>true</executable>
         <run_address>0x3cb0</run_address>
         <size>0x3c</size>
         <alignment>0x4</alignment>
         <input_file_ref idref="fl-1"/>
      </object_component>
      <object_component id="oc-db">
         <name>.text:__TI_auto_init_nobinit_nopinit</name>
         <load_address>0x3cec</load_address>
         <readonly>true</readonly>
         <executable>true</executable>
         <run_address>0x3cec</run_address>
         <size>0x3c</size>
         <alignment>0x4</alignment>
         <input_file_ref idref="fl-31"/>
      </object_component>
      <object_component id="oc-110">
         <name>.text.OLED_DrawPixel</name>
         <load_address>0x3d28</load_address>
         <readonly>true</readonly>
         <executable>true</executable>
         <run_address>0x3d28</run_address>
         <size>0x38</size>
         <alignment>0x4</alignment>
         <input_file_ref idref="fl-7"/>
      </object_component>
      <object_component id="oc-fb">
         <name>.text.SYSCFG_DL_TIMER_0_init</name>
         <load_address>0x3d60</load_address>
         <readonly>true</readonly>
         <executable>true</executable>
         <run_address>0x3d60</run_address>
         <size>0x38</size>
         <alignment>0x4</alignment>
         <input_file_ref idref="fl-2"/>
      </object_component>
      <object_component id="oc-a9">
         <name>.text.game_init</name>
         <load_address>0x3d98</load_address>
         <readonly>true</readonly>
         <executable>true</executable>
         <run_address>0x3d98</run_address>
         <size>0x34</size>
         <alignment>0x4</alignment>
         <input_file_ref idref="fl-4"/>
      </object_component>
      <object_component id="oc-9e">
         <name>.text.SYSCFG_DL_init</name>
         <load_address>0x3dcc</load_address>
         <readonly>true</readonly>
         <executable>true</executable>
         <run_address>0x3dcc</run_address>
         <size>0x30</size>
         <alignment>0x4</alignment>
         <input_file_ref idref="fl-2"/>
      </object_component>
      <object_component id="oc-cb">
         <name>.text.game2p_init</name>
         <load_address>0x3dfc</load_address>
         <readonly>true</readonly>
         <executable>true</executable>
         <run_address>0x3dfc</run_address>
         <size>0x2c</size>
         <alignment>0x2</alignment>
         <input_file_ref idref="fl-4"/>
      </object_component>
      <object_component id="oc-16e">
         <name>.text.memmove</name>
         <load_address>0x3e28</load_address>
         <readonly>true</readonly>
         <executable>true</executable>
         <run_address>0x3e28</run_address>
         <size>0x28</size>
         <alignment>0x2</alignment>
         <input_file_ref idref="fl-e1"/>
      </object_component>
      <object_component id="oc-5a">
         <name>.text:_c_int00_noargs</name>
         <load_address>0x3e50</load_address>
         <readonly>true</readonly>
         <executable>true</executable>
         <run_address>0x3e50</run_address>
         <size>0x28</size>
         <alignment>0x4</alignment>
         <input_file_ref idref="fl-2f"/>
      </object_component>
      <object_component id="oc-ca">
         <name>.text.platformer_init</name>
         <load_address>0x3e78</load_address>
         <readonly>true</readonly>
         <executable>true</executable>
         <run_address>0x3e78</run_address>
         <size>0x26</size>
         <alignment>0x2</alignment>
         <input_file_ref idref="fl-4"/>
      </object_component>
      <object_component id="oc-15c">
         <name>.text.DL_Timer_setClockConfig</name>
         <load_address>0x3ea0</load_address>
         <readonly>true</readonly>
         <executable>true</executable>
         <run_address>0x3ea0</run_address>
         <size>0x1c</size>
         <alignment>0x4</alignment>
         <input_file_ref idref="fl-18"/>
      </object_component>
      <object_component id="oc-3a">
         <name>.text.TIMA0_IRQHandler</name>
         <load_address>0x3ebc</load_address>
         <readonly>true</readonly>
         <executable>true</executable>
         <run_address>0x3ebc</run_address>
         <size>0x1c</size>
         <alignment>0x4</alignment>
         <input_file_ref idref="fl-6"/>
      </object_component>
      <object_component id="oc-c6">
         <name>.text.OLED_Clear</name>
         <load_address>0x3ed8</load_address>
         <readonly>true</readonly>
         <executable>true</executable>
         <run_address>0x3ed8</run_address>
         <size>0x14</size>
         <alignment>0x4</alignment>
         <input_file_ref idref="fl-7"/>
      </object_component>
      <object_component id="oc-165">
         <name>.text.DL_SPI_setClockConfig</name>
         <load_address>0x3eec</load_address>
         <readonly>true</readonly>
         <executable>true</executable>
         <run_address>0x3eec</run_address>
         <size>0x12</size>
         <alignment>0x2</alignment>
         <input_file_ref idref="fl-17"/>
      </object_component>
      <object_component id="oc-20">
         <name>.text:decompress:none</name>
         <load_address>0x3efe</load_address>
         <readonly>true</readonly>
         <executable>true</executable>
         <run_address>0x3efe</run_address>
         <size>0x12</size>
         <alignment>0x2</alignment>
         <input_file_ref idref="fl-35"/>
      </object_component>
      <object_component id="oc-57">
         <name>.text:decompress:ZI</name>
         <load_address>0x3f10</load_address>
         <readonly>true</readonly>
         <executable>true</executable>
         <run_address>0x3f10</run_address>
         <size>0x10</size>
         <alignment>0x2</alignment>
         <input_file_ref idref="fl-34"/>
      </object_component>
      <object_component id="oc-7a">
         <name>.text.__aeabi_memclr</name>
         <load_address>0x3f20</load_address>
         <readonly>true</readonly>
         <executable>true</executable>
         <run_address>0x3f20</run_address>
         <size>0xc</size>
         <alignment>0x4</alignment>
         <input_file_ref idref="fl-dc"/>
      </object_component>
      <object_component id="oc-158">
         <name>.text.DL_Common_delayCycles</name>
         <load_address>0x3f2c</load_address>
         <readonly>true</readonly>
         <executable>true</executable>
         <run_address>0x3f2c</run_address>
         <size>0xa</size>
         <alignment>0x2</alignment>
         <input_file_ref idref="fl-16"/>
      </object_component>
      <object_component id="oc-4a">
         <name>.text.__aeabi_memcpy</name>
         <load_address>0x3f38</load_address>
         <readonly>true</readonly>
         <executable>true</executable>
         <run_address>0x3f38</run_address>
         <size>0x8</size>
         <alignment>0x4</alignment>
         <input_file_ref idref="fl-da"/>
      </object_component>
      <object_component id="oc-123">
         <name>.text.__aeabi_memmove</name>
         <load_address>0x3f40</load_address>
         <readonly>true</readonly>
         <executable>true</executable>
         <run_address>0x3f40</run_address>
         <size>0x8</size>
         <alignment>0x4</alignment>
         <input_file_ref idref="fl-db"/>
      </object_component>
      <object_component id="oc-d4">
         <name>.text:abort</name>
         <load_address>0x3f48</load_address>
         <readonly>true</readonly>
         <executable>true</executable>
         <run_address>0x3f48</run_address>
         <size>0x6</size>
         <alignment>0x2</alignment>
         <input_file_ref idref="fl-37"/>
      </object_component>
      <object_component id="oc-147">
         <name>.text.HOSTexit</name>
         <load_address>0x3f4e</load_address>
         <readonly>true</readonly>
         <executable>true</executable>
         <run_address>0x3f4e</run_address>
         <size>0x4</size>
         <alignment>0x2</alignment>
         <input_file_ref idref="fl-d9"/>
      </object_component>
      <object_component id="oc-2f">
         <name>.text.Reset_Handler</name>
         <load_address>0x3f52</load_address>
         <readonly>true</readonly>
         <executable>true</executable>
         <run_address>0x3f52</run_address>
         <size>0x4</size>
         <alignment>0x2</alignment>
         <input_file_ref idref="fl-3"/>
      </object_component>
      <object_component id="oc-7f">
         <name>.text._system_pre_init</name>
         <load_address>0x3f56</load_address>
         <readonly>true</readonly>
         <executable>true</executable>
         <run_address>0x3f56</run_address>
         <size>0x4</size>
         <alignment>0x2</alignment>
         <input_file_ref idref="fl-32"/>
      </object_component>
      <object_component id="oc-1ca">
         <name>.cinit..data.load</name>
         <load_address>0x4410</load_address>
         <readonly>true</readonly>
         <run_address>0x4410</run_address>
         <size>0x11</size>
         <alignment>0x1</alignment>
      </object_component>
      <object_component id="oc-1c8">
         <name>__TI_handler_table</name>
         <load_address>0x4424</load_address>
         <readonly>true</readonly>
         <run_address>0x4424</run_address>
         <size>0xc</size>
         <alignment>0x4</alignment>
      </object_component>
      <object_component id="oc-1cb">
         <name>.cinit..bss.load</name>
         <load_address>0x4430</load_address>
         <readonly>true</readonly>
         <run_address>0x4430</run_address>
         <size>0x8</size>
         <alignment>0x4</alignment>
      </object_component>
      <object_component id="oc-1c9">
         <name>__TI_cinit_table</name>
         <load_address>0x4438</load_address>
         <readonly>true</readonly>
         <run_address>0x4438</run_address>
         <size>0x10</size>
         <alignment>0x4</alignment>
      </object_component>
      <object_component id="oc-173">
         <name>.rodata.font5x7</name>
         <load_address>0x3f60</load_address>
         <readonly>true</readonly>
         <run_address>0x3f60</run_address>
         <size>0x1db</size>
         <alignment>0x1</alignment>
         <input_file_ref idref="fl-7"/>
      </object_component>
      <object_component id="oc-131">
         <name>.rodata.pieces</name>
         <load_address>0x413b</load_address>
         <readonly>true</readonly>
         <run_address>0x413b</run_address>
         <size>0xe0</size>
         <alignment>0x1</alignment>
         <input_file_ref idref="fl-8"/>
      </object_component>
      <object_component id="oc-68">
         <name>.rodata.menu_song</name>
         <load_address>0x421c</load_address>
         <readonly>true</readonly>
         <run_address>0x421c</run_address>
         <size>0x40</size>
         <alignment>0x2</alignment>
         <input_file_ref idref="fl-1"/>
      </object_component>
      <object_component id="oc-164">
         <name>.rodata.gTIMER_0TimerConfig</name>
         <load_address>0x425c</load_address>
         <readonly>true</readonly>
         <run_address>0x425c</run_address>
         <size>0x14</size>
         <alignment>0x4</alignment>
         <input_file_ref idref="fl-2"/>
      </object_component>
      <object_component id="oc-10c">
         <name>.rodata.gameover_jingle</name>
         <load_address>0x4270</load_address>
         <readonly>true</readonly>
         <run_address>0x4270</run_address>
         <size>0x14</size>
         <alignment>0x2</alignment>
         <input_file_ref idref="fl-1"/>
      </object_component>
      <object_component id="oc-12c">
         <name>.rodata.str1.3890680804621497596.1</name>
         <load_address>0x4284</load_address>
         <readonly>true</readonly>
         <run_address>0x4284</run_address>
         <size>0x12</size>
         <alignment>0x1</alignment>
         <input_file_ref idref="fl-8"/>
      </object_component>
      <object_component id="oc-112">
         <name>.rodata.str1.2833202390838679115.1</name>
         <load_address>0x4296</load_address>
         <readonly>true</readonly>
         <run_address>0x4296</run_address>
         <size>0x10</size>
         <alignment>0x1</alignment>
         <input_file_ref idref="fl-4"/>
      </object_component>
      <object_component id="oc-113">
         <name>.rodata.str1.2948333331212218117.1</name>
         <load_address>0x42a6</load_address>
         <readonly>true</readonly>
         <run_address>0x42a6</run_address>
         <size>0x10</size>
         <alignment>0x1</alignment>
         <input_file_ref idref="fl-4"/>
      </object_component>
      <object_component id="oc-12b">
         <name>.rodata.str1.6513745947343010368.1</name>
         <load_address>0x42b6</load_address>
         <readonly>true</readonly>
         <run_address>0x42b6</run_address>
         <size>0x10</size>
         <alignment>0x1</alignment>
         <input_file_ref idref="fl-8"/>
      </object_component>
      <object_component id="oc-116">
         <name>.rodata.str1.8189132184896186292.1</name>
         <load_address>0x42c6</load_address>
         <readonly>true</readonly>
         <run_address>0x42c6</run_address>
         <size>0xf</size>
         <alignment>0x1</alignment>
         <input_file_ref idref="fl-4"/>
      </object_component>
      <object_component id="oc-122">
         <name>.rodata.str1.6849864942619857425.1</name>
         <load_address>0x42d5</load_address>
         <readonly>true</readonly>
         <run_address>0x42d5</run_address>
         <size>0xe</size>
         <alignment>0x1</alignment>
         <input_file_ref idref="fl-4"/>
      </object_component>
      <object_component id="oc-130">
         <name>.rodata.str1.6394291721124310681.1</name>
         <load_address>0x42e3</load_address>
         <readonly>true</readonly>
         <run_address>0x42e3</run_address>
         <size>0xd</size>
         <alignment>0x1</alignment>
         <input_file_ref idref="fl-8"/>
      </object_component>
      <object_component id="oc-135">
         <name>.rodata.str1.12180500075719773345.1</name>
         <load_address>0x42f0</load_address>
         <readonly>true</readonly>
         <run_address>0x42f0</run_address>
         <size>0xc</size>
         <alignment>0x1</alignment>
         <input_file_ref idref="fl-6"/>
      </object_component>
      <object_component id="oc-145">
         <name>.rodata.str1.14112174005742061988.1</name>
         <load_address>0x42fc</load_address>
         <readonly>true</readonly>
         <run_address>0x42fc</run_address>
         <size>0xc</size>
         <alignment>0x1</alignment>
         <input_file_ref idref="fl-6"/>
      </object_component>
      <object_component id="oc-143">
         <name>.rodata.str1.18227636981041470289.1</name>
         <load_address>0x4308</load_address>
         <readonly>true</readonly>
         <run_address>0x4308</run_address>
         <size>0xb</size>
         <alignment>0x1</alignment>
         <input_file_ref idref="fl-6"/>
      </object_component>
      <object_component id="oc-16d">
         <name>.rodata.gSPI_0_config</name>
         <load_address>0x4314</load_address>
         <readonly>true</readonly>
         <run_address>0x4314</run_address>
         <size>0xa</size>
         <alignment>0x2</alignment>
         <input_file_ref idref="fl-2"/>
      </object_component>
      <object_component id="oc-128">
         <name>.rodata.line_scores</name>
         <load_address>0x431e</load_address>
         <readonly>true</readonly>
         <run_address>0x431e</run_address>
         <size>0xa</size>
         <alignment>0x2</alignment>
         <input_file_ref idref="fl-8"/>
      </object_component>
      <object_component id="oc-140">
         <name>.rodata.str1.15159059442110792349.1</name>
         <load_address>0x4328</load_address>
         <readonly>true</readonly>
         <run_address>0x4328</run_address>
         <size>0xa</size>
         <alignment>0x1</alignment>
         <input_file_ref idref="fl-6"/>
      </object_component>
      <object_component id="oc-12e">
         <name>.rodata.str1.2833983880573671193.1</name>
         <load_address>0x4332</load_address>
         <readonly>true</readonly>
         <run_address>0x4332</run_address>
         <size>0xa</size>
         <alignment>0x1</alignment>
         <input_file_ref idref="fl-8"/>
      </object_component>
      <object_component id="oc-11a">
         <name>.rodata.str1.6100369776142028819.1</name>
         <load_address>0x433c</load_address>
         <readonly>true</readonly>
         <run_address>0x433c</run_address>
         <size>0xa</size>
         <alignment>0x1</alignment>
         <input_file_ref idref="fl-4"/>
      </object_component>
      <object_component id="oc-13f">
         <name>.rodata.str1.8076846746581808073.1</name>
         <load_address>0x4346</load_address>
         <readonly>true</readonly>
         <run_address>0x4346</run_address>
         <size>0xa</size>
         <alignment>0x1</alignment>
         <input_file_ref idref="fl-6"/>
      </object_component>
      <object_component id="oc-d1">
         <name>.rodata.str1.14079361385603432444.1</name>
         <load_address>0x4350</load_address>
         <readonly>true</readonly>
         <run_address>0x4350</run_address>
         <size>0x9</size>
         <alignment>0x1</alignment>
         <input_file_ref idref="fl-6"/>
      </object_component>
      <object_component id="oc-111">
         <name>.rodata.str1.15395850622484745175.1</name>
         <load_address>0x4359</load_address>
         <readonly>true</readonly>
         <run_address>0x4359</run_address>
         <size>0x9</size>
         <alignment>0x1</alignment>
         <input_file_ref idref="fl-4"/>
      </object_component>
      <object_component id="oc-115">
         <name>.rodata.str1.5545800068125302137.1</name>
         <load_address>0x4362</load_address>
         <readonly>true</readonly>
         <run_address>0x4362</run_address>
         <size>0x9</size>
         <alignment>0x1</alignment>
         <input_file_ref idref="fl-4"/>
      </object_component>
      <object_component id="oc-d3">
         <name>.rodata.str1.10313062130652730376.1</name>
         <load_address>0x436b</load_address>
         <readonly>true</readonly>
         <run_address>0x436b</run_address>
         <size>0x8</size>
         <alignment>0x1</alignment>
         <input_file_ref idref="fl-6"/>
      </object_component>
      <object_component id="oc-121">
         <name>.rodata.str1.14107836020353751890.1</name>
         <load_address>0x4373</load_address>
         <readonly>true</readonly>
         <run_address>0x4373</run_address>
         <size>0x8</size>
         <alignment>0x1</alignment>
         <input_file_ref idref="fl-4"/>
      </object_component>
      <object_component id="oc-142">
         <name>.rodata.str1.17100691992556644108.1</name>
         <load_address>0x437b</load_address>
         <readonly>true</readonly>
         <run_address>0x437b</run_address>
         <size>0x8</size>
         <alignment>0x1</alignment>
         <input_file_ref idref="fl-6"/>
      </object_component>
      <object_component id="oc-120">
         <name>.rodata.str1.17708770684071004443.1</name>
         <load_address>0x4383</load_address>
         <readonly>true</readonly>
         <run_address>0x4383</run_address>
         <size>0x8</size>
         <alignment>0x1</alignment>
         <input_file_ref idref="fl-4"/>
      </object_component>
      <object_component id="oc-114">
         <name>.rodata.str1.6354396994968447843.1</name>
         <load_address>0x438b</load_address>
         <readonly>true</readonly>
         <run_address>0x438b</run_address>
         <size>0x8</size>
         <alignment>0x1</alignment>
         <input_file_ref idref="fl-4"/>
      </object_component>
      <object_component id="oc-12d">
         <name>.rodata.str1.7224606789491541917.1</name>
         <load_address>0x4393</load_address>
         <readonly>true</readonly>
         <run_address>0x4393</run_address>
         <size>0x8</size>
         <alignment>0x1</alignment>
         <input_file_ref idref="fl-8"/>
      </object_component>
      <object_component id="oc-11e">
         <name>.rodata.str1.8357395868762639450.1</name>
         <load_address>0x439b</load_address>
         <readonly>true</readonly>
         <run_address>0x439b</run_address>
         <size>0x8</size>
         <alignment>0x1</alignment>
         <input_file_ref idref="fl-4"/>
      </object_component>
      <object_component id="oc-117">
         <name>.rodata.str1.9707769887897754995.1</name>
         <load_address>0x43a3</load_address>
         <readonly>true</readonly>
         <run_address>0x43a3</run_address>
         <size>0x8</size>
         <alignment>0x1</alignment>
         <input_file_ref idref="fl-4"/>
      </object_component>
      <object_component id="oc-11f">
         <name>.rodata.str1.9969844259988889360.1</name>
         <load_address>0x43ab</load_address>
         <readonly>true</readonly>
         <run_address>0x43ab</run_address>
         <size>0x8</size>
         <alignment>0x1</alignment>
         <input_file_ref idref="fl-4"/>
      </object_component>
      <object_component id="oc-12f">
         <name>.rodata.str1.1419153356704373736.1</name>
         <load_address>0x43b3</load_address>
         <readonly>true</readonly>
         <run_address>0x43b3</run_address>
         <size>0x7</size>
         <alignment>0x1</alignment>
         <input_file_ref idref="fl-8"/>
      </object_component>
      <object_component id="oc-12a">
         <name>.rodata.str1.16261958295483447116.1</name>
         <load_address>0x43ba</load_address>
         <readonly>true</readonly>
         <run_address>0x43ba</run_address>
         <size>0x7</size>
         <alignment>0x1</alignment>
         <input_file_ref idref="fl-8"/>
      </object_component>
      <object_component id="oc-144">
         <name>.rodata.str1.2846389346932560359.1</name>
         <load_address>0x43c1</load_address>
         <readonly>true</readonly>
         <run_address>0x43c1</run_address>
         <size>0x7</size>
         <alignment>0x1</alignment>
         <input_file_ref idref="fl-6"/>
      </object_component>
      <object_component id="oc-13a">
         <name>.rodata.str1.14402440632258215044.1</name>
         <load_address>0x43c8</load_address>
         <readonly>true</readonly>
         <run_address>0x43c8</run_address>
         <size>0x6</size>
         <alignment>0x1</alignment>
         <input_file_ref idref="fl-6"/>
      </object_component>
      <object_component id="oc-11b">
         <name>.rodata.str1.3846330321212824532.1</name>
         <load_address>0x43ce</load_address>
         <readonly>true</readonly>
         <run_address>0x43ce</run_address>
         <size>0x6</size>
         <alignment>0x1</alignment>
         <input_file_ref idref="fl-4"/>
      </object_component>
      <object_component id="oc-139">
         <name>.rodata.str1.15996357275703397564.1</name>
         <load_address>0x43d4</load_address>
         <readonly>true</readonly>
         <run_address>0x43d4</run_address>
         <size>0x5</size>
         <alignment>0x1</alignment>
         <input_file_ref idref="fl-6"/>
      </object_component>
      <object_component id="oc-138">
         <name>.rodata.str1.16265332423659789559.1</name>
         <load_address>0x43d9</load_address>
         <readonly>true</readonly>
         <run_address>0x43d9</run_address>
         <size>0x5</size>
         <alignment>0x1</alignment>
         <input_file_ref idref="fl-6"/>
      </object_component>
      <object_component id="oc-11c">
         <name>.rodata.str1.3989973381034227510.1</name>
         <load_address>0x43de</load_address>
         <readonly>true</readonly>
         <run_address>0x43de</run_address>
         <size>0x5</size>
         <alignment>0x1</alignment>
         <input_file_ref idref="fl-4"/>
      </object_component>
      <object_component id="oc-141">
         <name>.rodata.str1.8154729771448623357.1</name>
         <load_address>0x43e3</load_address>
         <readonly>true</readonly>
         <run_address>0x43e3</run_address>
         <size>0x5</size>
         <alignment>0x1</alignment>
         <input_file_ref idref="fl-6"/>
      </object_component>
      <object_component id="oc-132">
         <name>.rodata.str1.1796946245022526014.1</name>
         <load_address>0x43e8</load_address>
         <readonly>true</readonly>
         <run_address>0x43e8</run_address>
         <size>0x4</size>
         <alignment>0x1</alignment>
         <input_file_ref idref="fl-8"/>
      </object_component>
      <object_component id="oc-133">
         <name>.rodata.str1.3887725674600554520.1</name>
         <load_address>0x43ec</load_address>
         <readonly>true</readonly>
         <run_address>0x43ec</run_address>
         <size>0x4</size>
         <alignment>0x1</alignment>
         <input_file_ref idref="fl-8"/>
      </object_component>
      <object_component id="oc-134">
         <name>.rodata.str1.7815773836292278737.1</name>
         <load_address>0x43f0</load_address>
         <readonly>true</readonly>
         <run_address>0x43f0</run_address>
         <size>0x4</size>
         <alignment>0x1</alignment>
         <input_file_ref idref="fl-8"/>
      </object_component>
      <object_component id="oc-118">
         <name>.rodata.str1.9806857748358305087.1</name>
         <load_address>0x43f4</load_address>
         <readonly>true</readonly>
         <run_address>0x43f4</run_address>
         <size>0x4</size>
         <alignment>0x1</alignment>
         <input_file_ref idref="fl-4"/>
      </object_component>
      <object_component id="oc-163">
         <name>.rodata.gTIMER_0ClockConfig</name>
         <load_address>0x43f8</load_address>
         <readonly>true</readonly>
         <run_address>0x43f8</run_address>
         <size>0x3</size>
         <alignment>0x1</alignment>
         <input_file_ref idref="fl-2"/>
      </object_component>
      <object_component id="oc-d2">
         <name>.rodata.str1.2763581881760962609.1</name>
         <load_address>0x43fb</load_address>
         <readonly>true</readonly>
         <run_address>0x43fb</run_address>
         <size>0x3</size>
         <alignment>0x1</alignment>
         <input_file_ref idref="fl-6"/>
      </object_component>
      <object_component id="oc-137">
         <name>.rodata.str1.7702501944640899365.1</name>
         <load_address>0x43fe</load_address>
         <readonly>true</readonly>
         <run_address>0x43fe</run_address>
         <size>0x3</size>
         <alignment>0x1</alignment>
         <input_file_ref idref="fl-6"/>
      </object_component>
      <object_component id="oc-16c">
         <name>.rodata.gSPI_0_clockConfig</name>
         <load_address>0x4401</load_address>
         <readonly>true</readonly>
         <run_address>0x4401</run_address>
         <size>0x2</size>
         <alignment>0x1</alignment>
         <input_file_ref idref="fl-2"/>
      </object_component>
      <object_component id="oc-13e">
         <name>.rodata.str1.11870794119293528247.1</name>
         <load_address>0x4403</load_address>
         <readonly>true</readonly>
         <run_address>0x4403</run_address>
         <size>0x2</size>
         <alignment>0x1</alignment>
         <input_file_ref idref="fl-6"/>
      </object_component>
      <object_component id="oc-13b">
         <name>.rodata.str1.2123964117280943167.1</name>
         <load_address>0x4405</load_address>
         <readonly>true</readonly>
         <run_address>0x4405</run_address>
         <size>0x2</size>
         <alignment>0x1</alignment>
         <input_file_ref idref="fl-6"/>
      </object_component>
      <object_component id="oc-136">
         <name>.rodata.str1.288608917962107522.1</name>
         <load_address>0x4407</load_address>
         <readonly>true</readonly>
         <run_address>0x4407</run_address>
         <size>0x2</size>
         <alignment>0x1</alignment>
         <input_file_ref idref="fl-6"/>
      </object_component>
      <object_component id="oc-13d">
         <name>.rodata.str1.8108965883388295311.1</name>
         <load_address>0x4409</load_address>
         <readonly>true</readonly>
         <run_address>0x4409</run_address>
         <size>0x2</size>
         <alignment>0x1</alignment>
         <input_file_ref idref="fl-6"/>
      </object_component>
      <object_component id="oc-13c">
         <name>.rodata.str1.9059077390166914652.1</name>
         <load_address>0x440b</load_address>
         <readonly>true</readonly>
         <run_address>0x440b</run_address>
         <size>0x2</size>
         <alignment>0x1</alignment>
         <input_file_ref idref="fl-6"/>
      </object_component>
      <object_component id="oc-192">
         <name>.binit</name>
         <load_address>0x0</load_address>
         <readonly>true</readonly>
         <run_address>0x0</run_address>
         <size>0x0</size>
         <alignment>0x4</alignment>
      </object_component>
      <object_component id="oc-65">
         <name>.data.buzzer_music_enabled</name>
         <load_address>0x202004f6</load_address>
         <readwrite>true</readwrite>
         <run_address>0x202004f6</run_address>
         <size>0x1</size>
         <alignment>0x1</alignment>
         <input_file_ref idref="fl-1"/>
      </object_component>
      <object_component id="oc-66">
         <name>.data.buzzer_note_ticks_remaining</name>
         <load_address>0x202004e8</load_address>
         <readwrite>true</readwrite>
         <run_address>0x202004e8</run_address>
         <size>0x2</size>
         <alignment>0x2</alignment>
         <input_file_ref idref="fl-1"/>
      </object_component>
      <object_component id="oc-67">
         <name>.data.buzzer_note_index</name>
         <load_address>0x202004f7</load_address>
         <readwrite>true</readwrite>
         <run_address>0x202004f7</run_address>
         <size>0x1</size>
         <alignment>0x1</alignment>
         <input_file_ref idref="fl-1"/>
      </object_component>
      <object_component id="oc-69">
         <name>.data.buzzer_half_period_ticks</name>
         <load_address>0x202004e6</load_address>
         <readwrite>true</readwrite>
         <run_address>0x202004e6</run_address>
         <size>0x2</size>
         <alignment>0x2</alignment>
         <input_file_ref idref="fl-1"/>
      </object_component>
      <object_component id="oc-6b">
         <name>.data.buzzer_pin_on</name>
         <load_address>0x202004f8</load_address>
         <readwrite>true</readwrite>
         <run_address>0x202004f8</run_address>
         <size>0x1</size>
         <alignment>0x1</alignment>
         <input_file_ref idref="fl-1"/>
      </object_component>
      <object_component id="oc-6a">
         <name>.data.buzzer_half_period_counter</name>
         <load_address>0x202004e4</load_address>
         <readwrite>true</readwrite>
         <run_address>0x202004e4</run_address>
         <size>0x2</size>
         <alignment>0x2</alignment>
         <input_file_ref idref="fl-1"/>
      </object_component>
      <object_component id="oc-6c">
         <name>.data.sfx_ticks_remaining</name>
         <load_address>0x202004f0</load_address>
         <readwrite>true</readwrite>
         <run_address>0x202004f0</run_address>
         <size>0x2</size>
         <alignment>0x2</alignment>
         <input_file_ref idref="fl-1"/>
      </object_component>
      <object_component id="oc-6f">
         <name>.data.sfx_pin_on</name>
         <load_address>0x202004fc</load_address>
         <readwrite>true</readwrite>
         <run_address>0x202004fc</run_address>
         <size>0x1</size>
         <alignment>0x1</alignment>
         <input_file_ref idref="fl-1"/>
      </object_component>
      <object_component id="oc-6d">
         <name>.data.sfx_half_period_ticks</name>
         <load_address>0x202004ee</load_address>
         <readwrite>true</readwrite>
         <run_address>0x202004ee</run_address>
         <size>0x2</size>
         <alignment>0x2</alignment>
         <input_file_ref idref="fl-1"/>
      </object_component>
      <object_component id="oc-6e">
         <name>.data.sfx_half_period_counter</name>
         <load_address>0x202004ec</load_address>
         <readwrite>true</readwrite>
         <run_address>0x202004ec</run_address>
         <size>0x2</size>
         <alignment>0x2</alignment>
         <input_file_ref idref="fl-1"/>
      </object_component>
      <object_component id="oc-10b">
         <name>.data.jingle_index</name>
         <load_address>0x202004fa</load_address>
         <readwrite>true</readwrite>
         <run_address>0x202004fa</run_address>
         <size>0x1</size>
         <alignment>0x1</alignment>
         <input_file_ref idref="fl-1"/>
      </object_component>
      <object_component id="oc-10a">
         <name>.data.jingle_playing</name>
         <load_address>0x202004fb</load_address>
         <readwrite>true</readwrite>
         <run_address>0x202004fb</run_address>
         <size>0x1</size>
         <alignment>0x1</alignment>
         <input_file_ref idref="fl-1"/>
      </object_component>
      <object_component id="oc-72">
         <name>.data.g_tick</name>
         <load_address>0x202004f9</load_address>
         <readwrite>true</readwrite>
         <run_address>0x202004f9</run_address>
         <size>0x1</size>
         <alignment>0x1</alignment>
         <input_file_ref idref="fl-6"/>
      </object_component>
      <object_component id="oc-cc">
         <name>.data.splash_phase</name>
         <load_address>0x202004ff</load_address>
         <readwrite>true</readwrite>
         <run_address>0x202004ff</run_address>
         <size>0x1</size>
         <alignment>0x1</alignment>
         <input_file_ref idref="fl-6"/>
      </object_component>
      <object_component id="oc-d0">
         <name>.data.splash_offset</name>
         <load_address>0x202004f2</load_address>
         <readwrite>true</readwrite>
         <run_address>0x202004f2</run_address>
         <size>0x2</size>
         <alignment>0x2</alignment>
         <input_file_ref idref="fl-6"/>
      </object_component>
      <object_component id="oc-cf">
         <name>.data.v1_offset</name>
         <load_address>0x202004f4</load_address>
         <readwrite>true</readwrite>
         <run_address>0x202004f4</run_address>
         <size>0x2</size>
         <alignment>0x2</alignment>
         <input_file_ref idref="fl-6"/>
      </object_component>
      <object_component id="oc-cd">
         <name>.data.splash_blink_timer</name>
         <load_address>0x202004fe</load_address>
         <readwrite>true</readwrite>
         <run_address>0x202004fe</run_address>
         <size>0x1</size>
         <alignment>0x1</alignment>
         <input_file_ref idref="fl-6"/>
      </object_component>
      <object_component id="oc-ce">
         <name>.data.splash_blink_on</name>
         <load_address>0x202004fd</load_address>
         <readwrite>true</readwrite>
         <run_address>0x202004fd</run_address>
         <size>0x1</size>
         <alignment>0x1</alignment>
         <input_file_ref idref="fl-6"/>
      </object_component>
      <object_component id="oc-107">
         <name>.data.rng_state</name>
         <load_address>0x202004ea</load_address>
         <readwrite>true</readwrite>
         <run_address>0x202004ea</run_address>
         <size>0x2</size>
         <alignment>0x2</alignment>
         <input_file_ref idref="fl-8"/>
      </object_component>
      <object_component id="oc-101">
         <name>.bss.fb</name>
         <uninitialized>true</uninitialized>
         <readwrite>true</readwrite>
         <run_address>0x20200000</run_address>
         <size>0x400</size>
         <alignment>0x4</alignment>
         <input_file_ref idref="fl-7"/>
      </object_component>
      <object_component id="oc-fd">
         <name>.common:gTIMER_0Backup</name>
         <uninitialized>true</uninitialized>
         <readwrite>true</readwrite>
         <run_address>0x20200400</run_address>
         <size>0xbc</size>
         <alignment>0x4</alignment>
      </object_component>
      <object_component id="oc-fe">
         <name>.common:gSPI_0Backup</name>
         <uninitialized>true</uninitialized>
         <readwrite>true</readwrite>
         <run_address>0x202004bc</run_address>
         <size>0x28</size>
         <alignment>0x4</alignment>
      </object_component>
      <object_component id="oc-1a">
         <name>.stack</name>
         <uninitialized>true</uninitialized>
         <readwrite>true</readwrite>
         <run_address>0x20207e00</run_address>
         <size>0x4</size>
         <alignment>0x4</alignment>
         <input_file_ref idref="fl-2f"/>
      </object_component>
      <object_component id="oc-1cd">
         <name>.stack</name>
         <uninitialized>true</uninitialized>
         <readwrite>true</readwrite>
         <run_address>0x20207e00</run_address>
         <size>0x0</size>
         <alignment>0x8</alignment>
      </object_component>
      <object_component id="oc-36">
         <name>.debug_loc</name>
         <load_address>0x0</load_address>
         <run_address>0x0</run_address>
         <size>0xf5</size>
         <alignment>0x1</alignment>
         <input_file_ref idref="fl-1"/>
      </object_component>
      <object_component id="oc-fa">
         <name>.debug_loc</name>
         <load_address>0xf5</load_address>
         <run_address>0xf5</run_address>
         <size>0xd3</size>
         <alignment>0x1</alignment>
         <input_file_ref idref="fl-2"/>
      </object_component>
      <object_component id="oc-aa">
         <name>.debug_loc</name>
         <load_address>0x1c8</load_address>
         <run_address>0x1c8</run_address>
         <size>0x1157</size>
         <alignment>0x1</alignment>
         <input_file_ref idref="fl-4"/>
      </object_component>
      <object_component id="oc-75">
         <name>.debug_loc</name>
         <load_address>0x131f</load_address>
         <run_address>0x131f</run_address>
         <size>0x2c0</size>
         <alignment>0x1</alignment>
         <input_file_ref idref="fl-6"/>
      </object_component>
      <object_component id="oc-c8">
         <name>.debug_loc</name>
         <load_address>0x15df</load_address>
         <run_address>0x15df</run_address>
         <size>0x23b6</size>
         <alignment>0x1</alignment>
         <input_file_ref idref="fl-7"/>
      </object_component>
      <object_component id="oc-b1">
         <name>.debug_loc</name>
         <load_address>0x3995</load_address>
         <run_address>0x3995</run_address>
         <size>0xbeb</size>
         <alignment>0x1</alignment>
         <input_file_ref idref="fl-8"/>
      </object_component>
      <object_component id="oc-181">
         <name>.debug_loc</name>
         <load_address>0x4580</load_address>
         <run_address>0x4580</run_address>
         <size>0x13</size>
         <alignment>0x1</alignment>
         <input_file_ref idref="fl-16"/>
      </object_component>
      <object_component id="oc-169">
         <name>.debug_loc</name>
         <load_address>0x4593</load_address>
         <run_address>0x4593</run_address>
         <size>0x88e</size>
         <alignment>0x1</alignment>
         <input_file_ref idref="fl-17"/>
      </object_component>
      <object_component id="oc-15d">
         <name>.debug_loc</name>
         <load_address>0x4e21</load_address>
         <run_address>0x4e21</run_address>
         <size>0x1a68</size>
         <alignment>0x1</alignment>
         <input_file_ref idref="fl-18"/>
      </object_component>
      <object_component id="oc-45">
         <name>.debug_loc</name>
         <load_address>0x6889</load_address>
         <run_address>0x6889</run_address>
         <size>0xd8</size>
         <alignment>0x1</alignment>
         <input_file_ref idref="fl-2f"/>
      </object_component>
      <object_component id="oc-dd">
         <name>.debug_loc</name>
         <load_address>0x6961</load_address>
         <run_address>0x6961</run_address>
         <size>0x424</size>
         <alignment>0x1</alignment>
         <input_file_ref idref="fl-31"/>
      </object_component>
      <object_component id="oc-56">
         <name>.debug_loc</name>
         <load_address>0x6d85</load_address>
         <run_address>0x6d85</run_address>
         <size>0x16c</size>
         <alignment>0x1</alignment>
         <input_file_ref idref="fl-34"/>
      </object_component>
      <object_component id="oc-50">
         <name>.debug_loc</name>
         <load_address>0x6ef1</load_address>
         <run_address>0x6ef1</run_address>
         <size>0x6f</size>
         <alignment>0x1</alignment>
         <input_file_ref idref="fl-35"/>
      </object_component>
      <object_component id="oc-48">
         <name>.debug_loc</name>
         <load_address>0x6f60</load_address>
         <run_address>0x6f60</run_address>
         <size>0x167</size>
         <alignment>0x1</alignment>
         <input_file_ref idref="fl-36"/>
      </object_component>
      <object_component id="oc-da">
         <name>.debug_loc</name>
         <load_address>0x70c7</load_address>
         <run_address>0x70c7</run_address>
         <size>0x26</size>
         <alignment>0x1</alignment>
         <input_file_ref idref="fl-37"/>
      </object_component>
      <object_component id="oc-ef">
         <name>.debug_loc</name>
         <load_address>0x70ed</load_address>
         <run_address>0x70ed</run_address>
         <size>0x20</size>
         <alignment>0x1</alignment>
         <input_file_ref idref="fl-de"/>
      </object_component>
      <object_component id="oc-188">
         <name>.debug_loc</name>
         <load_address>0x710d</load_address>
         <run_address>0x710d</run_address>
         <size>0xe6</size>
         <alignment>0x1</alignment>
         <input_file_ref idref="fl-e1"/>
      </object_component>
      <object_component id="oc-70">
         <name>.debug_abbrev</name>
         <load_address>0x0</load_address>
         <run_address>0x0</run_address>
         <size>0x235</size>
         <alignment>0x1</alignment>
         <input_file_ref idref="fl-1"/>
      </object_component>
      <object_component id="oc-ff">
         <name>.debug_abbrev</name>
         <load_address>0x235</load_address>
         <run_address>0x235</run_address>
         <size>0x1f8</size>
         <alignment>0x1</alignment>
         <input_file_ref idref="fl-2"/>
      </object_component>
      <object_component id="oc-3f">
         <name>.debug_abbrev</name>
         <load_address>0x42d</load_address>
         <run_address>0x42d</run_address>
         <size>0x6d</size>
         <alignment>0x1</alignment>
         <input_file_ref idref="fl-3"/>
      </object_component>
      <object_component id="oc-104">
         <name>.debug_abbrev</name>
         <load_address>0x49a</load_address>
         <run_address>0x49a</run_address>
         <size>0x22d</size>
         <alignment>0x1</alignment>
         <input_file_ref idref="fl-4"/>
      </object_component>
      <object_component id="oc-10d">
         <name>.debug_abbrev</name>
         <load_address>0x6c7</load_address>
         <run_address>0x6c7</run_address>
         <size>0x103</size>
         <alignment>0x1</alignment>
         <input_file_ref idref="fl-5"/>
      </object_component>
      <object_component id="oc-73">
         <name>.debug_abbrev</name>
         <load_address>0x7ca</load_address>
         <run_address>0x7ca</run_address>
         <size>0x23c</size>
         <alignment>0x1</alignment>
         <input_file_ref idref="fl-6"/>
      </object_component>
      <object_component id="oc-102">
         <name>.debug_abbrev</name>
         <load_address>0xa06</load_address>
         <run_address>0xa06</run_address>
         <size>0x26c</size>
         <alignment>0x1</alignment>
         <input_file_ref idref="fl-7"/>
      </object_component>
      <object_component id="oc-108">
         <name>.debug_abbrev</name>
         <load_address>0xc72</load_address>
         <run_address>0xc72</run_address>
         <size>0x25b</size>
         <alignment>0x1</alignment>
         <input_file_ref idref="fl-8"/>
      </object_component>
      <object_component id="oc-17f">
         <name>.debug_abbrev</name>
         <load_address>0xecd</load_address>
         <run_address>0xecd</run_address>
         <size>0x62</size>
         <alignment>0x1</alignment>
         <input_file_ref idref="fl-16"/>
      </object_component>
      <object_component id="oc-184">
         <name>.debug_abbrev</name>
         <load_address>0xf2f</load_address>
         <run_address>0xf2f</run_address>
         <size>0x277</size>
         <alignment>0x1</alignment>
         <input_file_ref idref="fl-17"/>
      </object_component>
      <object_component id="oc-182">
         <name>.debug_abbrev</name>
         <load_address>0x11a6</load_address>
         <run_address>0x11a6</run_address>
         <size>0x286</size>
         <alignment>0x1</alignment>
         <input_file_ref idref="fl-18"/>
      </object_component>
      <object_component id="oc-41">
         <name>.debug_abbrev</name>
         <load_address>0x142c</load_address>
         <run_address>0x142c</run_address>
         <size>0xaf</size>
         <alignment>0x1</alignment>
         <input_file_ref idref="fl-2f"/>
      </object_component>
      <object_component id="oc-151">
         <name>.debug_abbrev</name>
         <load_address>0x14db</load_address>
         <run_address>0x14db</run_address>
         <size>0x170</size>
         <alignment>0x1</alignment>
         <input_file_ref idref="fl-31"/>
      </object_component>
      <object_component id="oc-9c">
         <name>.debug_abbrev</name>
         <load_address>0x164b</load_address>
         <run_address>0x164b</run_address>
         <size>0x39</size>
         <alignment>0x1</alignment>
         <input_file_ref idref="fl-32"/>
      </object_component>
      <object_component id="oc-78">
         <name>.debug_abbrev</name>
         <load_address>0x1684</load_address>
         <run_address>0x1684</run_address>
         <size>0xc2</size>
         <alignment>0x1</alignment>
         <input_file_ref idref="fl-34"/>
      </object_component>
      <object_component id="oc-4e">
         <name>.debug_abbrev</name>
         <load_address>0x1746</load_address>
         <run_address>0x1746</run_address>
         <size>0x70</size>
         <alignment>0x1</alignment>
         <input_file_ref idref="fl-35"/>
      </object_component>
      <object_component id="oc-46">
         <name>.debug_abbrev</name>
         <load_address>0x17b6</load_address>
         <run_address>0x17b6</run_address>
         <size>0x8d</size>
         <alignment>0x1</alignment>
         <input_file_ref idref="fl-36"/>
      </object_component>
      <object_component id="oc-14b">
         <name>.debug_abbrev</name>
         <load_address>0x1843</load_address>
         <run_address>0x1843</run_address>
         <size>0x98</size>
         <alignment>0x1</alignment>
         <input_file_ref idref="fl-37"/>
      </object_component>
      <object_component id="oc-174">
         <name>.debug_abbrev</name>
         <load_address>0x18db</load_address>
         <run_address>0x18db</run_address>
         <size>0x2c</size>
         <alignment>0x1</alignment>
         <input_file_ref idref="fl-d9"/>
      </object_component>
      <object_component id="oc-77">
         <name>.debug_abbrev</name>
         <load_address>0x1907</load_address>
         <run_address>0x1907</run_address>
         <size>0x27</size>
         <alignment>0x1</alignment>
         <input_file_ref idref="fl-da"/>
      </object_component>
      <object_component id="oc-172">
         <name>.debug_abbrev</name>
         <load_address>0x192e</load_address>
         <run_address>0x192e</run_address>
         <size>0x27</size>
         <alignment>0x1</alignment>
         <input_file_ref idref="fl-db"/>
      </object_component>
      <object_component id="oc-9b">
         <name>.debug_abbrev</name>
         <load_address>0x1955</load_address>
         <run_address>0x1955</run_address>
         <size>0x25</size>
         <alignment>0x1</alignment>
         <input_file_ref idref="fl-dc"/>
      </object_component>
      <object_component id="oc-93">
         <name>.debug_abbrev</name>
         <load_address>0x197a</load_address>
         <run_address>0x197a</run_address>
         <size>0x27</size>
         <alignment>0x1</alignment>
         <input_file_ref idref="fl-dd"/>
      </object_component>
      <object_component id="oc-ed">
         <name>.debug_abbrev</name>
         <load_address>0x19a1</load_address>
         <run_address>0x19a1</run_address>
         <size>0x59</size>
         <alignment>0x1</alignment>
         <input_file_ref idref="fl-de"/>
      </object_component>
      <object_component id="oc-f0">
         <name>.debug_abbrev</name>
         <load_address>0x19fa</load_address>
         <run_address>0x19fa</run_address>
         <size>0x25</size>
         <alignment>0x1</alignment>
         <input_file_ref idref="fl-df"/>
      </object_component>
      <object_component id="oc-157">
         <name>.debug_abbrev</name>
         <load_address>0x1a1f</load_address>
         <run_address>0x1a1f</run_address>
         <size>0x25</size>
         <alignment>0x1</alignment>
         <input_file_ref idref="fl-e0"/>
      </object_component>
      <object_component id="oc-186">
         <name>.debug_abbrev</name>
         <load_address>0x1a44</load_address>
         <run_address>0x1a44</run_address>
         <size>0x7e</size>
         <alignment>0x1</alignment>
         <input_file_ref idref="fl-e1"/>
      </object_component>
      <object_component id="oc-1cf">
         <name>.debug_abbrev</name>
         <load_address>0x1ac2</load_address>
         <run_address>0x1ac2</run_address>
         <size>0xf</size>
         <alignment>0x0</alignment>
      </object_component>
      <object_component id="oc-37">
         <name>.debug_info</name>
         <load_address>0x0</load_address>
         <run_address>0x0</run_address>
         <size>0xe7c</size>
         <alignment>0x1</alignment>
         <input_file_ref idref="fl-1"/>
      </object_component>
      <object_component id="oc-a0">
         <name>.debug_info</name>
         <load_address>0xe7c</load_address>
         <run_address>0xe7c</run_address>
         <size>0x299b</size>
         <alignment>0x1</alignment>
         <input_file_ref idref="fl-2"/>
      </object_component>
      <object_component id="oc-19">
         <name>.debug_info</name>
         <load_address>0x3817</load_address>
         <run_address>0x3817</run_address>
         <size>0x80</size>
         <alignment>0x1</alignment>
         <input_file_ref idref="fl-3"/>
      </object_component>
      <object_component id="oc-ac">
         <name>.debug_info</name>
         <load_address>0x3897</load_address>
         <run_address>0x3897</run_address>
         <size>0x1180</size>
         <alignment>0x1</alignment>
         <input_file_ref idref="fl-4"/>
      </object_component>
      <object_component id="oc-b8">
         <name>.debug_info</name>
         <load_address>0x4a17</load_address>
         <run_address>0x4a17</run_address>
         <size>0x798</size>
         <alignment>0x1</alignment>
         <input_file_ref idref="fl-5"/>
      </object_component>
      <object_component id="oc-3c">
         <name>.debug_info</name>
         <load_address>0x51af</load_address>
         <run_address>0x51af</run_address>
         <size>0x1503</size>
         <alignment>0x1</alignment>
         <input_file_ref idref="fl-6"/>
      </object_component>
      <object_component id="oc-a5">
         <name>.debug_info</name>
         <load_address>0x66b2</load_address>
         <run_address>0x66b2</run_address>
         <size>0x3295</size>
         <alignment>0x1</alignment>
         <input_file_ref idref="fl-7"/>
      </object_component>
      <object_component id="oc-b4">
         <name>.debug_info</name>
         <load_address>0x9947</load_address>
         <run_address>0x9947</run_address>
         <size>0xd92</size>
         <alignment>0x1</alignment>
         <input_file_ref idref="fl-8"/>
      </object_component>
      <object_component id="oc-159">
         <name>.debug_info</name>
         <load_address>0xa6d9</load_address>
         <run_address>0xa6d9</run_address>
         <size>0x75</size>
         <alignment>0x1</alignment>
         <input_file_ref idref="fl-16"/>
      </object_component>
      <object_component id="oc-166">
         <name>.debug_info</name>
         <load_address>0xa74e</load_address>
         <run_address>0xa74e</run_address>
         <size>0x118a</size>
         <alignment>0x1</alignment>
         <input_file_ref idref="fl-17"/>
      </object_component>
      <object_component id="oc-15e">
         <name>.debug_info</name>
         <load_address>0xb8d8</load_address>
         <run_address>0xb8d8</run_address>
         <size>0x32ed</size>
         <alignment>0x1</alignment>
         <input_file_ref idref="fl-18"/>
      </object_component>
      <object_component id="oc-1b">
         <name>.debug_info</name>
         <load_address>0xebc5</load_address>
         <run_address>0xebc5</run_address>
         <size>0x423</size>
         <alignment>0x1</alignment>
         <input_file_ref idref="fl-2f"/>
      </object_component>
[...]
         <name>__TI_decompress_none</name>
      </handler>
      <handler>
         <index>0x2</index>
         <name>__TI_zero_init</name>
      </handler>
   </handler_table>
   <symbol_table>
      <symbol id="sm-1">
         <name>__start___llvm_prf_cnts</name>
         <value>0x20200000</value>
      </symbol>
      <symbol id="sm-2">
         <name>__stop___llvm_prf_cnts</name>
         <value>0x20200000</value>
      </symbol>
      <symbol id="sm-3">
         <name>__start___llvm_prf_bits</name>
         <value>0x20200000</value>
      </symbol>
      <symbol id="sm-4">
         <name>__stop___llvm_prf_bits</name>
         <value>0x20200000</value>
      </symbol>
      <symbol id="sm-5">
         <name>__TI_CINIT_Base</name>
         <value>0x4438</value>
      </symbol>
      <symbol id="sm-6">
         <name>__TI_CINIT_Limit</name>
         <value>0x4448</value>
      </symbol>
      <symbol id="sm-7">
         <name>__TI_CINIT_Warm</name>
         <value>0x4448</value>
      </symbol>
      <symbol id="sm-8">
         <name>__TI_Handler_Table_Base</name>
         <value>0x4424</value>
      </symbol>
      <symbol id="sm-9">
         <name>__TI_Handler_Table_Limit</name>
         <value>0x4430</value>
      </symbol>
      <symbol id="sm-a">
         <name>binit</name>
         <value>0xffffffff</value>
      </symbol>
      <symbol id="sm-b">
         <name>__binit__</name>
         <value>0xffffffff</value>
      </symbol>
      <symbol id="sm-c">
         <name>__STACK_SIZE</name>
         <value>0x200</value>
      </symbol>
      <symbol id="sm-d">
         <name>__STACK_END</name>
         <value>0x20208000</value>
      </symbol>
      <symbol id="sm-e">
         <name>__TI_pprof_out_hndl</name>
         <value>0xffffffff</value>
      </symbol>
      <symbol id="sm-f">
         <name>__TI_prof_data_start</name>
         <value>0xffffffff</value>
      </symbol>
      <symbol id="sm-10">
         <name>__TI_prof_data_size</name>
         <value>0xffffffff</value>
      </symbol>
      <symbol id="sm-65">
         <name>SysTick_Handler</name>
         <value>0x3179</value>
         <object_component_ref idref="oc-34"/>
      </symbol>
      <symbol id="sm-66">
         <name>buzzer_init</name>
         <value>0x3cb1</value>
         <object_component_ref idref="oc-a8"/>
      </symbol>
      <symbol id="sm-67">
         <name>buzzer_set_music_enabled</name>
         <value>0x3b09</value>
         <object_component_ref idref="oc-b5"/>
      </symbol>
      <symbol id="sm-68">
         <name>jingle_tick</name>
         <value>0x3875</value>
         <object_component_ref idref="oc-b6"/>
      </symbol>
      <symbol id="sm-69">
         <name>dispatch_game_sfx</name>
         <value>0x3aad</value>
         <object_component_ref idref="oc-bc"/>
      </symbol>
      <symbol id="sm-8b">
         <name>SYSCFG_DL_init</name>
         <value>0x3dcd</value>
         <object_component_ref idref="oc-9e"/>
      </symbol>
      <symbol id="sm-8c">
         <name>SYSCFG_DL_initPower</name>
         <value>0x3c31</value>
         <object_component_ref idref="oc-f7"/>
      </symbol>
      <symbol id="sm-8d">
         <name>SYSCFG_DL_GPIO_init</name>
         <value>0x37e5</value>
         <object_component_ref idref="oc-f8"/>
      </symbol>
      <symbol id="sm-8e">
         <name>SYSCFG_DL_SYSCTL_init</name>
         <value>0x3bf1</value>
         <object_component_ref idref="oc-f9"/>
      </symbol>
      <symbol id="sm-8f">
         <name>SYSCFG_DL_TIMER_0_init</name>
         <value>0x3d61</value>
         <object_component_ref idref="oc-fb"/>
      </symbol>
      <symbol id="sm-90">
         <name>SYSCFG_DL_SPI_0_init</name>
         <value>0x3b61</value>
         <object_component_ref idref="oc-fc"/>
      </symbol>
      <symbol id="sm-91">
         <name>gTIMER_0Backup</name>
         <value>0x20200400</value>
      </symbol>
      <symbol id="sm-92">
         <name>gSPI_0Backup</name>
         <value>0x202004bc</value>
      </symbol>
      <symbol id="sm-9d">
         <name>Default_Handler</name>
         <value>0x37e3</value>
         <object_component_ref idref="oc-33"/>
      </symbol>
      <symbol id="sm-9e">
         <name>Reset_Handler</name>
         <value>0x3f53</value>
         <object_component_ref idref="oc-2f"/>
      </symbol>
      <symbol id="sm-9f">
         <name>interruptVectors</name>
         <value>0x0</value>
         <object_component_ref idref="oc-18"/>
      </symbol>
      <symbol id="sm-a0">
         <name>NMI_Handler</name>
         <value>0x37e3</value>
         <object_component_ref idref="oc-33"/>
      </symbol>
      <symbol id="sm-a1">
         <name>HardFault_Handler</name>
         <value>0x37e3</value>
         <object_component_ref idref="oc-33"/>
      </symbol>
      <symbol id="sm-a2">
         <name>SVC_Handler</name>
         <value>0x37e3</value>
         <object_component_ref idref="oc-33"/>
      </symbol>
      <symbol id="sm-a3">
         <name>PendSV_Handler</name>
         <value>0x37e3</value>
         <object_component_ref idref="oc-33"/>
      </symbol>
      <symbol id="sm-a4">
         <name>GROUP0_IRQHandler</name>
         <value>0x37e3</value>
         <object_component_ref idref="oc-33"/>
      </symbol>
      <symbol id="sm-a5">
         <name>GROUP1_IRQHandler</name>
         <value>0x37e3</value>
         <object_component_ref idref="oc-33"/>
      </symbol>
      <symbol id="sm-a6">
         <name>TIMG8_IRQHandler</name>
         <value>0x37e3</value>
         <object_component_ref idref="oc-33"/>
      </symbol>
      <symbol id="sm-a7">
         <name>UART3_IRQHandler</name>
         <value>0x37e3</value>
         <object_component_ref idref="oc-33"/>
      </symbol>
      <symbol id="sm-a8">
         <name>ADC0_IRQHandler</name>
         <value>0x37e3</value>
         <object_component_ref idref="oc-33"/>
      </symbol>
      <symbol id="sm-a9">
         <name>ADC1_IRQHandler</name>
         <value>0x37e3</value>
         <object_component_ref idref="oc-33"/>
      </symbol>
      <symbol id="sm-aa">
         <name>CANFD0_IRQHandler</name>
         <value>0x37e3</value>
         <object_component_ref idref="oc-33"/>
      </symbol>
      <symbol id="sm-ab">
         <name>DAC0_IRQHandler</name>
         <value>0x37e3</value>
         <object_component_ref idref="oc-33"/>
      </symbol>
      <symbol id="sm-ac">
         <name>SPI0_IRQHandler</name>
         <value>0x37e3</value>
         <object_component_ref idref="oc-33"/>
      </symbol>
      <symbol id="sm-ad">
         <name>SPI1_IRQHandler</name>
         <value>0x37e3</value>
         <object_component_ref idref="oc-33"/>
      </symbol>
      <symbol id="sm-ae">
         <name>UART1_IRQHandler</name>
         <value>0x37e3</value>
         <object_component_ref idref="oc-33"/>
      </symbol>
      <symbol id="sm-af">
         <name>UART2_IRQHandler</name>
         <value>0x37e3</value>
         <object_component_ref idref="oc-33"/>
      </symbol>
      <symbol id="sm-b0">
         <name>UART0_IRQHandler</name>
         <value>0x37e3</value>
         <object_component_ref idref="oc-33"/>
      </symbol>
      <symbol id="sm-b1">
         <name>TIMG0_IRQHandler</name>
         <value>0x37e3</value>
         <object_component_ref idref="oc-33"/>
      </symbol>
      <symbol id="sm-b2">
         <name>TIMG6_IRQHandler</name>
         <value>0x37e3</value>
         <object_component_ref idref="oc-33"/>
      </symbol>
      <symbol id="sm-b3">
         <name>TIMA1_IRQHandler</name>
         <value>0x37e3</value>
         <object_component_ref idref="oc-33"/>
      </symbol>
      <symbol id="sm-b4">
         <name>TIMG7_IRQHandler</name>
         <value>0x37e3</value>
         <object_component_ref idref="oc-33"/>
      </symbol>
      <symbol id="sm-b5">
         <name>TIMG12_IRQHandler</name>
         <value>0x37e3</value>
         <object_component_ref idref="oc-33"/>
      </symbol>
      <symbol id="sm-b6">
         <name>I2C0_IRQHandler</name>
         <value>0x37e3</value>
         <object_component_ref idref="oc-33"/>
      </symbol>
      <symbol id="sm-b7">
         <name>I2C1_IRQHandler</name>
         <value>0x37e3</value>
         <object_component_ref idref="oc-33"/>
      </symbol>
      <symbol id="sm-b8">
         <name>AES_IRQHandler</name>
         <value>0x37e3</value>
         <object_component_ref idref="oc-33"/>
      </symbol>
      <symbol id="sm-b9">
         <name>RTC_IRQHandler</name>
         <value>0x37e3</value>
         <object_component_ref idref="oc-33"/>
      </symbol>
      <symbol id="sm-ba">
         <name>DMA_IRQHandler</name>
         <value>0x37e3</value>
         <object_component_ref idref="oc-33"/>
      </symbol>
      <symbol id="sm-f3">
         <name>game_init</name>
         <value>0x3d99</value>
         <object_component_ref idref="oc-a9"/>
      </symbol>
      <symbol id="sm-f4">
         <name>game2p_init</name>
         <value>0x3dfd</value>
         <object_component_ref idref="oc-cb"/>
      </symbol>
      <symbol id="sm-f5">
         <name>game_tick</name>
         <value>0x26fd</value>
         <object_component_ref idref="oc-be"/>
      </symbol>
      <symbol id="sm-f6">
         <name>game_render</name>
         <value>0x3009</value>
         <object_component_ref idref="oc-bf"/>
      </symbol>
      <symbol id="sm-f7">
         <name>game2p_tick</name>
         <value>0x20a5</value>
         <object_component_ref idref="oc-c0"/>
      </symbol>
      <symbol id="sm-f8">
         <name>game2p_render</name>
         <value>0x2a1d</value>
         <object_component_ref idref="oc-c1"/>
      </symbol>
      <symbol id="sm-f9">
         <name>platformer_init</name>
         <value>0x3e79</value>
         <object_component_ref idref="oc-ca"/>
      </symbol>
      <symbol id="sm-fa">
         <name>platformer_tick</name>
         <value>0x1dfd</value>
         <object_component_ref idref="oc-bb"/>
      </symbol>
      <symbol id="sm-fb">
         <name>platformer_render</name>
         <value>0xced</value>
         <object_component_ref idref="oc-bd"/>
      </symbol>
      <symbol id="sm-104">
         <name>input_update</name>
         <value>0x3a4d</value>
         <object_component_ref idref="oc-b7"/>
      </symbol>
      <symbol id="sm-13a">
         <name>draw_main_menu</name>
         <value>0x33ed</value>
         <object_component_ref idref="oc-c5"/>
      </symbol>
      <symbol id="sm-13b">
         <name>draw_button_test</name>
         <value>0x2d21</value>
         <object_component_ref idref="oc-c4"/>
      </symbol>
      <symbol id="sm-13c">
         <name>TIMA0_IRQHandler</name>
         <value>0x3ebd</value>
         <object_component_ref idref="oc-3a"/>
      </symbol>
      <symbol id="sm-13d">
         <name>g_tick</name>
         <value>0x202004f9</value>
         <object_component_ref idref="oc-72"/>
      </symbol>
      <symbol id="sm-13e">
         <name>main</name>
         <value>0x1a69</value>
         <object_component_ref idref="oc-83"/>
      </symbol>
      <symbol id="sm-16d">
         <name>OLED_Init</name>
         <value>0x1285</value>
         <object_component_ref idref="oc-a3"/>
      </symbol>
      <symbol id="sm-16e">
         <name>OLED_Flush</name>
         <value>0x2891</value>
         <object_component_ref idref="oc-c9"/>
      </symbol>
      <symbol id="sm-16f">
         <name>OLED_Clear</name>
         <value>0x3ed9</value>
         <object_component_ref idref="oc-c6"/>
      </symbol>
      <symbol id="sm-170">
         <name>OLED_DrawPixel</name>
         <value>0x3d29</value>
         <object_component_ref idref="oc-110"/>
      </symbol>
      <symbol id="sm-171">
         <name>OLED_DrawHLine</name>
         <value>0x32b5</value>
         <object_component_ref idref="oc-119"/>
      </symbol>
      <symbol id="sm-172">
         <name>OLED_DrawVLine</name>
         <value>0x2ba9</value>
         <object_component_ref idref="oc-11d"/>
      </symbol>
      <symbol id="sm-173">
         <name>OLED_DrawRect</name>
         <value>0x751</value>
         <object_component_ref idref="oc-129"/>
      </symbol>
      <symbol id="sm-174">
         <name>OLED_FillRect</name>
         <value>0x2e99</value>
         <object_component_ref idref="oc-10f"/>
      </symbol>
      <symbol id="sm-175">
         <name>OLED_DrawChar</name>
         <value>0x24f5</value>
         <object_component_ref idref="oc-146"/>
      </symbol>
      <symbol id="sm-176">
         <name>OLED_DrawString</name>
         <value>0x3979</value>
         <object_component_ref idref="oc-c7"/>
      </symbol>
      <symbol id="sm-1a1">
         <name>tetris_init</name>
         <value>0x36a9</value>
         <object_component_ref idref="oc-af"/>
      </symbol>
      <symbol id="sm-1a2">
         <name>tetris_tick</name>
         <value>0x16bd</value>
         <object_component_ref idref="oc-c2"/>
      </symbol>
      <symbol id="sm-1a3">
         <name>tetris_render</name>
         <value>0xc1</value>
         <object_component_ref idref="oc-c3"/>
      </symbol>
      <symbol id="sm-1a4">
         <name>__TI_ATRegion0_src_addr</name>
         <value>0x0</value>
      </symbol>
      <symbol id="sm-1a5">
         <name>__TI_ATRegion0_trg_addr</name>
         <value>0x0</value>
      </symbol>
      <symbol id="sm-1a6">
         <name>__TI_ATRegion0_region_sz</name>
         <value>0x0</value>
      </symbol>
      <symbol id="sm-1a7">
         <name>__TI_ATRegion1_src_addr</name>
         <value>0x0</value>
      </symbol>
      <symbol id="sm-1a8">
         <name>__TI_ATRegion1_trg_addr</name>
         <value>0x0</value>
      </symbol>
      <symbol id="sm-1a9">
         <name>__TI_ATRegion1_region_sz</name>
         <value>0x0</value>
      </symbol>
      <symbol id="sm-1aa">
         <name>__TI_ATRegion2_src_addr</name>
         <value>0x0</value>
      </symbol>
      <symbol id="sm-1ab">
         <name>__TI_ATRegion2_trg_addr</name>
         <value>0x0</value>
      </symbol>
      <symbol id="sm-1ac">
         <name>__TI_ATRegion2_region_sz</name>
         <value>0x0</value>
      </symbol>
      <symbol id="sm-1b5">
         <name>DL_Common_delayCycles</name>
         <value>0x3f2d</value>
         <object_component_ref idref="oc-158"/>
      </symbol>
      <symbol id="sm-1c2">
         <name>DL_SPI_init</name>
         <value>0x3bad</value>
         <object_component_ref idref="oc-16b"/>
      </symbol>
      <symbol id="sm-1c3">
         <name>DL_SPI_setClockConfig</name>
         <value>0x3eed</value>
         <object_component_ref idref="oc-165"/>
      </symbol>
      <symbol id="sm-1d3">
         <name>DL_Timer_setClockConfig</name>
         <value>0x3ea1</value>
         <object_component_ref idref="oc-15c"/>
      </symbol>
      <symbol id="sm-1d4">
         <name>DL_Timer_initTimerMode</name>
         <value>0x3501</value>
         <object_component_ref idref="oc-162"/>
      </symbol>
      <symbol id="sm-1df">
         <name>_c_int00_noargs</name>
         <value>0x3e51</value>
         <object_component_ref idref="oc-5a"/>
      </symbol>
      <symbol id="sm-1e0">
         <name>__stack</name>
         <value>0x20207e00</value>
         <object_component_ref idref="oc-1a"/>
      </symbol>
      <symbol id="sm-1ec">
         <name>__TI_auto_init_nobinit_nopinit</name>
         <value>0x3ced</value>
         <object_component_ref idref="oc-db"/>
      </symbol>
      <symbol id="sm-1f4">
         <name>_system_pre_init</name>
         <value>0x3f57</value>
         <object_component_ref idref="oc-7f"/>
      </symbol>
      <symbol id="sm-1ff">
         <name>__TI_zero_init</name>
         <value>0x3f11</value>
         <object_component_ref idref="oc-57"/>
      </symbol>
      <symbol id="sm-208">
         <name>__TI_decompress_none</name>
         <value>0x3eff</value>
         <object_component_ref idref="oc-20"/>
      </symbol>
      <symbol id="sm-213">
         <name>__TI_decompress_lzss</name>
         <value>0x38fd</value>
         <object_component_ref idref="oc-1c"/>
      </symbol>
      <symbol id="sm-21d">
         <name>abort</name>
         <value>0x3f49</value>
         <object_component_ref idref="oc-d4"/>
      </symbol>
      <symbol id="sm-227">
         <name>HOSTexit</name>
         <value>0x3f4f</value>
         <object_component_ref idref="oc-147"/>
      </symbol>
      <symbol id="sm-228">
         <name>C$$EXIT</name>
         <value>0x3f4e</value>
         <object_component_ref idref="oc-147"/>
      </symbol>
      <symbol id="sm-22e">
         <name>__aeabi_memcpy</name>
         <value>0x3f39</value>
         <object_component_ref idref="oc-4a"/>
      </symbol>
      <symbol id="sm-22f">
         <name>__aeabi_memcpy4</name>
         <value>0x3f39</value>
         <object_component_ref idref="oc-4a"/>
      </symbol>
      <symbol id="sm-230">
         <name>__aeabi_memcpy8</name>
         <value>0x3f39</value>
         <object_component_ref idref="oc-4a"/>
      </symbol>
      <symbol id="sm-236">
         <name>__aeabi_memmove</name>
         <value>0x3f41</value>
         <object_component_ref idref="oc-123"/>
      </symbol>
      <symbol id="sm-237">
         <name>__aeabi_memmove4</name>
         <value>0x3f41</value>
         <object_component_ref idref="oc-123"/>
      </symbol>
      <symbol id="sm-238">
         <name>__aeabi_memmove8</name>
         <value>0x3f41</value>
         <object_component_ref idref="oc-123"/>
      </symbol>
      <symbol id="sm-23f">
         <name>__aeabi_memclr</name>
         <value>0x3f21</value>
         <object_component_ref idref="oc-7a"/>
      </symbol>
      <symbol id="sm-240">
         <name>__aeabi_memclr4</name>
         <value>0x3f21</value>
         <object_component_ref idref="oc-7a"/>
      </symbol>
      <symbol id="sm-241">
         <name>__aeabi_memclr8</name>
         <value>0x3f21</value>
         <object_component_ref idref="oc-7a"/>
      </symbol>
      <symbol id="sm-247">
         <name>__aeabi_uidiv</name>
         <value>0x3c71</value>
         <object_component_ref idref="oc-61"/>
      </symbol>
      <symbol id="sm-248">
         <name>__aeabi_uidivmod</name>
         <value>0x3c71</value>
         <object_component_ref idref="oc-61"/>
      </symbol>
      <symbol id="sm-252">
         <name>__aeabi_idiv0</name>
         <value>0x3a4b</value>
         <object_component_ref idref="oc-8e"/>
      </symbol>
      <symbol id="sm-26b">
         <name>memcpy</name>
         <value>0x3749</value>
         <object_component_ref idref="oc-99"/>
      </symbol>
      <symbol id="sm-27a">
         <name>memset</name>
         <value>0x39e9</value>
         <object_component_ref idref="oc-f6"/>
      </symbol>
      <symbol id="sm-283">
         <name>memmove</name>
         <value>0x3e29</value>
         <object_component_ref idref="oc-16e"/>
      </symbol>
      <symbol id="sm-284">
         <name>__TI_static_base__</name>
         <value>0x0</value>
      </symbol>
      <symbol id="sm-287">
         <name>__mpu_init</name>
         <value>0x0</value>
      </symbol>
      <symbol id="sm-288">
         <name>_system_post_cinit</name>
         <value>0x0</value>
      </symbol>
   </symbol_table>
   <title>Link successful</title>
</link_info>
