******************************************************************************
            TI ARM Clang Linker Unix v4.0.4                    
******************************************************************************
>> Linked Tue May  5 13:39:01 2026

OUTPUT FILE NAME:   <final project (jm).out>
ENTRY POINT SYMBOL: "_c_int00_noargs"  address: 00004355


MEMORY CONFIGURATION

         name            origin    length      used     unused   attr    fill
----------------------  --------  ---------  --------  --------  ----  --------
  FLASH                 00000000   00020000  00004970  0001b690  R  X
  SRAM                  20200000   00008000  00000707  000078f9  RW X
  BCR_CONFIG            41c00000   000000ff  00000000  000000ff  R   
  BSL_CONFIG            41c00100   00000080  00000000  00000080  R   


SEGMENT ALLOCATION MAP

run origin  load origin   length   init length attrs members
----------  ----------- ---------- ----------- ----- -------
00000000    00000000    00004970   00004970    r-x
  00000000    00000000    000000c0   000000c0    r-- .intvecs
  000000c0    000000c0    000043a0   000043a0    r-x .text
  00004460    00004460    000004d8   000004d8    r-- .rodata
  00004938    00004938    00000038   00000038    r-- .cinit
20200000    20200000    00000507   00000000    rw-
  20200000    20200000    000004e4   00000000    rw- .bss
  202004e4    202004e4    00000023   00000000    rw- .data
20207e00    20207e00    00000200   00000000    rw-
  20207e00    20207e00    00000200   00000000    rw- .stack


SECTION ALLOCATION MAP

 output                                  attributes/
section   page    origin      length       input sections
--------  ----  ----------  ----------   ----------------
.intvecs   0    00000000    000000c0     
                  00000000    000000c0     startup_mspm0g350x_ticlang.o (.intvecs)

.text      0    000000c0    000043a0     
                  000000c0    00000704     game.o (.text.platformer_render)
                  000007c4    00000690     tetris.o (.text.tetris_render)
                  00000e54    0000059c     oled.o (.text.OLED_DrawRect)
                  000013f0    00000438     oled.o (.text.OLED_Init)
                  00001828    000003d4     main.o (.text.main)
                  00001bfc    000003c8     tetris.o (.text.tetris_tick)
                  00001fc4    00000350     game.o (.text.platformer_tick)
                  00002314    00000240     tetris.o (.text.do_lock)
                  00002554    00000230     game.o (.text.game2p_tick)
                  00002784    00000208     oled.o (.text.OLED_DrawChar)
                  0000298c    00000190     game.o (.text.game_tick)
                  00002b1c    0000018c     oled.o (.text.OLED_Flush)
                  00002ca8    0000018c     game.o (.text.game2p_render)
                  00002e34    00000178     oled.o (.text.OLED_DrawVLine)
                  00002fac    00000178     main.o (.text.draw_button_test)
                  00003124    00000170     oled.o (.text.OLED_FillRect)
                  00003294    00000170     game.o (.text.game_render)
                  00003404    0000013c     buzzer.o (.text.SysTick_Handler)
                  00003540    00000138     oled.o (.text.OLED_DrawHLine)
                  00003678    00000114     main.o (.text.draw_main_menu)
                  0000378c    000000fc     driverlib.a : dl_timer.o (.text.DL_Timer_initTimerMode)
                  00003888    000000bc     tetris.o (.text.tetris_init)
                  00003944    000000b8     buzzer.o (.text.jingle_tick)
                  000039fc    000000ac     tetris.o (.text.collides)
                  00003aa8    000000a4     driverlib.a : dl_rtc_common.o (.text.DL_RTC_Common_initCalendar)
                  00003b4c    0000009a     libc.a : memcpy16.S.obj (.text:memcpy)
                  00003be6    00000002     startup_mspm0g350x_ticlang.o (.text.Default_Handler)
                  00003be8    00000094     buzzer.o (.text.dispatch_tetris_sfx)
                  00003c7c    00000090     ti_msp_dl_config.o (.text.SYSCFG_DL_GPIO_init)
                  00003d0c    0000007c     driverlib.a : dl_rtc_common.o (.text.DL_RTC_Common_getCalendarTime)
                  00003d88    0000007c     libc.a : copy_decompress_lzss.c.obj (.text:decompress:lzss)
                  00003e04    00000070     oled.o (.text.OLED_DrawString)
                  00003e74    00000070     buzzer.o (.text.dispatch_game_sfx)
                  00003ee4    00000062     libc.a : memset16.S.obj (.text:memset)
                  00003f46    00000002     libclang_rt.builtins.a : aeabi_div0.c.obj (.text.__aeabi_idiv0)
                  00003f48    00000060     input.o (.text.input_update)
                  00003fa8    00000058     buzzer.o (.text.buzzer_set_music_enabled)
                  00004000    00000054     game.o (.text.platformer_init)
                  00004054    0000004c     ti_msp_dl_config.o (.text.SYSCFG_DL_SPI_0_init)
                  000040a0    00000048     ti_msp_dl_config.o (.text.SYSCFG_DL_initPower)
                  000040e8    00000044     driverlib.a : dl_spi.o (.text.DL_SPI_init)
                  0000412c    00000040     ti_msp_dl_config.o (.text.SYSCFG_DL_SYSCTL_init)
                  0000416c    00000040     libclang_rt.builtins.a : aeabi_uidivmod.S.obj (.text.__aeabi_uidivmod)
                  000041ac    0000003c     buzzer.o (.text.buzzer_init)
                  000041e8    0000003c     libc.a : autoinit.c.obj (.text:__TI_auto_init_nobinit_nopinit)
                  00004224    00000038     oled.o (.text.OLED_DrawPixel)
                  0000425c    00000038     ti_msp_dl_config.o (.text.SYSCFG_DL_TIMER_0_init)
                  00004294    00000034     ti_msp_dl_config.o (.text.SYSCFG_DL_init)
                  000042c8    00000034     game.o (.text.game_init)
                  000042fc    00000030     game.o (.text.game2p_init)
                  0000432c    00000028     libc.a : memmov.c.obj (.text.memmove)
                  00004354    00000028            : boot_cortex_m.c.obj (.text:_c_int00_noargs)
                  0000437c    00000024     ti_msp_dl_config.o (.text.SYSCFG_DL_RTC_init)
                  000043a0    0000001c     driverlib.a : dl_timer.o (.text.DL_Timer_setClockConfig)
                  000043bc    0000001c     main.o (.text.TIMA0_IRQHandler)
                  000043d8    00000014     oled.o (.text.OLED_Clear)
                  000043ec    00000012     driverlib.a : dl_spi.o (.text.DL_SPI_setClockConfig)
                  000043fe    00000012     libc.a : copy_decompress_none.c.obj (.text:decompress:none)
                  00004410    00000010            : copy_zero_init.c.obj (.text:decompress:ZI)
                  00004420    0000000c     libclang_rt.builtins.a : aeabi_memset.S.obj (.text.__aeabi_memclr)
                  0000442c    0000000a     driverlib.a : dl_common.o (.text.DL_Common_delayCycles)
                  00004436    00000002     --HOLE-- [fill = 0]
                  00004438    00000008     libclang_rt.builtins.a : aeabi_memcpy.S.obj (.text.__aeabi_memcpy)
                  00004440    00000008                            : aeabi_memmove.S.obj (.text.__aeabi_memmove)
                  00004448    00000006     libc.a : exit.c.obj (.text:abort)
                  0000444e    00000004     libsysbm.a : hostexit.c.obj (.text.HOSTexit)
                  00004452    00000004     startup_mspm0g350x_ticlang.o (.text.Reset_Handler)
                  00004456    00000004     libc.a : pre_init.c.obj (.text._system_pre_init)
                  0000445a    00000006     --HOLE-- [fill = 0]

.cinit     0    00004938    00000038     
                  00004938    00000013     (.cinit..data.load) [load image, compression = lzss]
                  0000494b    00000001     --HOLE-- [fill = 0]
                  0000494c    0000000c     (__TI_handler_table)
                  00004958    00000008     (.cinit..bss.load) [load image, compression = zero_init]
                  00004960    00000010     (__TI_cinit_table)

.rodata    0    00004460    000004d8     
                  00004460    000001db     oled.o (.rodata.font5x7)
                  0000463b    000000e0     tetris.o (.rodata.pieces)
                  0000471b    00000001     --HOLE-- [fill = 0]
                  0000471c    00000040     buzzer.o (.rodata.menu_song)
                  0000475c    00000018     buzzer.o (.rodata.tetris_fail_jingle)
                  00004774    00000014     ti_msp_dl_config.o (.rodata.gTIMER_0TimerConfig)
                  00004788    00000014     buzzer.o (.rodata.gameover_jingle)
                  0000479c    00000012     tetris.o (.rodata.str1.3890680804621497596.1)
                  000047ae    00000010     game.o (.rodata.str1.2833202390838679115.1)
                  000047be    00000010     game.o (.rodata.str1.2948333331212218117.1)
                  000047ce    00000010     tetris.o (.rodata.str1.6513745947343010368.1)
                  000047de    0000000f     game.o (.rodata.str1.8189132184896186292.1)
                  000047ed    0000000e     game.o (.rodata.str1.6849864942619857425.1)
                  000047fb    0000000d     tetris.o (.rodata.str1.6394291721124310681.1)
                  00004808    0000000c     main.o (.rodata.str1.12180500075719773345.1)
                  00004814    0000000c     main.o (.rodata.str1.14112174005742061988.1)
                  00004820    0000000c     buzzer.o (.rodata.tetris_clear_jingle)
                  0000482c    0000000b     main.o (.rodata.str1.18227636981041470289.1)
                  00004837    00000001     --HOLE-- [fill = 0]
                  00004838    0000000a     ti_msp_dl_config.o (.rodata.gSPI_0_config)
                  00004842    0000000a     tetris.o (.rodata.line_scores)
                  0000484c    0000000a     main.o (.rodata.str1.15159059442110792349.1)
                  00004856    0000000a     tetris.o (.rodata.str1.2833983880573671193.1)
                  00004860    0000000a     game.o (.rodata.str1.6100369776142028819.1)
                  0000486a    0000000a     main.o (.rodata.str1.8076846746581808073.1)
                  00004874    00000009     main.o (.rodata.str1.14079361385603432444.1)
                  0000487d    00000009     game.o (.rodata.str1.15395850622484745175.1)
                  00004886    00000009     game.o (.rodata.str1.5545800068125302137.1)
                  0000488f    00000009     game.o (.rodata.str1.9806857748358305087.1)
                  00004898    00000008     main.o (.rodata.str1.10313062130652730376.1)
                  000048a0    00000008     game.o (.rodata.str1.14107836020353751890.1)
                  000048a8    00000008     main.o (.rodata.str1.17100691992556644108.1)
                  000048b0    00000008     game.o (.rodata.str1.17708770684071004443.1)
                  000048b8    00000008     tetris.o (.rodata.str1.7224606789491541917.1)
                  000048c0    00000008     game.o (.rodata.str1.8357395868762639450.1)
                  000048c8    00000008     game.o (.rodata.str1.9707769887897754995.1)
                  000048d0    00000008     game.o (.rodata.str1.9969844259988889360.1)
                  000048d8    00000007     tetris.o (.rodata.str1.1419153356704373736.1)
                  000048df    00000007     tetris.o (.rodata.str1.16261958295483447116.1)
                  000048e6    00000007     main.o (.rodata.str1.2846389346932560359.1)
                  000048ed    00000006     main.o (.rodata.str1.14402440632258215044.1)
                  000048f3    00000006     game.o (.rodata.str1.3846330321212824532.1)
                  000048f9    00000006     game.o (.rodata.str1.6354396994968447843.1)
                  000048ff    00000005     main.o (.rodata.str1.15996357275703397564.1)
                  00004904    00000005     main.o (.rodata.str1.16265332423659789559.1)
                  00004909    00000005     game.o (.rodata.str1.3989973381034227510.1)
                  0000490e    00000005     main.o (.rodata.str1.8154729771448623357.1)
                  00004913    00000004     tetris.o (.rodata.str1.1796946245022526014.1)
                  00004917    00000004     tetris.o (.rodata.str1.3887725674600554520.1)
                  0000491b    00000004     tetris.o (.rodata.str1.7815773836292278737.1)
                  0000491f    00000003     ti_msp_dl_config.o (.rodata.gTIMER_0ClockConfig)
                  00004922    00000003     main.o (.rodata.str1.2763581881760962609.1)
                  00004925    00000003     main.o (.rodata.str1.7702501944640899365.1)
                  00004928    00000002     ti_msp_dl_config.o (.rodata.gSPI_0_clockConfig)
                  0000492a    00000002     main.o (.rodata.str1.11870794119293528247.1)
                  0000492c    00000002     main.o (.rodata.str1.2123964117280943167.1)
                  0000492e    00000002     main.o (.rodata.str1.288608917962107522.1)
                  00004930    00000002     main.o (.rodata.str1.8108965883388295311.1)
                  00004932    00000002     main.o (.rodata.str1.9059077390166914652.1)
                  00004934    00000004     --HOLE-- [fill = 0]

.init_array 
*          0    00000000    00000000     UNINITIALIZED

.binit     0    00000000    00000000     

.bss       0    20200000    000004e4     UNINITIALIZED
                  20200000    00000400     oled.o (.bss.fb)
                  20200400    000000bc     (.common:gTIMER_0Backup)
                  202004bc    00000028     (.common:gSPI_0Backup)

.data      0    202004e4    00000023     UNINITIALIZED
                  202004e4    00000002     buzzer.o (.data.buzzer_half_period_counter)
                  202004e6    00000002     buzzer.o (.data.buzzer_half_period_ticks)
                  202004e8    00000002     buzzer.o (.data.buzzer_note_ticks_remaining)
                  202004ea    00000002     tetris.o (.data.rng_state)
                  202004ec    00000002     game.o (.data.s_subsecond_ticks)
                  202004ee    00000002     buzzer.o (.data.sfx_half_period_counter)
                  202004f0    00000002     buzzer.o (.data.sfx_half_period_ticks)
                  202004f2    00000002     buzzer.o (.data.sfx_ticks_remaining)
                  202004f4    00000002     main.o (.data.splash_offset)
                  202004f6    00000002     main.o (.data.v1_offset)
                  202004f8    00000001     buzzer.o (.data.buzzer_music_enabled)
                  202004f9    00000001     buzzer.o (.data.buzzer_note_index)
                  202004fa    00000001     buzzer.o (.data.buzzer_pin_on)
                  202004fb    00000001     main.o (.data.g_tick)
                  202004fc    00000001     buzzer.o (.data.jingle_done)
                  202004fd    00000001     buzzer.o (.data.jingle_index)
                  202004fe    00000001     buzzer.o (.data.jingle_playing)
                  202004ff    00000001     buzzer.o (.data.jingle_type)
                  20200500    00000001     main.o (.data.p2_start_grace)
                  20200501    00000001     game.o (.data.s_last_rtc_sec)
                  20200502    00000001     game.o (.data.s_rtc_init_done)
                  20200503    00000001     buzzer.o (.data.sfx_pin_on)
                  20200504    00000001     main.o (.data.splash_blink_on)
                  20200505    00000001     main.o (.data.splash_blink_timer)
                  20200506    00000001     main.o (.data.splash_phase)

.stack     0    20207e00    00000200     UNINITIALIZED
                  20207e00    00000004     libc.a : boot_cortex_m.c.obj (.stack)
                  20207e04    000001fc     --HOLE--

__llvm_prf_cnts 
*          0    20200000    00000000     UNINITIALIZED

__llvm_prf_bits 
*          0    20200000    00000000     UNINITIALIZED

MODULE SUMMARY

       Module                         code    ro data   rw data
       ------                         ----    -------   -------
    ./
       oled.o                         4676    475       1024   
       game.o                         4552    155       4      
       tetris.o                       3584    325       2      
       main.o                         1660    124       9      
       buzzer.o                       908     120       20     
       ti_msp_dl_config.o             500     35        228    
       startup_mspm0g350x_ticlang.o   6       192       0      
       input.o                        96      0         0      
    +--+------------------------------+-------+---------+---------+
       Total:                         15982   1426      1287   
                                                               
    /Applications/ti/ccs2041/ccs/tools/compiler/ti-cgt-armllvm_4.0.4.LTS/lib/armv6m-ti-none-eabi/c/libc.a
       memcpy16.S.obj                 154     0         0      
       copy_decompress_lzss.c.obj     124     0         0      
       memset16.S.obj                 98      0         0      
       autoinit.c.obj                 60      0         0      
       boot_cortex_m.c.obj            40      0         0      
       memmov.c.obj                   40      0         0      
       copy_decompress_none.c.obj     18      0         0      
       copy_zero_init.c.obj           16      0         0      
       exit.c.obj                     6       0         0      
       pre_init.c.obj                 4       0         0      
    +--+------------------------------+-------+---------+---------+
       Total:                         560     0         0      
                                                               
    /Applications/ti/ccs2041/ccs/tools/compiler/ti-cgt-armllvm_4.0.4.LTS/lib/armv6m-ti-none-eabi/c/libsysbm.a
       hostexit.c.obj                 4       0         0      
    +--+------------------------------+-------+---------+---------+
       Total:                         4       0         0      
                                                               
    /Applications/ti/ccs2041/ccs/tools/compiler/ti-cgt-armllvm_4.0.4.LTS/lib/armv6m-ti-none-eabi/libclang_rt.builtins.a
       aeabi_uidivmod.S.obj           64      0         0      
       aeabi_memset.S.obj             12      0         0      
       aeabi_memcpy.S.obj             8       0         0      
       aeabi_memmove.S.obj            8       0         0      
       aeabi_div0.c.obj               2       0         0      
    +--+------------------------------+-------+---------+---------+
       Total:                         94      0         0      
                                                               
    /Users/macs/ti/mspm0_sdk_2_10_00_04/source/ti/driverlib/lib/ticlang/m0p/mspm0g1x0x_g3x0x/driverlib.a
       dl_rtc_common.o                288     0         0      
       dl_timer.o                     280     0         0      
       dl_spi.o                       86      0         0      
       dl_common.o                    10      0         0      
    +--+------------------------------+-------+---------+---------+
       Total:                         664     0         0      
                                                               
       Stack:                         0       0         512    
       Linker Generated:              0       55        0      
    +--+------------------------------+-------+---------+---------+
       Grand Total:                   17304   1481      1799   


LINKER GENERATED COPY TABLES

__TI_cinit_table @ 00004960 records: 2, size/record: 8, table size: 16
	.data: load addr=00004938, load size=00000013 bytes, run addr=202004e4, run size=00000023 bytes, compression=lzss
	.bss: load addr=00004958, load size=00000008 bytes, run addr=20200000, run size=000004e4 bytes, compression=zero_init


LINKER GENERATED HANDLER TABLE

__TI_handler_table @ 0000494c records: 3, size/record: 4, table size: 12
	index: 0, handler: __TI_decompress_lzss
	index: 1, handler: __TI_decompress_none
	index: 2, handler: __TI_zero_init


GLOBAL SYMBOLS: SORTED ALPHABETICALLY BY Name 

address   name                          
-------   ----                          
00003be7  ADC0_IRQHandler               
00003be7  ADC1_IRQHandler               
00003be7  AES_IRQHandler                
0000444e  C$$EXIT                       
00003be7  CANFD0_IRQHandler             
00003be7  DAC0_IRQHandler               
0000442d  DL_Common_delayCycles         
00003d0d  DL_RTC_Common_getCalendarTime 
00003aa9  DL_RTC_Common_initCalendar    
000040e9  DL_SPI_init                   
000043ed  DL_SPI_setClockConfig         
0000378d  DL_Timer_initTimerMode        
000043a1  DL_Timer_setClockConfig       
00003be7  DMA_IRQHandler                
00003be7  Default_Handler               
00003be7  GROUP0_IRQHandler             
00003be7  GROUP1_IRQHandler             
0000444f  HOSTexit                      
00003be7  HardFault_Handler             
00003be7  I2C0_IRQHandler               
00003be7  I2C1_IRQHandler               
00003be7  NMI_Handler                   
000043d9  OLED_Clear                    
00002785  OLED_DrawChar                 
00003541  OLED_DrawHLine                
00004225  OLED_DrawPixel                
00000e55  OLED_DrawRect                 
00003e05  OLED_DrawString               
00002e35  OLED_DrawVLine                
00003125  OLED_FillRect                 
00002b1d  OLED_Flush                    
000013f1  OLED_Init                     
00003be7  PendSV_Handler                
00003be7  RTC_IRQHandler                
00004453  Reset_Handler                 
00003be7  SPI0_IRQHandler               
00003be7  SPI1_IRQHandler               
00003be7  SVC_Handler                   
00003c7d  SYSCFG_DL_GPIO_init           
0000437d  SYSCFG_DL_RTC_init            
00004055  SYSCFG_DL_SPI_0_init          
0000412d  SYSCFG_DL_SYSCTL_init         
0000425d  SYSCFG_DL_TIMER_0_init        
00004295  SYSCFG_DL_init                
000040a1  SYSCFG_DL_initPower           
00003405  SysTick_Handler               
000043bd  TIMA0_IRQHandler              
00003be7  TIMA1_IRQHandler              
00003be7  TIMG0_IRQHandler              
00003be7  TIMG12_IRQHandler             
00003be7  TIMG6_IRQHandler              
00003be7  TIMG7_IRQHandler              
00003be7  TIMG8_IRQHandler              
00003be7  UART0_IRQHandler              
00003be7  UART1_IRQHandler              
00003be7  UART2_IRQHandler              
00003be7  UART3_IRQHandler              
20208000  __STACK_END                   
00000200  __STACK_SIZE                  
00000000  __TI_ATRegion0_region_sz      
00000000  __TI_ATRegion0_src_addr       
00000000  __TI_ATRegion0_trg_addr       
00000000  __TI_ATRegion1_region_sz      
00000000  __TI_ATRegion1_src_addr       
00000000  __TI_ATRegion1_trg_addr       
00000000  __TI_ATRegion2_region_sz      
00000000  __TI_ATRegion2_src_addr       
00000000  __TI_ATRegion2_trg_addr       
00004960  __TI_CINIT_Base               
00004970  __TI_CINIT_Limit              
00004970  __TI_CINIT_Warm               
0000494c  __TI_Handler_Table_Base       
00004958  __TI_Handler_Table_Limit      
000041e9  __TI_auto_init_nobinit_nopinit
00003d89  __TI_decompress_lzss          
000043ff  __TI_decompress_none          
ffffffff  __TI_pprof_out_hndl           
ffffffff  __TI_prof_data_size           
ffffffff  __TI_prof_data_start          
00000000  __TI_static_base__            
00004411  __TI_zero_init                
00003f47  __aeabi_idiv0                 
00004421  __aeabi_memclr                
00004421  __aeabi_memclr4               
00004421  __aeabi_memclr8               
00004439  __aeabi_memcpy                
00004439  __aeabi_memcpy4               
00004439  __aeabi_memcpy8               
00004441  __aeabi_memmove               
00004441  __aeabi_memmove4              
00004441  __aeabi_memmove8              
0000416d  __aeabi_uidiv                 
0000416d  __aeabi_uidivmod              
ffffffff  __binit__                     
UNDEFED   __mpu_init                    
20207e00  __stack                       
20200000  __start___llvm_prf_bits       
20200000  __start___llvm_prf_cnts       
20200000  __stop___llvm_prf_bits        
20200000  __stop___llvm_prf_cnts        
00004355  _c_int00_noargs               
UNDEFED   _system_post_cinit            
00004457  _system_pre_init              
00004449  abort                         
ffffffff  binit                         
000041ad  buzzer_init                   
00003fa9  buzzer_set_music_enabled      
00003e75  dispatch_game_sfx             
00003be9  dispatch_tetris_sfx           
00002fad  draw_button_test              
00003679  draw_main_menu                
202004bc  gSPI_0Backup                  
20200400  gTIMER_0Backup                
202004fb  g_tick                        
000042fd  game2p_init                   
00002ca9  game2p_render                 
00002555  game2p_tick                   
000042c9  game_init                     
00003295  game_render                   
0000298d  game_tick                     
00003f49  input_update                  
00000000  interruptVectors              
00003945  jingle_tick                   
00001829  main                          
00003b4d  memcpy                        
0000432d  memmove                       
00003ee5  memset                        
00004001  platformer_init               
000000c1  platformer_render             
00001fc5  platformer_tick               
00003889  tetris_init                   
000007c5  tetris_render                 
00001bfd  tetris_tick                   


GLOBAL SYMBOLS: SORTED BY Symbol Address 

address   name                          
-------   ----                          
00000000  __TI_ATRegion0_region_sz      
00000000  __TI_ATRegion0_src_addr       
00000000  __TI_ATRegion0_trg_addr       
00000000  __TI_ATRegion1_region_sz      
00000000  __TI_ATRegion1_src_addr       
00000000  __TI_ATRegion1_trg_addr       
00000000  __TI_ATRegion2_region_sz      
00000000  __TI_ATRegion2_src_addr       
00000000  __TI_ATRegion2_trg_addr       
00000000  __TI_static_base__            
00000000  interruptVectors              
000000c1  platformer_render             
00000200  __STACK_SIZE                  
000007c5  tetris_render                 
00000e55  OLED_DrawRect                 
000013f1  OLED_Init                     
00001829  main                          
00001bfd  tetris_tick                   
00001fc5  platformer_tick               
00002555  game2p_tick                   
00002785  OLED_DrawChar                 
0000298d  game_tick                     
00002b1d  OLED_Flush                    
00002ca9  game2p_render                 
00002e35  OLED_DrawVLine                
00002fad  draw_button_test              
00003125  OLED_FillRect                 
00003295  game_render                   
00003405  SysTick_Handler               
00003541  OLED_DrawHLine                
00003679  draw_main_menu                
0000378d  DL_Timer_initTimerMode        
00003889  tetris_init                   
00003945  jingle_tick                   
00003aa9  DL_RTC_Common_initCalendar    
00003b4d  memcpy                        
00003be7  ADC0_IRQHandler               
00003be7  ADC1_IRQHandler               
00003be7  AES_IRQHandler                
00003be7  CANFD0_IRQHandler             
00003be7  DAC0_IRQHandler               
00003be7  DMA_IRQHandler                
00003be7  Default_Handler               
00003be7  GROUP0_IRQHandler             
00003be7  GROUP1_IRQHandler             
00003be7  HardFault_Handler             
00003be7  I2C0_IRQHandler               
00003be7  I2C1_IRQHandler               
00003be7  NMI_Handler                   
00003be7  PendSV_Handler                
00003be7  RTC_IRQHandler                
00003be7  SPI0_IRQHandler               
00003be7  SPI1_IRQHandler               
00003be7  SVC_Handler                   
00003be7  TIMA1_IRQHandler              
00003be7  TIMG0_IRQHandler              
00003be7  TIMG12_IRQHandler             
00003be7  TIMG6_IRQHandler              
00003be7  TIMG7_IRQHandler              
00003be7  TIMG8_IRQHandler              
00003be7  UART0_IRQHandler              
00003be7  UART1_IRQHandler              
00003be7  UART2_IRQHandler              
00003be7  UART3_IRQHandler              
00003be9  dispatch_tetris_sfx           
00003c7d  SYSCFG_DL_GPIO_init           
00003d0d  DL_RTC_Common_getCalendarTime 
00003d89  __TI_decompress_lzss          
00003e05  OLED_DrawString               
00003e75  dispatch_game_sfx             
00003ee5  memset                        
00003f47  __aeabi_idiv0                 
00003f49  input_update                  
00003fa9  buzzer_set_music_enabled      
00004001  platformer_init               
00004055  SYSCFG_DL_SPI_0_init          
000040a1  SYSCFG_DL_initPower           
000040e9  DL_SPI_init                   
0000412d  SYSCFG_DL_SYSCTL_init         
0000416d  __aeabi_uidiv                 
0000416d  __aeabi_uidivmod              
000041ad  buzzer_init                   
000041e9  __TI_auto_init_nobinit_nopinit
00004225  OLED_DrawPixel                
0000425d  SYSCFG_DL_TIMER_0_init        
00004295  SYSCFG_DL_init                
000042c9  game_init                     
000042fd  game2p_init                   
0000432d  memmove                       
00004355  _c_int00_noargs               
0000437d  SYSCFG_DL_RTC_init            
000043a1  DL_Timer_setClockConfig       
000043bd  TIMA0_IRQHandler              
000043d9  OLED_Clear                    
000043ed  DL_SPI_setClockConfig         
000043ff  __TI_decompress_none          
00004411  __TI_zero_init                
00004421  __aeabi_memclr                
00004421  __aeabi_memclr4               
00004421  __aeabi_memclr8               
0000442d  DL_Common_delayCycles         
00004439  __aeabi_memcpy                
00004439  __aeabi_memcpy4               
00004439  __aeabi_memcpy8               
00004441  __aeabi_memmove               
00004441  __aeabi_memmove4              
00004441  __aeabi_memmove8              
00004449  abort                         
0000444e  C$$EXIT                       
0000444f  HOSTexit                      
00004453  Reset_Handler                 
00004457  _system_pre_init              
0000494c  __TI_Handler_Table_Base       
00004958  __TI_Handler_Table_Limit      
00004960  __TI_CINIT_Base               
00004970  __TI_CINIT_Limit              
00004970  __TI_CINIT_Warm               
20200000  __start___llvm_prf_bits       
20200000  __start___llvm_prf_cnts       
20200000  __stop___llvm_prf_bits        
20200000  __stop___llvm_prf_cnts        
20200400  gTIMER_0Backup                
202004bc  gSPI_0Backup                  
202004fb  g_tick                        
20207e00  __stack                       
20208000  __STACK_END                   
ffffffff  __TI_pprof_out_hndl           
ffffffff  __TI_prof_data_size           
ffffffff  __TI_prof_data_start          
ffffffff  __binit__                     
ffffffff  binit                         
UNDEFED   __mpu_init                    
UNDEFED   _system_post_cinit            

[133 symbols]
