<?xml version="1.0" encoding="ISO-8859-1" ?>
<link_info>
   <banner>TI ARM Clang Linker Unix v4.0.4.LTS</banner>
   <copyright>Copyright (c) 1996-2018 Texas Instruments Incorporated</copyright>
   <command_line>/Applications/ti/ccs2041/ccs/tools/compiler/ti-cgt-armllvm_4.0.4.LTS/bin/tiarmlnk -I/Applications/ti/ccs2041/ccs/tools/compiler/ti-cgt-armllvm_4.0.4.LTS/lib -o game-folk-startup-main.out -mgame-folk-startup-main.map -i/Users/macs/ti/mspm0_sdk_2_10_00_04/source -i/Users/macs/Downloads/ELEC327-master/Workspace/game-folk-startup-main -i/Users/macs/Downloads/ELEC327-master/Workspace/game-folk-startup-main/Debug/syscfg -i/Applications/ti/ccs2041/ccs/tools/compiler/ti-cgt-armllvm_4.0.4.LTS/lib --diag_wrap=off --display_error_number --warn_sections --xml_link_info=game-folk-startup-main_linkInfo.xml --rom_model ./buzzer.o ./ti_msp_dl_config.o ./startup_mspm0g350x_ticlang.o ./game.o ./input.o ./main.o ./oled.o ./tetris.o -l./device_linker.cmd -ldevice.cmd.genlibs -llibc.a --start-group -llibc++.a -llibc++abi.a -llibc.a -llibsys.a -llibsysbm.a -llibclang_rt.builtins.a -llibclang_rt.profile.a --end-group --cg_opt_level=2</command_line>
   <link_time>0x69f6be36</link_time>
   <link_errors>0x0</link_errors>
   <output_file>/Users/macs/Downloads/ELEC327-master/Workspace/game-folk-startup-main/Debug/game-folk-startup-main.out</output_file>
   <entry_point>
      <name>_c_int00_noargs</name>
      <address>0x40b9</address>
   </entry_point>
   <input_file_list>
      <input_file id="fl-1">
         <path>/Users/macs/Downloads/ELEC327-master/Workspace/game-folk-startup-main/Debug/./</path>
         <kind>object</kind>
         <file>buzzer.o</file>
         <name>buzzer.o</name>
      </input_file>
      <input_file id="fl-2">
         <path>/Users/macs/Downloads/ELEC327-master/Workspace/game-folk-startup-main/Debug/./</path>
         <kind>object</kind>
         <file>ti_msp_dl_config.o</file>
         <name>ti_msp_dl_config.o</name>
      </input_file>
      <input_file id="fl-3">
         <path>/Users/macs/Downloads/ELEC327-master/Workspace/game-folk-startup-main/Debug/./</path>
         <kind>object</kind>
         <file>startup_mspm0g350x_ticlang.o</file>
         <name>startup_mspm0g350x_ticlang.o</name>
      </input_file>
      <input_file id="fl-4">
         <path>/Users/macs/Downloads/ELEC327-master/Workspace/game-folk-startup-main/Debug/./</path>
         <kind>object</kind>
         <file>game.o</file>
         <name>game.o</name>
      </input_file>
      <input_file id="fl-5">
         <path>/Users/macs/Downloads/ELEC327-master/Workspace/game-folk-startup-main/Debug/./</path>
         <kind>object</kind>
         <file>input.o</file>
         <name>input.o</name>
      </input_file>
      <input_file id="fl-6">
         <path>/Users/macs/Downloads/ELEC327-master/Workspace/game-folk-startup-main/Debug/./</path>
         <kind>object</kind>
         <file>main.o</file>
         <name>main.o</name>
      </input_file>
      <input_file id="fl-7">
         <path>/Users/macs/Downloads/ELEC327-master/Workspace/game-folk-startup-main/Debug/./</path>
         <kind>object</kind>
         <file>oled.o</file>
         <name>oled.o</name>
      </input_file>
      <input_file id="fl-8">
         <path>/Users/macs/Downloads/ELEC327-master/Workspace/game-folk-startup-main/Debug/./</path>
         <kind>object</kind>
         <file>tetris.o</file>
         <name>tetris.o</name>
      </input_file>
      <input_file id="fl-15">
         <path>/Users/macs/Downloads/ELEC327-master/Workspace/game-folk-startup-main/Debug/</path>
         <kind>object</kind>
         <file>&lt;internal&gt;</file>
         <name>&lt;internal&gt;</name>
      </input_file>
      <input_file id="fl-16">
         <path>/Users/macs/ti/mspm0_sdk_2_10_00_04/source/ti/driverlib/lib/ticlang/m0p/mspm0g1x0x_g3x0x/</path>
         <kind>archive</kind>
         <file>driverlib.a</file>
         <name>dl_common.o</name>
      </input_file>
      <input_file id="fl-17">
         <path>/Users/macs/ti/mspm0_sdk_2_10_00_04/source/ti/driverlib/lib/ticlang/m0p/mspm0g1x0x_g3x0x/</path>
         <kind>archive</kind>
         <file>driverlib.a</file>
         <name>dl_rtc_common.o</name>
      </input_file>
      <input_file id="fl-18">
         <path>/Users/macs/ti/mspm0_sdk_2_10_00_04/source/ti/driverlib/lib/ticlang/m0p/mspm0g1x0x_g3x0x/</path>
         <kind>archive</kind>
         <file>driverlib.a</file>
         <name>dl_spi.o</name>
      </input_file>
      <input_file id="fl-19">
         <path>/Users/macs/ti/mspm0_sdk_2_10_00_04/source/ti/driverlib/lib/ticlang/m0p/mspm0g1x0x_g3x0x/</path>
         <kind>archive</kind>
         <file>driverlib.a</file>
         <name>dl_timer.o</name>
      </input_file>
      <input_file id="fl-30">
         <path>/Applications/ti/ccs2041/ccs/tools/compiler/ti-cgt-armllvm_4.0.4.LTS/lib/armv6m-ti-none-eabi/c/</path>
         <kind>archive</kind>
         <file>libc.a</file>
         <name>boot_cortex_m.c.obj</name>
      </input_file>
      <input_file id="fl-31">
         <path>/Applications/ti/ccs2041/ccs/tools/compiler/ti-cgt-armllvm_4.0.4.LTS/lib/armv6m-ti-none-eabi/c/</path>
         <kind>archive</kind>
         <file>libc.a</file>
         <name>mathacl_init.c.obj</name>
      </input_file>
      <input_file id="fl-32">
         <path>/Applications/ti/ccs2041/ccs/tools/compiler/ti-cgt-armllvm_4.0.4.LTS/lib/armv6m-ti-none-eabi/c/</path>
         <kind>archive</kind>
         <file>libc.a</file>
         <name>autoinit.c.obj</name>
      </input_file>
      <input_file id="fl-33">
         <path>/Applications/ti/ccs2041/ccs/tools/compiler/ti-cgt-armllvm_4.0.4.LTS/lib/armv6m-ti-none-eabi/c/</path>
         <kind>archive</kind>
         <file>libc.a</file>
         <name>pre_init.c.obj</name>
      </input_file>
      <input_file id="fl-34">
         <path>/Applications/ti/ccs2041/ccs/tools/compiler/ti-cgt-armllvm_4.0.4.LTS/lib/armv6m-ti-none-eabi/c/</path>
         <kind>archive</kind>
         <file>libc.a</file>
         <name>cpy_tbl.c.obj</name>
      </input_file>
      <input_file id="fl-35">
         <path>/Applications/ti/ccs2041/ccs/tools/compiler/ti-cgt-armllvm_4.0.4.LTS/lib/armv6m-ti-none-eabi/c/</path>
         <kind>archive</kind>
         <file>libc.a</file>
         <name>copy_zero_init.c.obj</name>
      </input_file>
      <input_file id="fl-36">
         <path>/Applications/ti/ccs2041/ccs/tools/compiler/ti-cgt-armllvm_4.0.4.LTS/lib/armv6m-ti-none-eabi/c/</path>
         <kind>archive</kind>
         <file>libc.a</file>
         <name>copy_decompress_none.c.obj</name>
      </input_file>
      <input_file id="fl-37">
         <path>/Applications/ti/ccs2041/ccs/tools/compiler/ti-cgt-armllvm_4.0.4.LTS/lib/armv6m-ti-none-eabi/c/</path>
         <kind>archive</kind>
         <file>libc.a</file>
         <name>copy_decompress_lzss.c.obj</name>
      </input_file>
      <input_file id="fl-38">
         <path>/Applications/ti/ccs2041/ccs/tools/compiler/ti-cgt-armllvm_4.0.4.LTS/lib/armv6m-ti-none-eabi/c/</path>
         <kind>archive</kind>
         <file>libc.a</file>
         <name>exit.c.obj</name>
      </input_file>
      <input_file id="fl-39">
         <path>/Applications/ti/ccs2041/ccs/tools/compiler/ti-cgt-armllvm_4.0.4.LTS/lib/armv6m-ti-none-eabi/c/</path>
         <kind>archive</kind>
         <file>libc.a</file>
         <name>_lock.c.obj</name>
      </input_file>
      <input_file id="fl-3a">
         <path>/Applications/ti/ccs2041/ccs/tools/compiler/ti-cgt-armllvm_4.0.4.LTS/lib/armv6m-ti-none-eabi/c/</path>
         <kind>archive</kind>
         <file>libc.a</file>
         <name>args_main.c.obj</name>
      </input_file>
      <input_file id="fl-da">
         <path>/Applications/ti/ccs2041/ccs/tools/compiler/ti-cgt-armllvm_4.0.4.LTS/lib/armv6m-ti-none-eabi/c/</path>
         <kind>archive</kind>
         <file>libsysbm.a</file>
         <name>hostexit.c.obj</name>
      </input_file>
      <input_file id="fl-db">
         <path>/Applications/ti/ccs2041/ccs/tools/compiler/ti-cgt-armllvm_4.0.4.LTS/lib/armv6m-ti-none-eabi/</path>
         <kind>archive</kind>
         <file>libclang_rt.builtins.a</file>
         <name>aeabi_memcpy.S.obj</name>
      </input_file>
      <input_file id="fl-dc">
         <path>/Applications/ti/ccs2041/ccs/tools/compiler/ti-cgt-armllvm_4.0.4.LTS/lib/armv6m-ti-none-eabi/</path>
         <kind>archive</kind>
         <file>libclang_rt.builtins.a</file>
         <name>aeabi_memmove.S.obj</name>
      </input_file>
      <input_file id="fl-dd">
         <path>/Applications/ti/ccs2041/ccs/tools/compiler/ti-cgt-armllvm_4.0.4.LTS/lib/armv6m-ti-none-eabi/</path>
         <kind>archive</kind>
         <file>libclang_rt.builtins.a</file>
         <name>aeabi_memset.S.obj</name>
      </input_file>
      <input_file id="fl-de">
         <path>/Applications/ti/ccs2041/ccs/tools/compiler/ti-cgt-armllvm_4.0.4.LTS/lib/armv6m-ti-none-eabi/</path>
         <kind>archive</kind>
         <file>libclang_rt.builtins.a</file>
         <name>aeabi_uidivmod.S.obj</name>
      </input_file>
      <input_file id="fl-df">
         <path>/Applications/ti/ccs2041/ccs/tools/compiler/ti-cgt-armllvm_4.0.4.LTS/lib/armv6m-ti-none-eabi/</path>
         <kind>archive</kind>
         <file>libclang_rt.builtins.a</file>
         <name>aeabi_div0.c.obj</name>
      </input_file>
      <input_file id="fl-e0">
         <path>/Applications/ti/ccs2041/ccs/tools/compiler/ti-cgt-armllvm_4.0.4.LTS/lib/armv6m-ti-none-eabi/c/</path>
         <kind>archive</kind>
         <file>libc.a</file>
         <name>memcpy16.S.obj</name>
      </input_file>
      <input_file id="fl-e1">
         <path>/Applications/ti/ccs2041/ccs/tools/compiler/ti-cgt-armllvm_4.0.4.LTS/lib/armv6m-ti-none-eabi/c/</path>
         <kind>archive</kind>
         <file>libc.a</file>
         <name>memset16.S.obj</name>
      </input_file>
      <input_file id="fl-e2">
         <path>/Applications/ti/ccs2041/ccs/tools/compiler/ti-cgt-armllvm_4.0.4.LTS/lib/armv6m-ti-none-eabi/c/</path>
         <kind>archive</kind>
         <file>libc.a</file>
         <name>memmov.c.obj</name>
      </input_file>
   </input_file_list>
   <object_component_list>
      <object_component id="oc-18">
         <name>.intvecs</name>
         <load_address>0x0</load_address>
         <readonly>true</readonly>
         <run_address>0x0</run_address>
         <size>0xc0</size>
         <alignment>0x4</alignment>
         <input_file_ref idref="fl-3"/>
      </object_component>
      <object_component id="oc-bd">
         <name>.text.platformer_render</name>
         <load_address>0xc0</load_address>
         <readonly>true</readonly>
         <executable>true</executable>
         <run_address>0xc0</run_address>
         <size>0x704</size>
         <alignment>0x4</alignment>
         <input_file_ref idref="fl-4"/>
      </object_component>
      <object_component id="oc-c3">
         <name>.text.tetris_render</name>
         <load_address>0x7c4</load_address>
         <readonly>true</readonly>
         <executable>true</executable>
         <run_address>0x7c4</run_address>
         <size>0x690</size>
         <alignment>0x4</alignment>
         <input_file_ref idref="fl-8"/>
      </object_component>
      <object_component id="oc-12a">
         <name>.text.OLED_DrawRect</name>
         <load_address>0xe54</load_address>
         <readonly>true</readonly>
         <executable>true</executable>
         <run_address>0xe54</run_address>
         <size>0x59c</size>
         <alignment>0x4</alignment>
         <input_file_ref idref="fl-7"/>
      </object_component>
      <object_component id="oc-a3">
         <name>.text.OLED_Init</name>
         <load_address>0x13f0</load_address>
         <readonly>true</readonly>
         <executable>true</executable>
         <run_address>0x13f0</run_address>
         <size>0x438</size>
         <alignment>0x4</alignment>
         <input_file_ref idref="fl-7"/>
      </object_component>
      <object_component id="oc-c2">
         <name>.text.tetris_tick</name>
         <load_address>0x1828</load_address>
         <readonly>true</readonly>
         <executable>true</executable>
         <run_address>0x1828</run_address>
         <size>0x3ac</size>
         <alignment>0x4</alignment>
         <input_file_ref idref="fl-8"/>
      </object_component>
      <object_component id="oc-83">
         <name>.text.main</name>
         <load_address>0x1bd4</load_address>
         <readonly>true</readonly>
         <executable>true</executable>
         <run_address>0x1bd4</run_address>
         <size>0x390</size>
         <alignment>0x4</alignment>
         <input_file_ref idref="fl-6"/>
      </object_component>
      <object_component id="oc-bb">
         <name>.text.platformer_tick</name>
         <load_address>0x1f64</load_address>
         <readonly>true</readonly>
         <executable>true</executable>
         <run_address>0x1f64</run_address>
         <size>0x2dc</size>
         <alignment>0x4</alignment>
         <input_file_ref idref="fl-4"/>
      </object_component>
      <object_component id="oc-c0">
         <name>.text.game2p_tick</name>
         <load_address>0x2240</load_address>
         <readonly>true</readonly>
         <executable>true</executable>
         <run_address>0x2240</run_address>
         <size>0x230</size>
         <alignment>0x4</alignment>
         <input_file_ref idref="fl-4"/>
      </object_component>
      <object_component id="oc-128">
         <name>.text.do_lock</name>
         <load_address>0x2470</load_address>
         <readonly>true</readonly>
         <executable>true</executable>
         <run_address>0x2470</run_address>
         <size>0x214</size>
         <alignment>0x4</alignment>
         <input_file_ref idref="fl-8"/>
      </object_component>
      <object_component id="oc-147">
         <name>.text.OLED_DrawChar</name>
         <load_address>0x2684</load_address>
         <readonly>true</readonly>
         <executable>true</executable>
         <run_address>0x2684</run_address>
         <size>0x208</size>
         <alignment>0x4</alignment>
         <input_file_ref idref="fl-7"/>
      </object_component>
      <object_component id="oc-be">
         <name>.text.game_tick</name>
         <load_address>0x288c</load_address>
         <readonly>true</readonly>
         <executable>true</executable>
         <run_address>0x288c</run_address>
         <size>0x190</size>
         <alignment>0x4</alignment>
         <input_file_ref idref="fl-4"/>
      </object_component>
      <object_component id="oc-c9">
         <name>.text.OLED_Flush</name>
         <load_address>0x2a1c</load_address>
         <readonly>true</readonly>
         <executable>true</executable>
         <run_address>0x2a1c</run_address>
         <size>0x18c</size>
         <alignment>0x4</alignment>
         <input_file_ref idref="fl-7"/>
      </object_component>
      <object_component id="oc-c1">
         <name>.text.game2p_render</name>
         <load_address>0x2ba8</load_address>
         <readonly>true</readonly>
         <executable>true</executable>
         <run_address>0x2ba8</run_address>
         <size>0x18c</size>
         <alignment>0x4</alignment>
         <input_file_ref idref="fl-4"/>
      </object_component>
      <object_component id="oc-11e">
         <name>.text.OLED_DrawVLine</name>
         <load_address>0x2d34</load_address>
         <readonly>true</readonly>
         <executable>true</executable>
         <run_address>0x2d34</run_address>
         <size>0x178</size>
         <alignment>0x4</alignment>
         <input_file_ref idref="fl-7"/>
      </object_component>
      <object_component id="oc-c4">
         <name>.text.draw_button_test</name>
         <load_address>0x2eac</load_address>
         <readonly>true</readonly>
         <executable>true</executable>
         <run_address>0x2eac</run_address>
         <size>0x178</size>
         <alignment>0x4</alignment>
         <input_file_ref idref="fl-6"/>
      </object_component>
      <object_component id="oc-110">
         <name>.text.OLED_FillRect</name>
         <load_address>0x3024</load_address>
         <readonly>true</readonly>
         <executable>true</executable>
         <run_address>0x3024</run_address>
         <size>0x170</size>
         <alignment>0x4</alignment>
         <input_file_ref idref="fl-7"/>
      </object_component>
      <object_component id="oc-bf">
         <name>.text.game_render</name>
         <load_address>0x3194</load_address>
         <readonly>true</readonly>
         <executable>true</executable>
         <run_address>0x3194</run_address>
         <size>0x170</size>
         <alignment>0x4</alignment>
         <input_file_ref idref="fl-4"/>
      </object_component>
      <object_component id="oc-34">
         <name>.text.SysTick_Handler</name>
         <load_address>0x3304</load_address>
         <readonly>true</readonly>
         <executable>true</executable>
         <run_address>0x3304</run_address>
         <size>0x13c</size>
         <alignment>0x4</alignment>
         <input_file_ref idref="fl-1"/>
      </object_component>
      <object_component id="oc-11a">
         <name>.text.OLED_DrawHLine</name>
         <load_address>0x3440</load_address>
         <readonly>true</readonly>
         <executable>true</executable>
         <run_address>0x3440</run_address>
         <size>0x138</size>
         <alignment>0x4</alignment>
         <input_file_ref idref="fl-7"/>
      </object_component>
      <object_component id="oc-c5">
         <name>.text.draw_main_menu</name>
         <load_address>0x3578</load_address>
         <readonly>true</readonly>
         <executable>true</executable>
         <run_address>0x3578</run_address>
         <size>0x114</size>
         <alignment>0x4</alignment>
         <input_file_ref idref="fl-6"/>
      </object_component>
      <object_component id="oc-163">
         <name>.text.DL_Timer_initTimerMode</name>
         <load_address>0x368c</load_address>
         <readonly>true</readonly>
         <executable>true</executable>
         <run_address>0x368c</run_address>
         <size>0xfc</size>
         <alignment>0x4</alignment>
         <input_file_ref idref="fl-19"/>
      </object_component>
      <object_component id="oc-107">
         <name>.text.collides</name>
         <load_address>0x3788</load_address>
         <readonly>true</readonly>
         <executable>true</executable>
         <run_address>0x3788</run_address>
         <size>0xac</size>
         <alignment>0x4</alignment>
         <input_file_ref idref="fl-8"/>
      </object_component>
      <object_component id="oc-16f">
         <name>.text.DL_RTC_Common_initCalendar</name>
         <load_address>0x3834</load_address>
         <readonly>true</readonly>
         <executable>true</executable>
         <run_address>0x3834</run_address>
         <size>0xa4</size>
         <alignment>0x4</alignment>
         <input_file_ref idref="fl-17"/>
      </object_component>
      <object_component id="oc-af">
         <name>.text.tetris_init</name>
         <load_address>0x38d8</load_address>
         <readonly>true</readonly>
         <executable>true</executable>
         <run_address>0x38d8</run_address>
         <size>0xa0</size>
         <alignment>0x4</alignment>
         <input_file_ref idref="fl-8"/>
      </object_component>
      <object_component id="oc-99">
         <name>.text:memcpy</name>
         <load_address>0x3978</load_address>
         <readonly>true</readonly>
         <executable>true</executable>
         <run_address>0x3978</run_address>
         <size>0x9a</size>
         <alignment>0x1</alignment>
         <input_file_ref idref="fl-e0"/>
      </object_component>
      <object_component id="oc-33">
         <name>.text.Default_Handler</name>
         <load_address>0x3a12</load_address>
         <readonly>true</readonly>
         <executable>true</executable>
         <run_address>0x3a12</run_address>
         <size>0x2</size>
         <alignment>0x2</alignment>
         <input_file_ref idref="fl-3"/>
      </object_component>
      <object_component id="oc-f8">
         <name>.text.SYSCFG_DL_GPIO_init</name>
         <load_address>0x3a14</load_address>
         <readonly>true</readonly>
         <executable>true</executable>
         <run_address>0x3a14</run_address>
         <size>0x90</size>
         <alignment>0x4</alignment>
         <input_file_ref idref="fl-2"/>
      </object_component>
      <object_component id="oc-b6">
         <name>.text.jingle_tick</name>
         <load_address>0x3aa4</load_address>
         <readonly>true</readonly>
         <executable>true</executable>
         <run_address>0x3aa4</run_address>
         <size>0x88</size>
         <alignment>0x4</alignment>
         <input_file_ref idref="fl-1"/>
      </object_component>
      <object_component id="oc-1c">
         <name>.text:decompress:lzss</name>
         <load_address>0x3b2c</load_address>
         <readonly>true</readonly>
         <executable>true</executable>
         <run_address>0x3b2c</run_address>
         <size>0x7c</size>
         <alignment>0x4</alignment>
         <input_file_ref idref="fl-37"/>
      </object_component>
      <object_component id="oc-c7">
         <name>.text.OLED_DrawString</name>
         <load_address>0x3ba8</load_address>
         <readonly>true</readonly>
         <executable>true</executable>
         <run_address>0x3ba8</run_address>
         <size>0x70</size>
         <alignment>0x2</alignment>
         <input_file_ref idref="fl-7"/>
      </object_component>
      <object_component id="oc-f6">
         <name>.text:memset</name>
         <load_address>0x3c18</load_address>
         <readonly>true</readonly>
         <executable>true</executable>
         <run_address>0x3c18</run_address>
         <size>0x62</size>
         <alignment>0x1</alignment>
         <input_file_ref idref="fl-e1"/>
      </object_component>
      <object_component id="oc-8e">
         <name>.text.__aeabi_idiv0</name>
         <load_address>0x3c7a</load_address>
         <readonly>true</readonly>
         <executable>true</executable>
         <run_address>0x3c7a</run_address>
         <size>0x2</size>
         <alignment>0x2</alignment>
         <input_file_ref idref="fl-df"/>
      </object_component>
      <object_component id="oc-b7">
         <name>.text.input_update</name>
         <load_address>0x3c7c</load_address>
         <readonly>true</readonly>
         <executable>true</executable>
         <run_address>0x3c7c</run_address>
         <size>0x60</size>
         <alignment>0x4</alignment>
         <input_file_ref idref="fl-5"/>
      </object_component>
      <object_component id="oc-bc">
         <name>.text.dispatch_game_sfx</name>
         <load_address>0x3cdc</load_address>
         <readonly>true</readonly>
         <executable>true</executable>
         <run_address>0x3cdc</run_address>
         <size>0x5c</size>
         <alignment>0x4</alignment>
         <input_file_ref idref="fl-1"/>
      </object_component>
      <object_component id="oc-b5">
         <name>.text.buzzer_set_music_enabled</name>
         <load_address>0x3d38</load_address>
         <readonly>true</readonly>
         <executable>true</executable>
         <run_address>0x3d38</run_address>
         <size>0x58</size>
         <alignment>0x4</alignment>
         <input_file_ref idref="fl-1"/>
      </object_component>
      <object_component id="oc-fc">
         <name>.text.SYSCFG_DL_SPI_0_init</name>
         <load_address>0x3d90</load_address>
         <readonly>true</readonly>
         <executable>true</executable>
         <run_address>0x3d90</run_address>
         <size>0x4c</size>
         <alignment>0x4</alignment>
         <input_file_ref idref="fl-2"/>
      </object_component>
      <object_component id="oc-f7">
         <name>.text.SYSCFG_DL_initPower</name>
         <load_address>0x3ddc</load_address>
         <readonly>true</readonly>
         <executable>true</executable>
         <run_address>0x3ddc</run_address>
         <size>0x48</size>
         <alignment>0x4</alignment>
         <input_file_ref idref="fl-2"/>
      </object_component>
      <object_component id="oc-16c">
         <name>.text.DL_SPI_init</name>
         <load_address>0x3e24</load_address>
         <readonly>true</readonly>
         <executable>true</executable>
         <run_address>0x3e24</run_address>
         <size>0x44</size>
         <alignment>0x4</alignment>
         <input_file_ref idref="fl-18"/>
      </object_component>
      <object_component id="oc-f9">
         <name>.text.SYSCFG_DL_SYSCTL_init</name>
         <load_address>0x3e68</load_address>
         <readonly>true</readonly>
         <executable>true</executable>
         <run_address>0x3e68</run_address>
         <size>0x40</size>
         <alignment>0x4</alignment>
         <input_file_ref idref="fl-2"/>
      </object_component>
      <object_component id="oc-61">
         <name>.text.__aeabi_uidivmod</name>
         <load_address>0x3ea8</load_address>
         <readonly>true</readonly>
         <executable>true</executable>
         <run_address>0x3ea8</run_address>
         <size>0x40</size>
         <alignment>0x4</alignment>
         <input_file_ref idref="fl-de"/>
      </object_component>
      <object_component id="oc-a8">
         <name>.text.buzzer_init</name>
         <load_address>0x3ee8</load_address>
         <readonly>true</readonly>
         <executable>true</executable>
         <run_address>0x3ee8</run_address>
         <size>0x3c</size>
         <alignment>0x4</alignment>
         <input_file_ref idref="fl-1"/>
      </object_component>
      <object_component id="oc-db">
         <name>.text:__TI_auto_init_nobinit_nopinit</name>
         <load_address>0x3f24</load_address>
         <readonly>true</readonly>
         <executable>true</executable>
         <run_address>0x3f24</run_address>
         <size>0x3c</size>
         <alignment>0x4</alignment>
         <input_file_ref idref="fl-32"/>
      </object_component>
      <object_component id="oc-117">
         <name>.text.OLED_DrawPixel</name>
         <load_address>0x3f60</load_address>
         <readonly>true</readonly>
         <executable>true</executable>
         <run_address>0x3f60</run_address>
         <size>0x38</size>
         <alignment>0x4</alignment>
         <input_file_ref idref="fl-7"/>
      </object_component>
      <object_component id="oc-fb">
         <name>.text.SYSCFG_DL_TIMER_0_init</name>
         <load_address>0x3f98</load_address>
         <readonly>true</readonly>
         <executable>true</executable>
         <run_address>0x3f98</run_address>
         <size>0x38</size>
         <alignment>0x4</alignment>
         <input_file_ref idref="fl-2"/>
      </object_component>
      <object_component id="oc-9e">
         <name>.text.SYSCFG_DL_init</name>
         <load_address>0x3fd0</load_address>
         <readonly>true</readonly>
         <executable>true</executable>
         <run_address>0x3fd0</run_address>
         <size>0x34</size>
         <alignment>0x4</alignment>
         <input_file_ref idref="fl-2"/>
      </object_component>
      <object_component id="oc-a9">
         <name>.text.game_init</name>
         <load_address>0x4004</load_address>
         <readonly>true</readonly>
         <executable>true</executable>
         <run_address>0x4004</run_address>
         <size>0x34</size>
         <alignment>0x4</alignment>
         <input_file_ref idref="fl-4"/>
      </object_component>
      <object_component id="oc-cb">
         <name>.text.game2p_init</name>
         <load_address>0x4038</load_address>
         <readonly>true</readonly>
         <executable>true</executable>
         <run_address>0x4038</run_address>
         <size>0x30</size>
         <alignment>0x4</alignment>
         <input_file_ref idref="fl-4"/>
      </object_component>
      <object_component id="oc-175">
         <name>.text.memmove</name>
         <load_address>0x4068</load_address>
         <readonly>true</readonly>
         <executable>true</executable>
         <run_address>0x4068</run_address>
         <size>0x28</size>
         <alignment>0x2</alignment>
         <input_file_ref idref="fl-e2"/>
      </object_component>
      <object_component id="oc-ca">
         <name>.text.platformer_init</name>
         <load_address>0x4090</load_address>
         <readonly>true</readonly>
         <executable>true</executable>
         <run_address>0x4090</run_address>
         <size>0x28</size>
         <alignment>0x4</alignment>
         <input_file_ref idref="fl-4"/>
      </object_component>
      <object_component id="oc-5a">
         <name>.text:_c_int00_noargs</name>
         <load_address>0x40b8</load_address>
         <readonly>true</readonly>
         <executable>true</executable>
         <run_address>0x40b8</run_address>
         <size>0x28</size>
         <alignment>0x4</alignment>
         <input_file_ref idref="fl-30"/>
      </object_component>
      <object_component id="oc-fd">
         <name>.text.SYSCFG_DL_RTC_init</name>
         <load_address>0x40e0</load_address>
         <readonly>true</readonly>
         <executable>true</executable>
         <run_address>0x40e0</run_address>
         <size>0x24</size>
         <alignment>0x4</alignment>
         <input_file_ref idref="fl-2"/>
      </object_component>
      <object_component id="oc-15d">
         <name>.text.DL_Timer_setClockConfig</name>
         <load_address>0x4104</load_address>
         <readonly>true</readonly>
         <executable>true</executable>
         <run_address>0x4104</run_address>
         <size>0x1c</size>
         <alignment>0x4</alignment>
         <input_file_ref idref="fl-19"/>
      </object_component>
      <object_component id="oc-3a">
         <name>.text.TIMA0_IRQHandler</name>
         <load_address>0x4120</load_address>
         <readonly>true</readonly>
         <executable>true</executable>
         <run_address>0x4120</run_address>
         <size>0x1c</size>
         <alignment>0x4</alignment>
         <input_file_ref idref="fl-6"/>
      </object_component>
      <object_component id="oc-c6">
         <name>.text.OLED_Clear</name>
         <load_address>0x413c</load_address>
         <readonly>true</readonly>
         <executable>true</executable>
         <run_address>0x413c</run_address>
         <size>0x14</size>
         <alignment>0x4</alignment>
         <input_file_ref idref="fl-7"/>
      </object_component>
      <object_component id="oc-166">
         <name>.text.DL_SPI_setClockConfig</name>
         <load_address>0x4150</load_address>
         <readonly>true</readonly>
         <executable>true</executable>
         <run_address>0x4150</run_address>
         <size>0x12</size>
         <alignment>0x2</alignment>
         <input_file_ref idref="fl-18"/>
      </object_component>
      <object_component id="oc-20">
         <name>.text:decompress:none</name>
         <load_address>0x4162</load_address>
         <readonly>true</readonly>
         <executable>true</executable>
         <run_address>0x4162</run_address>
         <size>0x12</size>
         <alignment>0x2</alignment>
         <input_file_ref idref="fl-36"/>
      </object_component>
      <object_component id="oc-57">
         <name>.text:decompress:ZI</name>
         <load_address>0x4174</load_address>
         <readonly>true</readonly>
         <executable>true</executable>
         <run_address>0x4174</run_address>
         <size>0x10</size>
         <alignment>0x2</alignment>
         <input_file_ref idref="fl-35"/>
      </object_component>
      <object_component id="oc-7a">
         <name>.text.__aeabi_memclr</name>
         <load_address>0x4184</load_address>
         <readonly>true</readonly>
         <executable>true</executable>
         <run_address>0x4184</run_address>
         <size>0xc</size>
         <alignment>0x4</alignment>
         <input_file_ref idref="fl-dd"/>
      </object_component>
      <object_component id="oc-159">
         <name>.text.DL_Common_delayCycles</name>
         <load_address>0x4190</load_address>
         <readonly>true</readonly>
         <executable>true</executable>
         <run_address>0x4190</run_address>
         <size>0xa</size>
         <alignment>0x2</alignment>
         <input_file_ref idref="fl-16"/>
      </object_component>
      <object_component id="oc-4a">
         <name>.text.__aeabi_memcpy</name>
         <load_address>0x419c</load_address>
         <readonly>true</readonly>
         <executable>true</executable>
         <run_address>0x419c</run_address>
         <size>0x8</size>
         <alignment>0x4</alignment>
         <input_file_ref idref="fl-db"/>
      </object_component>
      <object_component id="oc-124">
         <name>.text.__aeabi_memmove</name>
         <load_address>0x41a4</load_address>
         <readonly>true</readonly>
         <executable>true</executable>
         <run_address>0x41a4</run_address>
         <size>0x8</size>
         <alignment>0x4</alignment>
         <input_file_ref idref="fl-dc"/>
      </object_component>
      <object_component id="oc-d4">
         <name>.text:abort</name>
         <load_address>0x41ac</load_address>
         <readonly>true</readonly>
         <executable>true</executable>
         <run_address>0x41ac</run_address>
         <size>0x6</size>
         <alignment>0x2</alignment>
         <input_file_ref idref="fl-38"/>
      </object_component>
      <object_component id="oc-148">
         <name>.text.HOSTexit</name>
         <load_address>0x41b2</load_address>
         <readonly>true</readonly>
         <executable>true</executable>
         <run_address>0x41b2</run_address>
         <size>0x4</size>
         <alignment>0x2</alignment>
         <input_file_ref idref="fl-da"/>
      </object_component>
      <object_component id="oc-2f">
         <name>.text.Reset_Handler</name>
         <load_address>0x41b6</load_address>
         <readonly>true</readonly>
         <executable>true</executable>
         <run_address>0x41b6</run_address>
         <size>0x4</size>
         <alignment>0x2</alignment>
         <input_file_ref idref="fl-3"/>
      </object_component>
      <object_component id="oc-7f">
         <name>.text._system_pre_init</name>
         <load_address>0x41ba</load_address>
         <readonly>true</readonly>
         <executable>true</executable>
         <run_address>0x41ba</run_address>
         <size>0x4</size>
         <alignment>0x2</alignment>
         <input_file_ref idref="fl-33"/>
      </object_component>
      <object_component id="oc-1d3">
         <name>.cinit..data.load</name>
         <load_address>0x4670</load_address>
         <readonly>true</readonly>
         <run_address>0x4670</run_address>
         <size>0x11</size>
         <alignment>0x1</alignment>
      </object_component>
      <object_component id="oc-1d1">
         <name>__TI_handler_table</name>
         <load_address>0x4684</load_address>
         <readonly>true</readonly>
         <run_address>0x4684</run_address>
         <size>0xc</size>
         <alignment>0x4</alignment>
      </object_component>
      <object_component id="oc-1d4">
         <name>.cinit..bss.load</name>
         <load_address>0x4690</load_address>
         <readonly>true</readonly>
         <run_address>0x4690</run_address>
         <size>0x8</size>
         <alignment>0x4</alignment>
      </object_component>
      <object_component id="oc-1d2">
         <name>__TI_cinit_table</name>
         <load_address>0x4698</load_address>
         <readonly>true</readonly>
         <run_address>0x4698</run_address>
         <size>0x10</size>
         <alignment>0x4</alignment>
      </object_component>
      <object_component id="oc-17a">
         <name>.rodata.font5x7</name>
         <load_address>0x41c0</load_address>
         <readonly>true</readonly>
         <run_address>0x41c0</run_address>
         <size>0x1db</size>
         <alignment>0x1</alignment>
         <input_file_ref idref="fl-7"/>
      </object_component>
      <object_component id="oc-132">
         <name>.rodata.pieces</name>
         <load_address>0x439b</load_address>
         <readonly>true</readonly>
         <run_address>0x439b</run_address>
         <size>0xe0</size>
         <alignment>0x1</alignment>
         <input_file_ref idref="fl-8"/>
      </object_component>
      <object_component id="oc-68">
         <name>.rodata.menu_song</name>
         <load_address>0x447c</load_address>
         <readonly>true</readonly>
         <run_address>0x447c</run_address>
         <size>0x40</size>
         <alignment>0x2</alignment>
         <input_file_ref idref="fl-1"/>
      </object_component>
      <object_component id="oc-165">
         <name>.rodata.gTIMER_0TimerConfig</name>
         <load_address>0x44bc</load_address>
         <readonly>true</readonly>
         <run_address>0x44bc</run_address>
         <size>0x14</size>
         <alignment>0x4</alignment>
         <input_file_ref idref="fl-2"/>
      </object_component>
      <object_component id="oc-10d">
         <name>.rodata.gameover_jingle</name>
         <load_address>0x44d0</load_address>
         <readonly>true</readonly>
         <run_address>0x44d0</run_address>
         <size>0x14</size>
         <alignment>0x2</alignment>
         <input_file_ref idref="fl-1"/>
      </object_component>
      <object_component id="oc-12d">
         <name>.rodata.str1.3890680804621497596.1</name>
         <load_address>0x44e4</load_address>
         <readonly>true</readonly>
         <run_address>0x44e4</run_address>
         <size>0x12</size>
         <alignment>0x1</alignment>
         <input_file_ref idref="fl-8"/>
      </object_component>
      <object_component id="oc-112">
         <name>.rodata.str1.2833202390838679115.1</name>
         <load_address>0x44f6</load_address>
         <readonly>true</readonly>
         <run_address>0x44f6</run_address>
         <size>0x10</size>
         <alignment>0x1</alignment>
         <input_file_ref idref="fl-4"/>
      </object_component>
      <object_component id="oc-113">
         <name>.rodata.str1.2948333331212218117.1</name>
         <load_address>0x4506</load_address>
         <readonly>true</readonly>
         <run_address>0x4506</run_address>
         <size>0x10</size>
         <alignment>0x1</alignment>
         <input_file_ref idref="fl-4"/>
      </object_component>
      <object_component id="oc-12c">
         <name>.rodata.str1.6513745947343010368.1</name>
         <load_address>0x4516</load_address>
         <readonly>true</readonly>
         <run_address>0x4516</run_address>
         <size>0x10</size>
         <alignment>0x1</alignment>
         <input_file_ref idref="fl-8"/>
      </object_component>
      <object_component id="oc-119">
         <name>.rodata.str1.8189132184896186292.1</name>
         <load_address>0x4526</load_address>
         <readonly>true</readonly>
         <run_address>0x4526</run_address>
         <size>0xf</size>
         <alignment>0x1</alignment>
         <input_file_ref idref="fl-4"/>
      </object_component>
      <object_component id="oc-123">
         <name>.rodata.str1.6849864942619857425.1</name>
         <load_address>0x4535</load_address>
         <readonly>true</readonly>
         <run_address>0x4535</run_address>
         <size>0xe</size>
         <alignment>0x1</alignment>
         <input_file_ref idref="fl-4"/>
      </object_component>
      <object_component id="oc-131">
         <name>.rodata.str1.6394291721124310681.1</name>
         <load_address>0x4543</load_address>
         <readonly>true</readonly>
         <run_address>0x4543</run_address>
         <size>0xd</size>
         <alignment>0x1</alignment>
         <input_file_ref idref="fl-8"/>
      </object_component>
      <object_component id="oc-136">
         <name>.rodata.str1.12180500075719773345.1</name>
         <load_address>0x4550</load_address>
         <readonly>true</readonly>
         <run_address>0x4550</run_address>
         <size>0xc</size>
         <alignment>0x1</alignment>
         <input_file_ref idref="fl-6"/>
      </object_component>
      <object_component id="oc-146">
         <name>.rodata.str1.14112174005742061988.1</name>
         <load_address>0x455c</load_address>
         <readonly>true</readonly>
         <run_address>0x455c</run_address>
         <size>0xc</size>
         <alignment>0x1</alignment>
         <input_file_ref idref="fl-6"/>
      </object_component>
      <object_component id="oc-144">
         <name>.rodata.str1.18227636981041470289.1</name>
         <load_address>0x4568</load_address>
         <readonly>true</readonly>
         <run_address>0x4568</run_address>
         <size>0xb</size>
         <alignment>0x1</alignment>
         <input_file_ref idref="fl-6"/>
      </object_component>
      <object_component id="oc-16e">
         <name>.rodata.gSPI_0_config</name>
         <load_address>0x4574</load_address>
         <readonly>true</readonly>
         <run_address>0x4574</run_address>
         <size>0xa</size>
         <alignment>0x2</alignment>
         <input_file_ref idref="fl-2"/>
      </object_component>
      <object_component id="oc-129">
         <name>.rodata.line_scores</name>
         <load_address>0x457e</load_address>
         <readonly>true</readonly>
         <run_address>0x457e</run_address>
         <size>0xa</size>
         <alignment>0x2</alignment>
         <input_file_ref idref="fl-8"/>
      </object_component>
      <object_component id="oc-141">
         <name>.rodata.str1.15159059442110792349.1</name>
         <load_address>0x4588</load_address>
         <readonly>true</readonly>
         <run_address>0x4588</run_address>
         <size>0xa</size>
         <alignment>0x1</alignment>
         <input_file_ref idref="fl-6"/>
      </object_component>
      <object_component id="oc-12f">
         <name>.rodata.str1.2833983880573671193.1</name>
         <load_address>0x4592</load_address>
         <readonly>true</readonly>
         <run_address>0x4592</run_address>
         <size>0xa</size>
         <alignment>0x1</alignment>
         <input_file_ref idref="fl-8"/>
      </object_component>
      <object_component id="oc-11b">
         <name>.rodata.str1.6100369776142028819.1</name>
         <load_address>0x459c</load_address>
         <readonly>true</readonly>
         <run_address>0x459c</run_address>
         <size>0xa</size>
         <alignment>0x1</alignment>
         <input_file_ref idref="fl-4"/>
      </object_component>
      <object_component id="oc-140">
         <name>.rodata.str1.8076846746581808073.1</name>
         <load_address>0x45a6</load_address>
         <readonly>true</readonly>
         <run_address>0x45a6</run_address>
         <size>0xa</size>
         <alignment>0x1</alignment>
         <input_file_ref idref="fl-6"/>
      </object_component>
      <object_component id="oc-d1">
         <name>.rodata.str1.14079361385603432444.1</name>
         <load_address>0x45b0</load_address>
         <readonly>true</readonly>
         <run_address>0x45b0</run_address>
         <size>0x9</size>
         <alignment>0x1</alignment>
         <input_file_ref idref="fl-6"/>
      </object_component>
      <object_component id="oc-111">
         <name>.rodata.str1.15395850622484745175.1</name>
         <load_address>0x45b9</load_address>
         <readonly>true</readonly>
         <run_address>0x45b9</run_address>
         <size>0x9</size>
         <alignment>0x1</alignment>
         <input_file_ref idref="fl-4"/>
      </object_component>
      <object_component id="oc-118">
         <name>.rodata.str1.5545800068125302137.1</name>
         <load_address>0x45c2</load_address>
         <readonly>true</readonly>
         <run_address>0x45c2</run_address>
         <size>0x9</size>
         <alignment>0x1</alignment>
         <input_file_ref idref="fl-4"/>
      </object_component>
      <object_component id="oc-115">
         <name>.rodata.str1.9806857748358305087.1</name>
         <load_address>0x45cb</load_address>
         <readonly>true</readonly>
         <run_address>0x45cb</run_address>
         <size>0x9</size>
         <alignment>0x1</alignment>
         <input_file_ref idref="fl-4"/>
      </object_component>
      <object_component id="oc-d3">
         <name>.rodata.str1.10313062130652730376.1</name>
         <load_address>0x45d4</load_address>
         <readonly>true</readonly>
         <run_address>0x45d4</run_address>
         <size>0x8</size>
         <alignment>0x1</alignment>
         <input_file_ref idref="fl-6"/>
      </object_component>
      <object_component id="oc-122">
         <name>.rodata.str1.14107836020353751890.1</name>
         <load_address>0x45dc</load_address>
         <readonly>true</readonly>
         <run_address>0x45dc</run_address>
         <size>0x8</size>
         <alignment>0x1</alignment>
         <input_file_ref idref="fl-4"/>
      </object_component>
      <object_component id="oc-143">
         <name>.rodata.str1.17100691992556644108.1</name>
         <load_address>0x45e4</load_address>
         <readonly>true</readonly>
         <run_address>0x45e4</run_address>
         <size>0x8</size>
         <alignment>0x1</alignment>
         <input_file_ref idref="fl-6"/>
      </object_component>
      <object_component id="oc-121">
         <name>.rodata.str1.17708770684071004443.1</name>
         <load_address>0x45ec</load_address>
         <readonly>true</readonly>
         <run_address>0x45ec</run_address>
         <size>0x8</size>
         <alignment>0x1</alignment>
         <input_file_ref idref="fl-4"/>
      </object_component>
      <object_component id="oc-12e">
         <name>.rodata.str1.7224606789491541917.1</name>
         <load_address>0x45f4</load_address>
         <readonly>true</readonly>
         <run_address>0x45f4</run_address>
         <size>0x8</size>
         <alignment>0x1</alignment>
         <input_file_ref idref="fl-8"/>
      </object_component>
      <object_component id="oc-11f">
         <name>.rodata.str1.8357395868762639450.1</name>
         <load_address>0x45fc</load_address>
         <readonly>true</readonly>
         <run_address>0x45fc</run_address>
         <size>0x8</size>
         <alignment>0x1</alignment>
         <input_file_ref idref="fl-4"/>
      </object_component>
      <object_component id="oc-114">
         <name>.rodata.str1.9707769887897754995.1</name>
         <load_address>0x4604</load_address>
         <readonly>true</readonly>
         <run_address>0x4604</run_address>
         <size>0x8</size>
         <alignment>0x1</alignment>
         <input_file_ref idref="fl-4"/>
      </object_component>
      <object_component id="oc-120">
         <name>.rodata.str1.9969844259988889360.1</name>
         <load_address>0x460c</load_address>
         <readonly>true</readonly>
         <run_address>0x460c</run_address>
         <size>0x8</size>
         <alignment>0x1</alignment>
         <input_file_ref idref="fl-4"/>
      </object_component>
      <object_component id="oc-130">
         <name>.rodata.str1.1419153356704373736.1</name>
         <load_address>0x4614</load_address>
         <readonly>true</readonly>
         <run_address>0x4614</run_address>
         <size>0x7</size>
         <alignment>0x1</alignment>
         <input_file_ref idref="fl-8"/>
      </object_component>
      <object_component id="oc-12b">
         <name>.rodata.str1.16261958295483447116.1</name>
         <load_address>0x461b</load_address>
         <readonly>true</readonly>
         <run_address>0x461b</run_address>
         <size>0x7</size>
         <alignment>0x1</alignment>
         <input_file_ref idref="fl-8"/>
      </object_component>
      <object_component id="oc-145">
         <name>.rodata.str1.2846389346932560359.1</name>
         <load_address>0x4622</load_address>
         <readonly>true</readonly>
         <run_address>0x4622</run_address>
         <size>0x7</size>
         <alignment>0x1</alignment>
         <input_file_ref idref="fl-6"/>
      </object_component>
      <object_component id="oc-13b">
         <name>.rodata.str1.14402440632258215044.1</name>
         <load_address>0x4629</load_address>
         <readonly>true</readonly>
         <run_address>0x4629</run_address>
         <size>0x6</size>
         <alignment>0x1</alignment>
         <input_file_ref idref="fl-6"/>
      </object_component>
      <object_component id="oc-11c">
         <name>.rodata.str1.3846330321212824532.1</name>
         <load_address>0x462f</load_address>
         <readonly>true</readonly>
         <run_address>0x462f</run_address>
         <size>0x6</size>
         <alignment>0x1</alignment>
         <input_file_ref idref="fl-4"/>
      </object_component>
      <object_component id="oc-116">
         <name>.rodata.str1.6354396994968447843.1</name>
         <load_address>0x4635</load_address>
         <readonly>true</readonly>
         <run_address>0x4635</run_address>
         <size>0x6</size>
         <alignment>0x1</alignment>
         <input_file_ref idref="fl-4"/>
      </object_component>
      <object_component id="oc-13a">
         <name>.rodata.str1.15996357275703397564.1</name>
         <load_address>0x463b</load_address>
         <readonly>true</readonly>
         <run_address>0x463b</run_address>
         <size>0x5</size>
         <alignment>0x1</alignment>
         <input_file_ref idref="fl-6"/>
      </object_component>
      <object_component id="oc-139">
         <name>.rodata.str1.16265332423659789559.1</name>
         <load_address>0x4640</load_address>
         <readonly>true</readonly>
         <run_address>0x4640</run_address>
         <size>0x5</size>
         <alignment>0x1</alignment>
         <input_file_ref idref="fl-6"/>
      </object_component>
      <object_component id="oc-11d">
         <name>.rodata.str1.3989973381034227510.1</name>
         <load_address>0x4645</load_address>
         <readonly>true</readonly>
         <run_address>0x4645</run_address>
         <size>0x5</size>
         <alignment>0x1</alignment>
         <input_file_ref idref="fl-4"/>
      </object_component>
      <object_component id="oc-142">
         <name>.rodata.str1.8154729771448623357.1</name>
         <load_address>0x464a</load_address>
         <readonly>true</readonly>
         <run_address>0x464a</run_address>
         <size>0x5</size>
         <alignment>0x1</alignment>
         <input_file_ref idref="fl-6"/>
      </object_component>
      <object_component id="oc-133">
         <name>.rodata.str1.1796946245022526014.1</name>
         <load_address>0x464f</load_address>
         <readonly>true</readonly>
         <run_address>0x464f</run_address>
         <size>0x4</size>
         <alignment>0x1</alignment>
         <input_file_ref idref="fl-8"/>
      </object_component>
      <object_component id="oc-134">
         <name>.rodata.str1.3887725674600554520.1</name>
         <load_address>0x4653</load_address>
         <readonly>true</readonly>
         <run_address>0x4653</run_address>
         <size>0x4</size>
         <alignment>0x1</alignment>
         <input_file_ref idref="fl-8"/>
      </object_component>
      <object_component id="oc-135">
         <name>.rodata.str1.7815773836292278737.1</name>
         <load_address>0x4657</load_address>
         <readonly>true</readonly>
         <run_address>0x4657</run_address>
         <size>0x4</size>
         <alignment>0x1</alignment>
         <input_file_ref idref="fl-8"/>
      </object_component>
      <object_component id="oc-164">
         <name>.rodata.gTIMER_0ClockConfig</name>
         <load_address>0x465b</load_address>
         <readonly>true</readonly>
         <run_address>0x465b</run_address>
         <size>0x3</size>
         <alignment>0x1</alignment>
         <input_file_ref idref="fl-2"/>
      </object_component>
      <object_component id="oc-d2">
         <name>.rodata.str1.2763581881760962609.1</name>
         <load_address>0x465e</load_address>
         <readonly>true</readonly>
         <run_address>0x465e</run_address>
         <size>0x3</size>
         <alignment>0x1</alignment>
         <input_file_ref idref="fl-6"/>
      </object_component>
      <object_component id="oc-138">
         <name>.rodata.str1.7702501944640899365.1</name>
         <load_address>0x4661</load_address>
         <readonly>true</readonly>
         <run_address>0x4661</run_address>
         <size>0x3</size>
         <alignment>0x1</alignment>
         <input_file_ref idref="fl-6"/>
      </object_component>
      <object_component id="oc-16d">
         <name>.rodata.gSPI_0_clockConfig</name>
         <load_address>0x4664</load_address>
         <readonly>true</readonly>
         <run_address>0x4664</run_address>
         <size>0x2</size>
         <alignment>0x1</alignment>
         <input_file_ref idref="fl-2"/>
      </object_component>
      <object_component id="oc-13f">
         <name>.rodata.str1.11870794119293528247.1</name>
         <load_address>0x4666</load_address>
         <readonly>true</readonly>
         <run_address>0x4666</run_address>
         <size>0x2</size>
         <alignment>0x1</alignment>
         <input_file_ref idref="fl-6"/>
      </object_component>
      <object_component id="oc-13c">
         <name>.rodata.str1.2123964117280943167.1</name>
         <load_address>0x4668</load_address>
         <readonly>true</readonly>
         <run_address>0x4668</run_address>
         <size>0x2</size>
         <alignment>0x1</alignment>
         <input_file_ref idref="fl-6"/>
      </object_component>
      <object_component id="oc-137">
         <name>.rodata.str1.288608917962107522.1</name>
         <load_address>0x466a</load_address>
         <readonly>true</readonly>
         <run_address>0x466a</run_address>
         <size>0x2</size>
         <alignment>0x1</alignment>
         <input_file_ref idref="fl-6"/>
      </object_component>
      <object_component id="oc-13e">
         <name>.rodata.str1.8108965883388295311.1</name>
         <load_address>0x466c</load_address>
         <readonly>true</readonly>
         <run_address>0x466c</run_address>
         <size>0x2</size>
         <alignment>0x1</alignment>
         <input_file_ref idref="fl-6"/>
      </object_component>
      <object_component id="oc-13d">
         <name>.rodata.str1.9059077390166914652.1</name>
         <load_address>0x466e</load_address>
         <readonly>true</readonly>
         <run_address>0x466e</run_address>
         <size>0x2</size>
         <alignment>0x1</alignment>
         <input_file_ref idref="fl-6"/>
      </object_component>
      <object_component id="oc-19b">
         <name>.binit</name>
         <load_address>0x0</load_address>
         <readonly>true</readonly>
         <run_address>0x0</run_address>
         <size>0x0</size>
         <alignment>0x4</alignment>
      </object_component>
      <object_component id="oc-65">
         <name>.data.buzzer_music_enabled</name>
         <load_address>0x202004f6</load_address>
         <readwrite>true</readwrite>
         <run_address>0x202004f6</run_address>
         <size>0x1</size>
         <alignment>0x1</alignment>
         <input_file_ref idref="fl-1"/>
      </object_component>
      <object_component id="oc-66">
         <name>.data.buzzer_note_ticks_remaining</name>
         <load_address>0x202004e8</load_address>
         <readwrite>true</readwrite>
         <run_address>0x202004e8</run_address>
         <size>0x2</size>
         <alignment>0x2</alignment>
         <input_file_ref idref="fl-1"/>
      </object_component>
      <object_component id="oc-67">
         <name>.data.buzzer_note_index</name>
         <load_address>0x202004f7</load_address>
         <readwrite>true</readwrite>
         <run_address>0x202004f7</run_address>
         <size>0x1</size>
         <alignment>0x1</alignment>
         <input_file_ref idref="fl-1"/>
      </object_component>
      <object_component id="oc-69">
         <name>.data.buzzer_half_period_ticks</name>
         <load_address>0x202004e6</load_address>
         <readwrite>true</readwrite>
         <run_address>0x202004e6</run_address>
         <size>0x2</size>
         <alignment>0x2</alignment>
         <input_file_ref idref="fl-1"/>
      </object_component>
      <object_component id="oc-6b">
         <name>.data.buzzer_pin_on</name>
         <load_address>0x202004f8</load_address>
         <readwrite>true</readwrite>
         <run_address>0x202004f8</run_address>
         <size>0x1</size>
         <alignment>0x1</alignment>
         <input_file_ref idref="fl-1"/>
      </object_component>
      <object_component id="oc-6a">
         <name>.data.buzzer_half_period_counter</name>
         <load_address>0x202004e4</load_address>
         <readwrite>true</readwrite>
         <run_address>0x202004e4</run_address>
         <size>0x2</size>
         <alignment>0x2</alignment>
         <input_file_ref idref="fl-1"/>
      </object_component>
      <object_component id="oc-6c">
         <name>.data.sfx_ticks_remaining</name>
         <load_address>0x202004f0</load_address>
         <readwrite>true</readwrite>
         <run_address>0x202004f0</run_address>
         <size>0x2</size>
         <alignment>0x2</alignment>
         <input_file_ref idref="fl-1"/>
      </object_component>
      <object_component id="oc-6f">
         <name>.data.sfx_pin_on</name>
         <load_address>0x202004fc</load_address>
         <readwrite>true</readwrite>
         <run_address>0x202004fc</run_address>
         <size>0x1</size>
         <alignment>0x1</alignment>
         <input_file_ref idref="fl-1"/>
      </object_component>
      <object_component id="oc-6d">
         <name>.data.sfx_half_period_ticks</name>
         <load_address>0x202004ee</load_address>
         <readwrite>true</readwrite>
         <run_address>0x202004ee</run_address>
         <size>0x2</size>
         <alignment>0x2</alignment>
         <input_file_ref idref="fl-1"/>
      </object_component>
      <object_component id="oc-6e">
         <name>.data.sfx_half_period_counter</name>
         <load_address>0x202004ec</load_address>
         <readwrite>true</readwrite>
         <run_address>0x202004ec</run_address>
         <size>0x2</size>
         <alignment>0x2</alignment>
         <input_file_ref idref="fl-1"/>
      </object_component>
      <object_component id="oc-10c">
         <name>.data.jingle_index</name>
         <load_address>0x202004fa</load_address>
         <readwrite>true</readwrite>
         <run_address>0x202004fa</run_address>
         <size>0x1</size>
         <alignment>0x1</alignment>
         <input_file_ref idref="fl-1"/>
      </object_component>
      <object_component id="oc-10b">
         <name>.data.jingle_playing</name>
         <load_address>0x202004fb</load_address>
         <readwrite>true</readwrite>
         <run_address>0x202004fb</run_address>
         <size>0x1</size>
         <alignment>0x1</alignment>
         <input_file_ref idref="fl-1"/>
      </object_component>
      <object_component id="oc-72">
         <name>.data.g_tick</name>
         <load_address>0x202004f9</load_address>
         <readwrite>true</readwrite>
         <run_address>0x202004f9</run_address>
         <size>0x1</size>
         <alignment>0x1</alignment>
         <input_file_ref idref="fl-6"/>
      </object_component>
      <object_component id="oc-cc">
         <name>.data.splash_phase</name>
         <load_address>0x202004ff</load_address>
         <readwrite>true</readwrite>
         <run_address>0x202004ff</run_address>
         <size>0x1</size>
         <alignment>0x1</alignment>
         <input_file_ref idref="fl-6"/>
      </object_component>
      <object_component id="oc-d0">
         <name>.data.splash_offset</name>
         <load_address>0x202004f2</load_address>
         <readwrite>true</readwrite>
         <run_address>0x202004f2</run_address>
         <size>0x2</size>
         <alignment>0x2</alignment>
         <input_file_ref idref="fl-6"/>
      </object_component>
      <object_component id="oc-cf">
         <name>.data.v1_offset</name>
         <load_address>0x202004f4</load_address>
         <readwrite>true</readwrite>
         <run_address>0x202004f4</run_address>
         <size>0x2</size>
         <alignment>0x2</alignment>
         <input_file_ref idref="fl-6"/>
      </object_component>
      <object_component id="oc-cd">
         <name>.data.splash_blink_timer</name>
         <load_address>0x202004fe</load_address>
         <readwrite>true</readwrite>
         <run_address>0x202004fe</run_address>
         <size>0x1</size>
         <alignment>0x1</alignment>
         <input_file_ref idref="fl-6"/>
      </object_component>
      <object_component id="oc-ce">
         <name>.data.splash_blink_on</name>
         <load_address>0x202004fd</load_address>
         <readwrite>true</readwrite>
         <run_address>0x202004fd</run_address>
         <size>0x1</size>
         <alignment>0x1</alignment>
         <input_file_ref idref="fl-6"/>
      </object_component>
      <object_component id="oc-108">
         <name>.data.rng_state</name>
         <load_address>0x202004ea</load_address>
         <readwrite>true</readwrite>
         <run_address>0x202004ea</run_address>
         <size>0x2</size>
         <alignment>0x2</alignment>
         <input_file_ref idref="fl-8"/>
      </object_component>
      <object_component id="oc-102">
         <name>.bss.fb</name>
         <uninitialized>true</uninitialized>
         <readwrite>true</readwrite>
         <run_address>0x20200000</run_address>
         <size>0x400</size>
         <alignment>0x4</alignment>
         <input_file_ref idref="fl-7"/>
      </object_component>
      <object_component id="oc-fe">
         <name>.common:gTIMER_0Backup</name>
         <uninitialized>true</uninitialized>
         <readwrite>true</readwrite>
         <run_address>0x20200400</run_address>
         <size>0xbc</size>
         <alignment>0x4</alignment>
      </object_component>
      <object_component id="oc-ff">
         <name>.common:gSPI_0Backup</name>
         <uninitialized>true</uninitialized>
         <readwrite>true</readwrite>
         <run_address>0x202004bc</run_address>
         <size>0x28</size>
         <alignment>0x4</alignment>
      </object_component>
      <object_component id="oc-1a">
         <name>.stack</name>
         <uninitialized>true</uninitialized>
         <readwrite>true</readwrite>
         <run_address>0x20207e00</run_address>
         <size>0x4</size>
         <alignment>0x4</alignment>
         <input_file_ref idref="fl-30"/>
      </object_component>
      <object_component id="oc-1d6">
         <name>.stack</name>
         <uninitialized>true</uninitialized>
         <readwrite>true</readwrite>
         <run_address>0x20207e00</run_address>
         <size>0x0</size>
         <alignment>0x8</alignment>
      </object_component>
      <object_component id="oc-35">
         <name>.debug_loc</name>
         <load_address>0x0</load_address>
         <run_address>0x0</run_address>
         <size>0xf5</size>
         <alignment>0x1</alignment>
         <input_file_ref idref="fl-1"/>
      </object_component>
      <object_component id="oc-fa">
         <name>.debug_loc</name>
         <load_address>0xf5</load_address>
         <run_address>0xf5</run_address>
         <size>0xd3</size>
         <alignment>0x1</alignment>
         <input_file_ref idref="fl-2"/>
      </object_component>
      <object_component id="oc-aa">
         <name>.debug_loc</name>
         <load_address>0x1c8</load_address>
         <run_address>0x1c8</run_address>
         <size>0x1370</size>
         <alignment>0x1</alignment>
         <input_file_ref idref="fl-4"/>
      </object_component>
      <object_component id="oc-75">
         <name>.debug_loc</name>
         <load_address>0x1538</load_address>
         <run_address>0x1538</run_address>
         <size>0x2a3</size>
         <alignment>0x1</alignment>
         <input_file_ref idref="fl-6"/>
      </object_component>
      <object_component id="oc-c8">
         <name>.debug_loc</name>
         <load_address>0x17db</load_address>
         <run_address>0x17db</run_address>
         <size>0x23b6</size>
         <alignment>0x1</alignment>
         <input_file_ref idref="fl-7"/>
      </object_component>
      <object_component id="oc-b0">
         <name>.debug_loc</name>
         <load_address>0x3b91</load_address>
         <run_address>0x3b91</run_address>
         <size>0xbeb</size>
         <alignment>0x1</alignment>
         <input_file_ref idref="fl-8"/>
      </object_component>
      <object_component id="oc-188">
         <name>.debug_loc</name>
         <load_address>0x477c</load_address>
         <run_address>0x477c</run_address>
         <size>0x13</size>
         <alignment>0x1</alignment>
         <input_file_ref idref="fl-16"/>
      </object_component>
      <object_component id="oc-170">
         <name>.debug_loc</name>
         <load_address>0x478f</load_address>
         <run_address>0x478f</run_address>
         <size>0x45f</size>
         <alignment>0x1</alignment>
         <input_file_ref idref="fl-17"/>
      </object_component>
      <object_component id="oc-167">
         <name>.debug_loc</name>
         <load_address>0x4bee</load_address>
         <run_address>0x4bee</run_address>
         <size>0x88e</size>
         <alignment>0x1</alignment>
         <input_file_ref idref="fl-18"/>
      </object_component>
      <object_component id="oc-15e">
         <name>.debug_loc</name>
         <load_address>0x547c</load_address>
         <run_address>0x547c</run_address>
         <size>0x1a68</size>
         <alignment>0x1</alignment>
         <input_file_ref idref="fl-19"/>
      </object_component>
      <object_component id="oc-45">
         <name>.debug_loc</name>
         <load_address>0x6ee4</load_address>
         <run_address>0x6ee4</run_address>
         <size>0xd8</size>
         <alignment>0x1</alignment>
         <input_file_ref idref="fl-30"/>
      </object_component>
      <object_component id="oc-dc">
         <name>.debug_loc</name>
         <load_address>0x6fbc</load_address>
         <run_address>0x6fbc</run_address>
         <size>0x424</size>
         <alignment>0x1</alignment>
         <input_file_ref idref="fl-32"/>
      </object_component>
      <object_component id="oc-52">
         <name>.debug_loc</name>
         <load_address>0x73e0</load_address>
         <run_address>0x73e0</run_address>
         <size>0x16c</size>
         <alignment>0x1</alignment>
         <input_file_ref idref="fl-35"/>
      </object_component>
      <object_component id="oc-50">
         <name>.debug_loc</name>
         <load_address>0x754c</load_address>
         <run_address>0x754c</run_address>
         <size>0x6f</size>
         <alignment>0x1</alignment>
         <input_file_ref idref="fl-36"/>
      </object_component>
      <object_component id="oc-48">
         <name>.debug_loc</name>
         <load_address>0x75bb</load_address>
         <run_address>0x75bb</run_address>
         <size>0x167</size>
         <alignment>0x1</alignment>
         <input_file_ref idref="fl-37"/>
      </object_component>
      <object_component id="oc-da">
         <name>.debug_loc</name>
         <load_address>0x7722</load_address>
         <run_address>0x7722</run_address>
         <size>0x26</size>
         <alignment>0x1</alignment>
         <input_file_ref idref="fl-38"/>
      </object_component>
      <object_component id="oc-ef">
         <name>.debug_loc</name>
         <load_address>0x7748</load_address>
         <run_address>0x7748</run_address>
         <size>0x20</size>
         <alignment>0x1</alignment>
         <input_file_ref idref="fl-df"/>
      </object_component>
      <object_component id="oc-191">
         <name>.debug_loc</name>
         <load_address>0x7768</load_address>
         <run_address>0x7768</run_address>
         <size>0xe6</size>
         <alignment>0x1</alignment>
         <input_file_ref idref="fl-e2"/>
      </object_component>
      <object_component id="oc-70">
         <name>.debug_abbrev</name>
         <load_address>0x0</load_address>
         <run_address>0x0</run_address>
         <size>0x235</size>
         <alignment>0x1</alignment>
         <input_file_ref idref="fl-1"/>
      </object_component>
      <object_component id="oc-100">
         <name>.debug_abbrev</name>
         <load_address>0x235</load_address>
         <run_address>0x235</run_address>
         <size>0x21d</size>
         <alignment>0x1</alignment>
         <input_file_ref idref="fl-2"/>
      </object_component>
      <object_component id="oc-3f">
         <name>.debug_abbrev</name>
         <load_address>0x452</load_address>
         <run_address>0x452</run_address>
         <size>0x6d</size>
         <alignment>0x1</alignment>
         <input_file_ref idref="fl-3"/>
      </object_component>
      <object_component id="oc-105">
         <name>.debug_abbrev</name>
         <load_address>0x4bf</load_address>
         <run_address>0x4bf</run_address>
         <size>0x24b</size>
         <alignment>0x1</alignment>
         <input_file_ref idref="fl-4"/>
      </object_component>
      <object_component id="oc-10e">
         <name>.debug_abbrev</name>
         <load_address>0x70a</load_address>
         <run_address>0x70a</run_address>
         <size>0x103</size>
         <alignment>0x1</alignment>
         <input_file_ref idref="fl-5"/>
      </object_component>
      <object_component id="oc-73">
         <name>.debug_abbrev</name>
         <load_address>0x80d</load_address>
         <run_address>0x80d</run_address>
         <size>0x23c</size>
         <alignment>0x1</alignment>
         <input_file_ref idref="fl-6"/>
      </object_component>
      <object_component id="oc-103">
         <name>.debug_abbrev</name>
         <load_address>0xa49</load_address>
         <run_address>0xa49</run_address>
         <size>0x26c</size>
         <alignment>0x1</alignment>
         <input_file_ref idref="fl-7"/>
      </object_component>
      <object_component id="oc-109">
         <name>.debug_abbrev</name>
         <load_address>0xcb5</load_address>
         <run_address>0xcb5</run_address>
         <size>0x25b</size>
         <alignment>0x1</alignment>
         <input_file_ref idref="fl-8"/>
      </object_component>
      <object_component id="oc-186">
         <name>.debug_abbrev</name>
         <load_address>0xf10</load_address>
         <run_address>0xf10</run_address>
         <size>0x62</size>
         <alignment>0x1</alignment>
         <input_file_ref idref="fl-16"/>
      </object_component>
      <object_component id="oc-18d">
         <name>.debug_abbrev</name>
         <load_address>0xf72</load_address>
         <run_address>0xf72</run_address>
         <size>0x206</size>
         <alignment>0x1</alignment>
         <input_file_ref idref="fl-17"/>
      </object_component>
      <object_component id="oc-18b">
         <name>.debug_abbrev</name>
         <load_address>0x1178</load_address>
         <run_address>0x1178</run_address>
         <size>0x277</size>
         <alignment>0x1</alignment>
         <input_file_ref idref="fl-18"/>
      </object_component>
      <object_component id="oc-189">
         <name>.debug_abbrev</name>
         <load_address>0x13ef</load_address>
         <run_address>0x13ef</run_address>
         <size>0x286</size>
         <alignment>0x1</alignment>
         <input_file_ref idref="fl-19"/>
      </object_component>
      <object_component id="oc-41">
         <name>.debug_abbrev</name>
         <load_address>0x1675</load_address>
         <run_address>0x1675</run_address>
         <size>0xaf</size>
         <alignment>0x1</alignment>
         <input_file_ref idref="fl-30"/>
      </object_component>
      <object_component id="oc-152">
         <name>.debug_abbrev</name>
         <load_address>0x1724</load_address>
         <run_address>0x1724</run_address>
         <size>0x170</size>
         <alignment>0x1</alignment>
         <input_file_ref idref="fl-32"/>
      </object_component>
      <object_component id="oc-9c">
         <name>.debug_abbrev</name>
         <load_address>0x1894</load_address>
         <run_address>0x1894</run_address>
         <size>0x39</size>
         <alignment>0x1</alignment>
         <input_file_ref idref="fl-33"/>
      </object_component>
      <object_component id="oc-78">
         <name>.debug_abbrev</name>
         <load_address>0x18cd</load_address>
         <run_address>0x18cd</run_address>
         <size>0xc2</size>
         <alignment>0x1</alignment>
         <input_file_ref idref="fl-35"/>
      </object_component>
      <object_component id="oc-4e">
         <name>.debug_abbrev</name>
         <load_address>0x198f</load_address>
         <run_address>0x198f</run_address>
         <size>0x70</size>
         <alignment>0x1</alignment>
         <input_file_ref idref="fl-36"/>
      </object_component>
      <object_component id="oc-46">
         <name>.debug_abbrev</name>
         <load_address>0x19ff</load_address>
         <run_address>0x19ff</run_address>
         <size>0x8d</size>
         <alignment>0x1</alignment>
         <input_file_ref idref="fl-37"/>
      </object_component>
      <object_component id="oc-14c">
         <name>.debug_abbrev</name>
         <load_address>0x1a8c</load_address>
         <run_address>0x1a8c</run_address>
         <size>0x98</size>
         <alignment>0x1</alignment>
         <input_file_ref idref="fl-38"/>
      </object_component>
      <object_component id="oc-17b">
         <name>.debug_abbrev</name>
         <load_address>0x1b24</load_address>
         <run_address>0x1b24</run_address>
         <size>0x2c</size>
         <alignment>0x1</alignment>
         <input_file_ref idref="fl-da"/>
      </object_component>
      <object_component id="oc-77">
         <name>.debug_abbrev</name>
         <load_address>0x1b50</load_address>
         <run_address>0x1b50</run_address>
         <size>0x27</size>
         <alignment>0x1</alignment>
         <input_file_ref idref="fl-db"/>
      </object_component>
      <object_component id="oc-179">
         <name>.debug_abbrev</name>
         <load_address>0x1b77</load_address>
         <run_address>0x1b77</run_address>
         <size>0x27</size>
         <alignment>0x1</alignment>
         <input_file_ref idref="fl-dc"/>
      </object_component>
      <object_component id="oc-9b">
         <name>.debug_abbrev</name>
         <load_address>0x1b9e</load_address>
         <run_address>0x1b9e</run_address>
         <size>0x25</size>
         <alignment>0x1</alignment>
         <input_file_ref idref="fl-dd"/>
      </object_component>
      <object_component id="oc-93">
         <name>.debug_abbrev</name>
         <load_address>0x1bc3</load_address>
         <run_address>0x1bc3</run_address>
         <size>0x27</size>
         <alignment>0x1</alignment>
         <input_file_ref idref="fl-de"/>
      </object_component>
      <object_component id="oc-ed">
         <name>.debug_abbrev</name>
         <load_address>0x1bea</load_address>
         <run_address>0x1bea</run_address>
         <size>0x59</size>
         <alignment>0x1</alignment>
         <input_file_ref idref="fl-df"/>
      </object_component>
      <object_component id="oc-f0">
         <name>.debug_abbrev</name>
         <load_address>0x1c43</load_address>
         <run_address>0x1c43</run_address>
         <size>0x25</size>
         <alignment>0x1</alignment>
         <input_file_ref idref="fl-e0"/>
      </object_component>
      <object_component id="oc-158">
         <name>.debug_abbrev</name>
         <load_address>0x1c68</load_address>
         <run_address>0x1c68</run_address>
         <size>0x25</size>
         <alignment>0x1</alignment>
         <input_file_ref idref="fl-e1"/>
      </object_component>
      <object_component id="oc-18f">
         <name>.debug_abbrev</name>
         <load_address>0x1c8d</load_address>
         <run_address>0x1c8d</run_address>
         <size>0x7e</size>
         <alignment>0x1</alignment>
         <input_file_ref idref="fl-e2"/>
      </object_component>
      <object_component id="oc-1d8">
         <name>.debug_abbrev</name>
         <load_address>0x1d0b</load_address>
         <run_address>0x1d0b</run_address>
         <size>0xf</size>
         <alignment>0x0</alignment>
      </object_component>
      <object_component id="oc-36">
         <name>.debug_info</name>
         <load_address>0x0</load_address>
         <run_address>0x0</run_address>
         <size>0xe7c</size>
         <alignment>0x1</alignment>
         <input_file_ref idref="fl-1"/>
      </object_component>
      <object_component id="oc-9f">
         <name>.debug_info</name>
         <load_address>0xe7c</load_address>
         <run_address>0xe7c</run_address>
         <size>0x2f04</size>
         <alignment>0x1</alignment>
         <input_file_ref idref="fl-2"/>
      </object_component>
      <object_component id="oc-19">
         <name>.debug_info</name>
         <load_address>0x3d80</load_address>
         <run_address>0x3d80</run_address>
         <size>0x80</size>
         <alignment>0x1</alignment>
         <input_file_ref idref="fl-3"/>
      </object_component>
      <object_component id="oc-ab">
         <name>.debug_info</name>
         <load_address>0x3e00</load_address>
         <run_address>0x3e00</run_address>
         <size>0x132f</size>
         <alignment>0x1</alignment>
         <input_file_ref idref="fl-4"/>
      </object_component>
      <object_component id="oc-b8">
         <name>.debug_info</name>
         <load_address>0x512f</load_address>
         <run_address>0x512f</run_address>
         <size>0x798</size>
         <alignment>0x1</alignment>
         <input_file_ref idref="fl-5"/>
      </object_component>
      <object_component id="oc-3b">
         <name>.debug_info</name>
         <load_address>0x58c7</load_address>
         <run_address>0x58c7</run_address>
         <size>0x14fd</size>
         <alignment>0x1</alignment>
         <input_file_ref idref="fl-6"/>
      </object_component>
      <object_component id="oc-a4">
         <name>.debug_info</name>
         <load_address>0x6dc4</load_address>
         <run_address>0x6dc4</run_address>
         <size>0x3295</size>
         <alignment>0x1</alignment>
         <input_file_ref idref="fl-7"/>
      </object_component>
      <object_component id="oc-b1">
         <name>.debug_info</name>
         <load_address>0xa059</load_address>
         <run_address>0xa059</run_address>
         <size>0xd92</size>
         <alignment>0x1</alignment>
         <input_file_ref idref="fl-8"/>
      </object_component>
      <object_component id="oc-15a">
         <name>.debug_info</name>
         <load_address>0xadeb</load_address>
         <run_address>0xadeb</run_address>
         <size>0x75</size>
         <alignment>0x1</alignment>
         <input_file_ref idref="fl-16"/>
      </object_component>
      <object_component id="oc-171">
         <name>.debug_info</name>
         <load_address>0xae60</load_address>
         <run_address>0xae60</run_address>
         <size>0x1235</size>
         <alignment>0x1</alignment>
         <input_file_ref idref="fl-17"/>
      </object_component>
      <object_component id="oc-168">
         <name>.debug_info</name>
         <load_address>0xc095</load_address>
         <run_address>0xc095</run_address>
         <size>0x118a</size>
         <alignment>0x1</alignment>
         <input_file_ref idref="fl-18"/>
      </object_component>
      <object_component id="oc-15f">
         <name>.debug_info</name>
         <load_address>0xd21f</load_address>
         <run_address>0xd21f</run_address>
         <size>0x32ed</size>
         <alignment>0x1</alignment>
         <input_file_ref idref="fl-19"/>
      </object_component>
      <object_component id="oc-1b">
[...]
         </cprec>
      </cptbl>
   </cptbl_list>
   <handler_table>
      <handler_table_name>__TI_handler_table</handler_table_name>
      <handler>
         <index>0x0</index>
         <name>__TI_decompress_lzss</name>
      </handler>
      <handler>
         <index>0x1</index>
         <name>__TI_decompress_none</name>
      </handler>
      <handler>
         <index>0x2</index>
         <name>__TI_zero_init</name>
      </handler>
   </handler_table>
   <symbol_table>
      <symbol id="sm-1">
         <name>__start___llvm_prf_cnts</name>
         <value>0x20200000</value>
      </symbol>
      <symbol id="sm-2">
         <name>__stop___llvm_prf_cnts</name>
         <value>0x20200000</value>
      </symbol>
      <symbol id="sm-3">
         <name>__start___llvm_prf_bits</name>
         <value>0x20200000</value>
      </symbol>
      <symbol id="sm-4">
         <name>__stop___llvm_prf_bits</name>
         <value>0x20200000</value>
      </symbol>
      <symbol id="sm-5">
         <name>__TI_CINIT_Base</name>
         <value>0x4698</value>
      </symbol>
      <symbol id="sm-6">
         <name>__TI_CINIT_Limit</name>
         <value>0x46a8</value>
      </symbol>
      <symbol id="sm-7">
         <name>__TI_CINIT_Warm</name>
         <value>0x46a8</value>
      </symbol>
      <symbol id="sm-8">
         <name>__TI_Handler_Table_Base</name>
         <value>0x4684</value>
      </symbol>
      <symbol id="sm-9">
         <name>__TI_Handler_Table_Limit</name>
         <value>0x4690</value>
      </symbol>
      <symbol id="sm-a">
         <name>binit</name>
         <value>0xffffffff</value>
      </symbol>
      <symbol id="sm-b">
         <name>__binit__</name>
         <value>0xffffffff</value>
      </symbol>
      <symbol id="sm-c">
         <name>__STACK_SIZE</name>
         <value>0x200</value>
      </symbol>
      <symbol id="sm-d">
         <name>__STACK_END</name>
         <value>0x20208000</value>
      </symbol>
      <symbol id="sm-e">
         <name>__TI_pprof_out_hndl</name>
         <value>0xffffffff</value>
      </symbol>
      <symbol id="sm-f">
         <name>__TI_prof_data_start</name>
         <value>0xffffffff</value>
      </symbol>
      <symbol id="sm-10">
         <name>__TI_prof_data_size</name>
         <value>0xffffffff</value>
      </symbol>
      <symbol id="sm-65">
         <name>SysTick_Handler</name>
         <value>0x3305</value>
         <object_component_ref idref="oc-34"/>
      </symbol>
      <symbol id="sm-66">
         <name>buzzer_init</name>
         <value>0x3ee9</value>
         <object_component_ref idref="oc-a8"/>
      </symbol>
      <symbol id="sm-67">
         <name>buzzer_set_music_enabled</name>
         <value>0x3d39</value>
         <object_component_ref idref="oc-b5"/>
      </symbol>
      <symbol id="sm-68">
         <name>jingle_tick</name>
         <value>0x3aa5</value>
         <object_component_ref idref="oc-b6"/>
      </symbol>
      <symbol id="sm-69">
         <name>dispatch_game_sfx</name>
         <value>0x3cdd</value>
         <object_component_ref idref="oc-bc"/>
      </symbol>
      <symbol id="sm-8e">
         <name>SYSCFG_DL_init</name>
         <value>0x3fd1</value>
         <object_component_ref idref="oc-9e"/>
      </symbol>
      <symbol id="sm-8f">
         <name>SYSCFG_DL_initPower</name>
         <value>0x3ddd</value>
         <object_component_ref idref="oc-f7"/>
      </symbol>
      <symbol id="sm-90">
         <name>SYSCFG_DL_GPIO_init</name>
         <value>0x3a15</value>
         <object_component_ref idref="oc-f8"/>
      </symbol>
      <symbol id="sm-91">
         <name>SYSCFG_DL_SYSCTL_init</name>
         <value>0x3e69</value>
         <object_component_ref idref="oc-f9"/>
      </symbol>
      <symbol id="sm-92">
         <name>SYSCFG_DL_TIMER_0_init</name>
         <value>0x3f99</value>
         <object_component_ref idref="oc-fb"/>
      </symbol>
      <symbol id="sm-93">
         <name>SYSCFG_DL_SPI_0_init</name>
         <value>0x3d91</value>
         <object_component_ref idref="oc-fc"/>
      </symbol>
      <symbol id="sm-94">
         <name>SYSCFG_DL_RTC_init</name>
         <value>0x40e1</value>
         <object_component_ref idref="oc-fd"/>
      </symbol>
      <symbol id="sm-95">
         <name>gTIMER_0Backup</name>
         <value>0x20200400</value>
      </symbol>
      <symbol id="sm-96">
         <name>gSPI_0Backup</name>
         <value>0x202004bc</value>
      </symbol>
      <symbol id="sm-a1">
         <name>Default_Handler</name>
         <value>0x3a13</value>
         <object_component_ref idref="oc-33"/>
      </symbol>
      <symbol id="sm-a2">
         <name>Reset_Handler</name>
         <value>0x41b7</value>
         <object_component_ref idref="oc-2f"/>
      </symbol>
      <symbol id="sm-a3">
         <name>interruptVectors</name>
         <value>0x0</value>
         <object_component_ref idref="oc-18"/>
      </symbol>
      <symbol id="sm-a4">
         <name>NMI_Handler</name>
         <value>0x3a13</value>
         <object_component_ref idref="oc-33"/>
      </symbol>
      <symbol id="sm-a5">
         <name>HardFault_Handler</name>
         <value>0x3a13</value>
         <object_component_ref idref="oc-33"/>
      </symbol>
      <symbol id="sm-a6">
         <name>SVC_Handler</name>
         <value>0x3a13</value>
         <object_component_ref idref="oc-33"/>
      </symbol>
      <symbol id="sm-a7">
         <name>PendSV_Handler</name>
         <value>0x3a13</value>
         <object_component_ref idref="oc-33"/>
      </symbol>
      <symbol id="sm-a8">
         <name>GROUP0_IRQHandler</name>
         <value>0x3a13</value>
         <object_component_ref idref="oc-33"/>
      </symbol>
      <symbol id="sm-a9">
         <name>GROUP1_IRQHandler</name>
         <value>0x3a13</value>
         <object_component_ref idref="oc-33"/>
      </symbol>
      <symbol id="sm-aa">
         <name>TIMG8_IRQHandler</name>
         <value>0x3a13</value>
         <object_component_ref idref="oc-33"/>
      </symbol>
      <symbol id="sm-ab">
         <name>UART3_IRQHandler</name>
         <value>0x3a13</value>
         <object_component_ref idref="oc-33"/>
      </symbol>
      <symbol id="sm-ac">
         <name>ADC0_IRQHandler</name>
         <value>0x3a13</value>
         <object_component_ref idref="oc-33"/>
      </symbol>
      <symbol id="sm-ad">
         <name>ADC1_IRQHandler</name>
         <value>0x3a13</value>
         <object_component_ref idref="oc-33"/>
      </symbol>
      <symbol id="sm-ae">
         <name>CANFD0_IRQHandler</name>
         <value>0x3a13</value>
         <object_component_ref idref="oc-33"/>
      </symbol>
      <symbol id="sm-af">
         <name>DAC0_IRQHandler</name>
         <value>0x3a13</value>
         <object_component_ref idref="oc-33"/>
      </symbol>
      <symbol id="sm-b0">
         <name>SPI0_IRQHandler</name>
         <value>0x3a13</value>
         <object_component_ref idref="oc-33"/>
      </symbol>
      <symbol id="sm-b1">
         <name>SPI1_IRQHandler</name>
         <value>0x3a13</value>
         <object_component_ref idref="oc-33"/>
      </symbol>
      <symbol id="sm-b2">
         <name>UART1_IRQHandler</name>
         <value>0x3a13</value>
         <object_component_ref idref="oc-33"/>
      </symbol>
      <symbol id="sm-b3">
         <name>UART2_IRQHandler</name>
         <value>0x3a13</value>
         <object_component_ref idref="oc-33"/>
      </symbol>
      <symbol id="sm-b4">
         <name>UART0_IRQHandler</name>
         <value>0x3a13</value>
         <object_component_ref idref="oc-33"/>
      </symbol>
      <symbol id="sm-b5">
         <name>TIMG0_IRQHandler</name>
         <value>0x3a13</value>
         <object_component_ref idref="oc-33"/>
      </symbol>
      <symbol id="sm-b6">
         <name>TIMG6_IRQHandler</name>
         <value>0x3a13</value>
         <object_component_ref idref="oc-33"/>
      </symbol>
      <symbol id="sm-b7">
         <name>TIMA1_IRQHandler</name>
         <value>0x3a13</value>
         <object_component_ref idref="oc-33"/>
      </symbol>
      <symbol id="sm-b8">
         <name>TIMG7_IRQHandler</name>
         <value>0x3a13</value>
         <object_component_ref idref="oc-33"/>
      </symbol>
      <symbol id="sm-b9">
         <name>TIMG12_IRQHandler</name>
         <value>0x3a13</value>
         <object_component_ref idref="oc-33"/>
      </symbol>
      <symbol id="sm-ba">
         <name>I2C0_IRQHandler</name>
         <value>0x3a13</value>
         <object_component_ref idref="oc-33"/>
      </symbol>
      <symbol id="sm-bb">
         <name>I2C1_IRQHandler</name>
         <value>0x3a13</value>
         <object_component_ref idref="oc-33"/>
      </symbol>
      <symbol id="sm-bc">
         <name>AES_IRQHandler</name>
         <value>0x3a13</value>
         <object_component_ref idref="oc-33"/>
      </symbol>
      <symbol id="sm-bd">
         <name>RTC_IRQHandler</name>
         <value>0x3a13</value>
         <object_component_ref idref="oc-33"/>
      </symbol>
      <symbol id="sm-be">
         <name>DMA_IRQHandler</name>
         <value>0x3a13</value>
         <object_component_ref idref="oc-33"/>
      </symbol>
      <symbol id="sm-f9">
         <name>game_init</name>
         <value>0x4005</value>
         <object_component_ref idref="oc-a9"/>
      </symbol>
      <symbol id="sm-fa">
         <name>game2p_init</name>
         <value>0x4039</value>
         <object_component_ref idref="oc-cb"/>
      </symbol>
      <symbol id="sm-fb">
         <name>game_tick</name>
         <value>0x288d</value>
         <object_component_ref idref="oc-be"/>
      </symbol>
      <symbol id="sm-fc">
         <name>game_render</name>
         <value>0x3195</value>
         <object_component_ref idref="oc-bf"/>
      </symbol>
      <symbol id="sm-fd">
         <name>game2p_tick</name>
         <value>0x2241</value>
         <object_component_ref idref="oc-c0"/>
      </symbol>
      <symbol id="sm-fe">
         <name>game2p_render</name>
         <value>0x2ba9</value>
         <object_component_ref idref="oc-c1"/>
      </symbol>
      <symbol id="sm-ff">
         <name>platformer_init</name>
         <value>0x4091</value>
         <object_component_ref idref="oc-ca"/>
      </symbol>
      <symbol id="sm-100">
         <name>platformer_tick</name>
         <value>0x1f65</value>
         <object_component_ref idref="oc-bb"/>
      </symbol>
      <symbol id="sm-101">
         <name>platformer_render</name>
         <value>0xc1</value>
         <object_component_ref idref="oc-bd"/>
      </symbol>
      <symbol id="sm-10a">
         <name>input_update</name>
         <value>0x3c7d</value>
         <object_component_ref idref="oc-b7"/>
      </symbol>
      <symbol id="sm-140">
         <name>draw_main_menu</name>
         <value>0x3579</value>
         <object_component_ref idref="oc-c5"/>
      </symbol>
      <symbol id="sm-141">
         <name>draw_button_test</name>
         <value>0x2ead</value>
         <object_component_ref idref="oc-c4"/>
      </symbol>
      <symbol id="sm-142">
         <name>TIMA0_IRQHandler</name>
         <value>0x4121</value>
         <object_component_ref idref="oc-3a"/>
      </symbol>
      <symbol id="sm-143">
         <name>g_tick</name>
         <value>0x202004f9</value>
         <object_component_ref idref="oc-72"/>
      </symbol>
      <symbol id="sm-144">
         <name>main</name>
         <value>0x1bd5</value>
         <object_component_ref idref="oc-83"/>
      </symbol>
      <symbol id="sm-173">
         <name>OLED_Init</name>
         <value>0x13f1</value>
         <object_component_ref idref="oc-a3"/>
      </symbol>
      <symbol id="sm-174">
         <name>OLED_Flush</name>
         <value>0x2a1d</value>
         <object_component_ref idref="oc-c9"/>
      </symbol>
      <symbol id="sm-175">
         <name>OLED_Clear</name>
         <value>0x413d</value>
         <object_component_ref idref="oc-c6"/>
      </symbol>
      <symbol id="sm-176">
         <name>OLED_DrawPixel</name>
         <value>0x3f61</value>
         <object_component_ref idref="oc-117"/>
      </symbol>
      <symbol id="sm-177">
         <name>OLED_DrawHLine</name>
         <value>0x3441</value>
         <object_component_ref idref="oc-11a"/>
      </symbol>
      <symbol id="sm-178">
         <name>OLED_DrawVLine</name>
         <value>0x2d35</value>
         <object_component_ref idref="oc-11e"/>
      </symbol>
      <symbol id="sm-179">
         <name>OLED_DrawRect</name>
         <value>0xe55</value>
         <object_component_ref idref="oc-12a"/>
      </symbol>
      <symbol id="sm-17a">
         <name>OLED_FillRect</name>
         <value>0x3025</value>
         <object_component_ref idref="oc-110"/>
      </symbol>
      <symbol id="sm-17b">
         <name>OLED_DrawChar</name>
         <value>0x2685</value>
         <object_component_ref idref="oc-147"/>
      </symbol>
      <symbol id="sm-17c">
         <name>OLED_DrawString</name>
         <value>0x3ba9</value>
         <object_component_ref idref="oc-c7"/>
      </symbol>
      <symbol id="sm-1a7">
         <name>tetris_init</name>
         <value>0x38d9</value>
         <object_component_ref idref="oc-af"/>
      </symbol>
      <symbol id="sm-1a8">
         <name>tetris_tick</name>
         <value>0x1829</value>
         <object_component_ref idref="oc-c2"/>
      </symbol>
      <symbol id="sm-1a9">
         <name>tetris_render</name>
         <value>0x7c5</value>
         <object_component_ref idref="oc-c3"/>
      </symbol>
      <symbol id="sm-1aa">
         <name>__TI_ATRegion0_src_addr</name>
         <value>0x0</value>
      </symbol>
      <symbol id="sm-1ab">
         <name>__TI_ATRegion0_trg_addr</name>
         <value>0x0</value>
      </symbol>
      <symbol id="sm-1ac">
         <name>__TI_ATRegion0_region_sz</name>
         <value>0x0</value>
      </symbol>
      <symbol id="sm-1ad">
         <name>__TI_ATRegion1_src_addr</name>
         <value>0x0</value>
      </symbol>
      <symbol id="sm-1ae">
         <name>__TI_ATRegion1_trg_addr</name>
         <value>0x0</value>
      </symbol>
      <symbol id="sm-1af">
         <name>__TI_ATRegion1_region_sz</name>
         <value>0x0</value>
      </symbol>
      <symbol id="sm-1b0">
         <name>__TI_ATRegion2_src_addr</name>
         <value>0x0</value>
      </symbol>
      <symbol id="sm-1b1">
         <name>__TI_ATRegion2_trg_addr</name>
         <value>0x0</value>
      </symbol>
      <symbol id="sm-1b2">
         <name>__TI_ATRegion2_region_sz</name>
         <value>0x0</value>
      </symbol>
      <symbol id="sm-1bb">
         <name>DL_Common_delayCycles</name>
         <value>0x4191</value>
         <object_component_ref idref="oc-159"/>
      </symbol>
      <symbol id="sm-1c6">
         <name>DL_RTC_Common_initCalendar</name>
         <value>0x3835</value>
         <object_component_ref idref="oc-16f"/>
      </symbol>
      <symbol id="sm-1d3">
         <name>DL_SPI_init</name>
         <value>0x3e25</value>
         <object_component_ref idref="oc-16c"/>
      </symbol>
      <symbol id="sm-1d4">
         <name>DL_SPI_setClockConfig</name>
         <value>0x4151</value>
         <object_component_ref idref="oc-166"/>
      </symbol>
      <symbol id="sm-1e4">
         <name>DL_Timer_setClockConfig</name>
         <value>0x4105</value>
         <object_component_ref idref="oc-15d"/>
      </symbol>
      <symbol id="sm-1e5">
         <name>DL_Timer_initTimerMode</name>
         <value>0x368d</value>
         <object_component_ref idref="oc-163"/>
      </symbol>
      <symbol id="sm-1f0">
         <name>_c_int00_noargs</name>
         <value>0x40b9</value>
         <object_component_ref idref="oc-5a"/>
      </symbol>
      <symbol id="sm-1f1">
         <name>__stack</name>
         <value>0x20207e00</value>
         <object_component_ref idref="oc-1a"/>
      </symbol>
      <symbol id="sm-1fd">
         <name>__TI_auto_init_nobinit_nopinit</name>
         <value>0x3f25</value>
         <object_component_ref idref="oc-db"/>
      </symbol>
      <symbol id="sm-205">
         <name>_system_pre_init</name>
         <value>0x41bb</value>
         <object_component_ref idref="oc-7f"/>
      </symbol>
      <symbol id="sm-210">
         <name>__TI_zero_init</name>
         <value>0x4175</value>
         <object_component_ref idref="oc-57"/>
      </symbol>
      <symbol id="sm-219">
         <name>__TI_decompress_none</name>
         <value>0x4163</value>
         <object_component_ref idref="oc-20"/>
      </symbol>
      <symbol id="sm-224">
         <name>__TI_decompress_lzss</name>
         <value>0x3b2d</value>
         <object_component_ref idref="oc-1c"/>
      </symbol>
      <symbol id="sm-22e">
         <name>abort</name>
         <value>0x41ad</value>
         <object_component_ref idref="oc-d4"/>
      </symbol>
      <symbol id="sm-238">
         <name>HOSTexit</name>
         <value>0x41b3</value>
         <object_component_ref idref="oc-148"/>
      </symbol>
      <symbol id="sm-239">
         <name>C$$EXIT</name>
         <value>0x41b2</value>
         <object_component_ref idref="oc-148"/>
      </symbol>
      <symbol id="sm-23f">
         <name>__aeabi_memcpy</name>
         <value>0x419d</value>
         <object_component_ref idref="oc-4a"/>
      </symbol>
      <symbol id="sm-240">
         <name>__aeabi_memcpy4</name>
         <value>0x419d</value>
         <object_component_ref idref="oc-4a"/>
      </symbol>
      <symbol id="sm-241">
         <name>__aeabi_memcpy8</name>
         <value>0x419d</value>
         <object_component_ref idref="oc-4a"/>
      </symbol>
      <symbol id="sm-247">
         <name>__aeabi_memmove</name>
         <value>0x41a5</value>
         <object_component_ref idref="oc-124"/>
      </symbol>
      <symbol id="sm-248">
         <name>__aeabi_memmove4</name>
         <value>0x41a5</value>
         <object_component_ref idref="oc-124"/>
      </symbol>
      <symbol id="sm-249">
         <name>__aeabi_memmove8</name>
         <value>0x41a5</value>
         <object_component_ref idref="oc-124"/>
      </symbol>
      <symbol id="sm-250">
         <name>__aeabi_memclr</name>
         <value>0x4185</value>
         <object_component_ref idref="oc-7a"/>
      </symbol>
      <symbol id="sm-251">
         <name>__aeabi_memclr4</name>
         <value>0x4185</value>
         <object_component_ref idref="oc-7a"/>
      </symbol>
      <symbol id="sm-252">
         <name>__aeabi_memclr8</name>
         <value>0x4185</value>
         <object_component_ref idref="oc-7a"/>
      </symbol>
      <symbol id="sm-258">
         <name>__aeabi_uidiv</name>
         <value>0x3ea9</value>
         <object_component_ref idref="oc-61"/>
      </symbol>
      <symbol id="sm-259">
         <name>__aeabi_uidivmod</name>
         <value>0x3ea9</value>
         <object_component_ref idref="oc-61"/>
      </symbol>
      <symbol id="sm-263">
         <name>__aeabi_idiv0</name>
         <value>0x3c7b</value>
         <object_component_ref idref="oc-8e"/>
      </symbol>
      <symbol id="sm-27c">
         <name>memcpy</name>
         <value>0x3979</value>
         <object_component_ref idref="oc-99"/>
      </symbol>
      <symbol id="sm-28b">
         <name>memset</name>
         <value>0x3c19</value>
         <object_component_ref idref="oc-f6"/>
      </symbol>
      <symbol id="sm-294">
         <name>memmove</name>
         <value>0x4069</value>
         <object_component_ref idref="oc-175"/>
      </symbol>
      <symbol id="sm-295">
         <name>__TI_static_base__</name>
         <value>0x0</value>
      </symbol>
      <symbol id="sm-298">
         <name>__mpu_init</name>
         <value>0x0</value>
      </symbol>
      <symbol id="sm-299">
         <name>_system_post_cinit</name>
         <value>0x0</value>
      </symbol>
   </symbol_table>
   <title>Link successful</title>
</link_info>
