******************************************************************************
            TI ARM Clang Linker Unix v4.0.4                    
******************************************************************************
>> Linked Sat May  2 22:17:10 2026

OUTPUT FILE NAME:   <game-folk-startup-main.out>
ENTRY POINT SYMBOL: "_c_int00_noargs"  address: 000040b9


MEMORY CONFIGURATION

         name            origin    length      used     unused   attr    fill
----------------------  --------  ---------  --------  --------  ----  --------
  FLASH                 00000000   00020000  000046a8  0001b958  R  X
  SRAM                  20200000   00008000  00000700  00007900  RW X
  BCR_CONFIG            41c00000   000000ff  00000000  000000ff  R   
  BSL_CONFIG            41c00100   00000080  00000000  00000080  R   


SEGMENT ALLOCATION MAP

run origin  load origin   length   init length attrs members
----------  ----------- ---------- ----------- ----- -------
00000000    00000000    000046a8   000046a8    r-x
  00000000    00000000    000000c0   000000c0    r-- .intvecs
  000000c0    000000c0    00004100   00004100    r-x .text
  000041c0    000041c0    000004b0   000004b0    r-- .rodata
  00004670    00004670    00000038   00000038    r-- .cinit
20200000    20200000    00000500   00000000    rw-
  20200000    20200000    000004e4   00000000    rw- .bss
  202004e4    202004e4    0000001c   00000000    rw- .data
20207e00    20207e00    00000200   00000000    rw-
  20207e00    20207e00    00000200   00000000    rw- .stack


SECTION ALLOCATION MAP

 output                                  attributes/
section   page    origin      length       input sections
--------  ----  ----------  ----------   ----------------
.intvecs   0    00000000    000000c0     
                  00000000    000000c0     startup_mspm0g350x_ticlang.o (.intvecs)

.text      0    000000c0    00004100     
                  000000c0    00000704     game.o (.text.platformer_render)
                  000007c4    00000690     tetris.o (.text.tetris_render)
                  00000e54    0000059c     oled.o (.text.OLED_DrawRect)
                  000013f0    00000438     oled.o (.text.OLED_Init)
                  00001828    000003ac     tetris.o (.text.tetris_tick)
                  00001bd4    00000390     main.o (.text.main)
                  00001f64    000002dc     game.o (.text.platformer_tick)
                  00002240    00000230     game.o (.text.game2p_tick)
                  00002470    00000214     tetris.o (.text.do_lock)
                  00002684    00000208     oled.o (.text.OLED_DrawChar)
                  0000288c    00000190     game.o (.text.game_tick)
                  00002a1c    0000018c     oled.o (.text.OLED_Flush)
                  00002ba8    0000018c     game.o (.text.game2p_render)
                  00002d34    00000178     oled.o (.text.OLED_DrawVLine)
                  00002eac    00000178     main.o (.text.draw_button_test)
                  00003024    00000170     oled.o (.text.OLED_FillRect)
                  00003194    00000170     game.o (.text.game_render)
                  00003304    0000013c     buzzer.o (.text.SysTick_Handler)
                  00003440    00000138     oled.o (.text.OLED_DrawHLine)
                  00003578    00000114     main.o (.text.draw_main_menu)
                  0000368c    000000fc     driverlib.a : dl_timer.o (.text.DL_Timer_initTimerMode)
                  00003788    000000ac     tetris.o (.text.collides)
                  00003834    000000a4     driverlib.a : dl_rtc_common.o (.text.DL_RTC_Common_initCalendar)
                  000038d8    000000a0     tetris.o (.text.tetris_init)
                  00003978    0000009a     libc.a : memcpy16.S.obj (.text:memcpy)
                  00003a12    00000002     startup_mspm0g350x_ticlang.o (.text.Default_Handler)
                  00003a14    00000090     ti_msp_dl_config.o (.text.SYSCFG_DL_GPIO_init)
                  00003aa4    00000088     buzzer.o (.text.jingle_tick)
                  00003b2c    0000007c     libc.a : copy_decompress_lzss.c.obj (.text:decompress:lzss)
                  00003ba8    00000070     oled.o (.text.OLED_DrawString)
                  00003c18    00000062     libc.a : memset16.S.obj (.text:memset)
                  00003c7a    00000002     libclang_rt.builtins.a : aeabi_div0.c.obj (.text.__aeabi_idiv0)
                  00003c7c    00000060     input.o (.text.input_update)
                  00003cdc    0000005c     buzzer.o (.text.dispatch_game_sfx)
                  00003d38    00000058     buzzer.o (.text.buzzer_set_music_enabled)
                  00003d90    0000004c     ti_msp_dl_config.o (.text.SYSCFG_DL_SPI_0_init)
                  00003ddc    00000048     ti_msp_dl_config.o (.text.SYSCFG_DL_initPower)
                  00003e24    00000044     driverlib.a : dl_spi.o (.text.DL_SPI_init)
                  00003e68    00000040     ti_msp_dl_config.o (.text.SYSCFG_DL_SYSCTL_init)
                  00003ea8    00000040     libclang_rt.builtins.a : aeabi_uidivmod.S.obj (.text.__aeabi_uidivmod)
                  00003ee8    0000003c     buzzer.o (.text.buzzer_init)
                  00003f24    0000003c     libc.a : autoinit.c.obj (.text:__TI_auto_init_nobinit_nopinit)
                  00003f60    00000038     oled.o (.text.OLED_DrawPixel)
                  00003f98    00000038     ti_msp_dl_config.o (.text.SYSCFG_DL_TIMER_0_init)
                  00003fd0    00000034     ti_msp_dl_config.o (.text.SYSCFG_DL_init)
                  00004004    00000034     game.o (.text.game_init)
                  00004038    00000030     game.o (.text.game2p_init)
                  00004068    00000028     libc.a : memmov.c.obj (.text.memmove)
                  00004090    00000028     game.o (.text.platformer_init)
                  000040b8    00000028     libc.a : boot_cortex_m.c.obj (.text:_c_int00_noargs)
                  000040e0    00000024     ti_msp_dl_config.o (.text.SYSCFG_DL_RTC_init)
                  00004104    0000001c     driverlib.a : dl_timer.o (.text.DL_Timer_setClockConfig)
                  00004120    0000001c     main.o (.text.TIMA0_IRQHandler)
                  0000413c    00000014     oled.o (.text.OLED_Clear)
                  00004150    00000012     driverlib.a : dl_spi.o (.text.DL_SPI_setClockConfig)
                  00004162    00000012     libc.a : copy_decompress_none.c.obj (.text:decompress:none)
                  00004174    00000010            : copy_zero_init.c.obj (.text:decompress:ZI)
                  00004184    0000000c     libclang_rt.builtins.a : aeabi_memset.S.obj (.text.__aeabi_memclr)
                  00004190    0000000a     driverlib.a : dl_common.o (.text.DL_Common_delayCycles)
                  0000419a    00000002     --HOLE-- [fill = 0]
                  0000419c    00000008     libclang_rt.builtins.a : aeabi_memcpy.S.obj (.text.__aeabi_memcpy)
                  000041a4    00000008                            : aeabi_memmove.S.obj (.text.__aeabi_memmove)
                  000041ac    00000006     libc.a : exit.c.obj (.text:abort)
                  000041b2    00000004     libsysbm.a : hostexit.c.obj (.text.HOSTexit)
                  000041b6    00000004     startup_mspm0g350x_ticlang.o (.text.Reset_Handler)
                  000041ba    00000004     libc.a : pre_init.c.obj (.text._system_pre_init)
                  000041be    00000002     --HOLE-- [fill = 0]

.cinit     0    00004670    00000038     
                  00004670    00000011     (.cinit..data.load) [load image, compression = lzss]
                  00004681    00000003     --HOLE-- [fill = 0]
                  00004684    0000000c     (__TI_handler_table)
                  00004690    00000008     (.cinit..bss.load) [load image, compression = zero_init]
                  00004698    00000010     (__TI_cinit_table)

.rodata    0    000041c0    000004b0     
                  000041c0    000001db     oled.o (.rodata.font5x7)
                  0000439b    000000e0     tetris.o (.rodata.pieces)
                  0000447b    00000001     --HOLE-- [fill = 0]
                  0000447c    00000040     buzzer.o (.rodata.menu_song)
                  000044bc    00000014     ti_msp_dl_config.o (.rodata.gTIMER_0TimerConfig)
                  000044d0    00000014     buzzer.o (.rodata.gameover_jingle)
                  000044e4    00000012     tetris.o (.rodata.str1.3890680804621497596.1)
                  000044f6    00000010     game.o (.rodata.str1.2833202390838679115.1)
                  00004506    00000010     game.o (.rodata.str1.2948333331212218117.1)
                  00004516    00000010     tetris.o (.rodata.str1.6513745947343010368.1)
                  00004526    0000000f     game.o (.rodata.str1.8189132184896186292.1)
                  00004535    0000000e     game.o (.rodata.str1.6849864942619857425.1)
                  00004543    0000000d     tetris.o (.rodata.str1.6394291721124310681.1)
                  00004550    0000000c     main.o (.rodata.str1.12180500075719773345.1)
                  0000455c    0000000c     main.o (.rodata.str1.14112174005742061988.1)
                  00004568    0000000b     main.o (.rodata.str1.18227636981041470289.1)
                  00004573    00000001     --HOLE-- [fill = 0]
                  00004574    0000000a     ti_msp_dl_config.o (.rodata.gSPI_0_config)
                  0000457e    0000000a     tetris.o (.rodata.line_scores)
                  00004588    0000000a     main.o (.rodata.str1.15159059442110792349.1)
                  00004592    0000000a     tetris.o (.rodata.str1.2833983880573671193.1)
                  0000459c    0000000a     game.o (.rodata.str1.6100369776142028819.1)
                  000045a6    0000000a     main.o (.rodata.str1.8076846746581808073.1)
                  000045b0    00000009     main.o (.rodata.str1.14079361385603432444.1)
                  000045b9    00000009     game.o (.rodata.str1.15395850622484745175.1)
                  000045c2    00000009     game.o (.rodata.str1.5545800068125302137.1)
                  000045cb    00000009     game.o (.rodata.str1.9806857748358305087.1)
                  000045d4    00000008     main.o (.rodata.str1.10313062130652730376.1)
                  000045dc    00000008     game.o (.rodata.str1.14107836020353751890.1)
                  000045e4    00000008     main.o (.rodata.str1.17100691992556644108.1)
                  000045ec    00000008     game.o (.rodata.str1.17708770684071004443.1)
                  000045f4    00000008     tetris.o (.rodata.str1.7224606789491541917.1)
                  000045fc    00000008     game.o (.rodata.str1.8357395868762639450.1)
                  00004604    00000008     game.o (.rodata.str1.9707769887897754995.1)
                  0000460c    00000008     game.o (.rodata.str1.9969844259988889360.1)
                  00004614    00000007     tetris.o (.rodata.str1.1419153356704373736.1)
                  0000461b    00000007     tetris.o (.rodata.str1.16261958295483447116.1)
                  00004622    00000007     main.o (.rodata.str1.2846389346932560359.1)
                  00004629    00000006     main.o (.rodata.str1.14402440632258215044.1)
                  0000462f    00000006     game.o (.rodata.str1.3846330321212824532.1)
                  00004635    00000006     game.o (.rodata.str1.6354396994968447843.1)
                  0000463b    00000005     main.o (.rodata.str1.15996357275703397564.1)
                  00004640    00000005     main.o (.rodata.str1.16265332423659789559.1)
                  00004645    00000005     game.o (.rodata.str1.3989973381034227510.1)
                  0000464a    00000005     main.o (.rodata.str1.8154729771448623357.1)
                  0000464f    00000004     tetris.o (.rodata.str1.1796946245022526014.1)
                  00004653    00000004     tetris.o (.rodata.str1.3887725674600554520.1)
                  00004657    00000004     tetris.o (.rodata.str1.7815773836292278737.1)
                  0000465b    00000003     ti_msp_dl_config.o (.rodata.gTIMER_0ClockConfig)
                  0000465e    00000003     main.o (.rodata.str1.2763581881760962609.1)
                  00004661    00000003     main.o (.rodata.str1.7702501944640899365.1)
                  00004664    00000002     ti_msp_dl_config.o (.rodata.gSPI_0_clockConfig)
                  00004666    00000002     main.o (.rodata.str1.11870794119293528247.1)
                  00004668    00000002     main.o (.rodata.str1.2123964117280943167.1)
                  0000466a    00000002     main.o (.rodata.str1.288608917962107522.1)
                  0000466c    00000002     main.o (.rodata.str1.8108965883388295311.1)
                  0000466e    00000002     main.o (.rodata.str1.9059077390166914652.1)

.init_array 
*          0    00000000    00000000     UNINITIALIZED

.binit     0    00000000    00000000     

.bss       0    20200000    000004e4     UNINITIALIZED
                  20200000    00000400     oled.o (.bss.fb)
                  20200400    000000bc     (.common:gTIMER_0Backup)
                  202004bc    00000028     (.common:gSPI_0Backup)

.data      0    202004e4    0000001c     UNINITIALIZED
                  202004e4    00000002     buzzer.o (.data.buzzer_half_period_counter)
                  202004e6    00000002     buzzer.o (.data.buzzer_half_period_ticks)
                  202004e8    00000002     buzzer.o (.data.buzzer_note_ticks_remaining)
                  202004ea    00000002     tetris.o (.data.rng_state)
                  202004ec    00000002     buzzer.o (.data.sfx_half_period_counter)
                  202004ee    00000002     buzzer.o (.data.sfx_half_period_ticks)
                  202004f0    00000002     buzzer.o (.data.sfx_ticks_remaining)
                  202004f2    00000002     main.o (.data.splash_offset)
                  202004f4    00000002     main.o (.data.v1_offset)
                  202004f6    00000001     buzzer.o (.data.buzzer_music_enabled)
                  202004f7    00000001     buzzer.o (.data.buzzer_note_index)
                  202004f8    00000001     buzzer.o (.data.buzzer_pin_on)
                  202004f9    00000001     main.o (.data.g_tick)
                  202004fa    00000001     buzzer.o (.data.jingle_index)
                  202004fb    00000001     buzzer.o (.data.jingle_playing)
                  202004fc    00000001     buzzer.o (.data.sfx_pin_on)
                  202004fd    00000001     main.o (.data.splash_blink_on)
                  202004fe    00000001     main.o (.data.splash_blink_timer)
                  202004ff    00000001     main.o (.data.splash_phase)

.stack     0    20207e00    00000200     UNINITIALIZED
                  20207e00    00000004     libc.a : boot_cortex_m.c.obj (.stack)
                  20207e04    000001fc     --HOLE--

__llvm_prf_cnts 
*          0    20200000    00000000     UNINITIALIZED

__llvm_prf_bits 
*          0    20200000    00000000     UNINITIALIZED

MODULE SUMMARY

       Module                         code    ro data   rw data
       ------                         ----    -------   -------
    ./
       oled.o                         4676    475       1024   
       game.o                         4392    155       0      
       tetris.o                       3484    325       2      
       main.o                         1592    124       8      
       buzzer.o                       692     84        18     
       ti_msp_dl_config.o             500     35        228    
       startup_mspm0g350x_ticlang.o   6       192       0      
       input.o                        96      0         0      
    +--+------------------------------+-------+---------+---------+
       Total:                         15438   1390      1280   
                                                               
    /Applications/ti/ccs2041/ccs/tools/compiler/ti-cgt-armllvm_4.0.4.LTS/lib/armv6m-ti-none-eabi/c/libc.a
       memcpy16.S.obj                 154     0         0      
       copy_decompress_lzss.c.obj     124     0         0      
       memset16.S.obj                 98      0         0      
       autoinit.c.obj                 60      0         0      
       boot_cortex_m.c.obj            40      0         0      
       memmov.c.obj                   40      0         0      
       copy_decompress_none.c.obj     18      0         0      
       copy_zero_init.c.obj           16      0         0      
       exit.c.obj                     6       0         0      
       pre_init.c.obj                 4       0         0      
    +--+------------------------------+-------+---------+---------+
       Total:                         560     0         0      
                                                               
    /Applications/ti/ccs2041/ccs/tools/compiler/ti-cgt-armllvm_4.0.4.LTS/lib/armv6m-ti-none-eabi/c/libsysbm.a
       hostexit.c.obj                 4       0         0      
    +--+------------------------------+-------+---------+---------+
       Total:                         4       0         0      
                                                               
    /Applications/ti/ccs2041/ccs/tools/compiler/ti-cgt-armllvm_4.0.4.LTS/lib/armv6m-ti-none-eabi/libclang_rt.builtins.a
       aeabi_uidivmod.S.obj           64      0         0      
       aeabi_memset.S.obj             12      0         0      
       aeabi_memcpy.S.obj             8       0         0      
       aeabi_memmove.S.obj            8       0         0      
       aeabi_div0.c.obj               2       0         0      
    +--+------------------------------+-------+---------+---------+
       Total:                         94      0         0      
                                                               
    /Users/macs/ti/mspm0_sdk_2_10_00_04/source/ti/driverlib/lib/ticlang/m0p/mspm0g1x0x_g3x0x/driverlib.a
       dl_timer.o                     280     0         0      
       dl_rtc_common.o                164     0         0      
       dl_spi.o                       86      0         0      
       dl_common.o                    10      0         0      
    +--+------------------------------+-------+---------+---------+
       Total:                         540     0         0      
                                                               
       Stack:                         0       0         512    
       Linker Generated:              0       53        0      
    +--+------------------------------+-------+---------+---------+
       Grand Total:                   16636   1443      1792   


LINKER GENERATED COPY TABLES

__TI_cinit_table @ 00004698 records: 2, size/record: 8, table size: 16
	.data: load addr=00004670, load size=00000011 bytes, run addr=202004e4, run size=0000001c bytes, compression=lzss
	.bss: load addr=00004690, load size=00000008 bytes, run addr=20200000, run size=000004e4 bytes, compression=zero_init


LINKER GENERATED HANDLER TABLE

__TI_handler_table @ 00004684 records: 3, size/record: 4, table size: 12
	index: 0, handler: __TI_decompress_lzss
	index: 1, handler: __TI_decompress_none
	index: 2, handler: __TI_zero_init


GLOBAL SYMBOLS: SORTED ALPHABETICALLY BY Name 

address   name                          
-------   ----                          
00003a13  ADC0_IRQHandler               
00003a13  ADC1_IRQHandler               
00003a13  AES_IRQHandler                
000041b2  C$$EXIT                       
00003a13  CANFD0_IRQHandler             
00003a13  DAC0_IRQHandler               
00004191  DL_Common_delayCycles         
00003835  DL_RTC_Common_initCalendar    
00003e25  DL_SPI_init                   
00004151  DL_SPI_setClockConfig         
0000368d  DL_Timer_initTimerMode        
00004105  DL_Timer_setClockConfig       
00003a13  DMA_IRQHandler                
00003a13  Default_Handler               
00003a13  GROUP0_IRQHandler             
00003a13  GROUP1_IRQHandler             
000041b3  HOSTexit                      
00003a13  HardFault_Handler             
00003a13  I2C0_IRQHandler               
00003a13  I2C1_IRQHandler               
00003a13  NMI_Handler                   
0000413d  OLED_Clear                    
00002685  OLED_DrawChar                 
00003441  OLED_DrawHLine                
00003f61  OLED_DrawPixel                
00000e55  OLED_DrawRect                 
00003ba9  OLED_DrawString               
00002d35  OLED_DrawVLine                
00003025  OLED_FillRect                 
00002a1d  OLED_Flush                    
000013f1  OLED_Init                     
00003a13  PendSV_Handler                
00003a13  RTC_IRQHandler                
000041b7  Reset_Handler                 
00003a13  SPI0_IRQHandler               
00003a13  SPI1_IRQHandler               
00003a13  SVC_Handler                   
00003a15  SYSCFG_DL_GPIO_init           
000040e1  SYSCFG_DL_RTC_init            
00003d91  SYSCFG_DL_SPI_0_init          
00003e69  SYSCFG_DL_SYSCTL_init         
00003f99  SYSCFG_DL_TIMER_0_init        
00003fd1  SYSCFG_DL_init                
00003ddd  SYSCFG_DL_initPower           
00003305  SysTick_Handler               
00004121  TIMA0_IRQHandler              
00003a13  TIMA1_IRQHandler              
00003a13  TIMG0_IRQHandler              
00003a13  TIMG12_IRQHandler             
00003a13  TIMG6_IRQHandler              
00003a13  TIMG7_IRQHandler              
00003a13  TIMG8_IRQHandler              
00003a13  UART0_IRQHandler              
00003a13  UART1_IRQHandler              
00003a13  UART2_IRQHandler              
00003a13  UART3_IRQHandler              
20208000  __STACK_END                   
00000200  __STACK_SIZE                  
00000000  __TI_ATRegion0_region_sz      
00000000  __TI_ATRegion0_src_addr       
00000000  __TI_ATRegion0_trg_addr       
00000000  __TI_ATRegion1_region_sz      
00000000  __TI_ATRegion1_src_addr       
00000000  __TI_ATRegion1_trg_addr       
00000000  __TI_ATRegion2_region_sz      
00000000  __TI_ATRegion2_src_addr       
00000000  __TI_ATRegion2_trg_addr       
00004698  __TI_CINIT_Base               
000046a8  __TI_CINIT_Limit              
000046a8  __TI_CINIT_Warm               
00004684  __TI_Handler_Table_Base       
00004690  __TI_Handler_Table_Limit      
00003f25  __TI_auto_init_nobinit_nopinit
00003b2d  __TI_decompress_lzss          
00004163  __TI_decompress_none          
ffffffff  __TI_pprof_out_hndl           
ffffffff  __TI_prof_data_size           
ffffffff  __TI_prof_data_start          
00000000  __TI_static_base__            
00004175  __TI_zero_init                
00003c7b  __aeabi_idiv0                 
00004185  __aeabi_memclr                
00004185  __aeabi_memclr4               
00004185  __aeabi_memclr8               
0000419d  __aeabi_memcpy                
0000419d  __aeabi_memcpy4               
0000419d  __aeabi_memcpy8               
000041a5  __aeabi_memmove               
000041a5  __aeabi_memmove4              
000041a5  __aeabi_memmove8              
00003ea9  __aeabi_uidiv                 
00003ea9  __aeabi_uidivmod              
ffffffff  __binit__                     
UNDEFED   __mpu_init                    
20207e00  __stack                       
20200000  __start___llvm_prf_bits       
20200000  __start___llvm_prf_cnts       
20200000  __stop___llvm_prf_bits        
20200000  __stop___llvm_prf_cnts        
000040b9  _c_int00_noargs               
UNDEFED   _system_post_cinit            
000041bb  _system_pre_init              
000041ad  abort                         
ffffffff  binit                         
00003ee9  buzzer_init                   
00003d39  buzzer_set_music_enabled      
00003cdd  dispatch_game_sfx             
00002ead  draw_button_test              
00003579  draw_main_menu                
202004bc  gSPI_0Backup                  
20200400  gTIMER_0Backup                
202004f9  g_tick                        
00004039  game2p_init                   
00002ba9  game2p_render                 
00002241  game2p_tick                   
00004005  game_init                     
00003195  game_render                   
0000288d  game_tick                     
00003c7d  input_update                  
00000000  interruptVectors              
00003aa5  jingle_tick                   
00001bd5  main                          
00003979  memcpy                        
00004069  memmove                       
00003c19  memset                        
00004091  platformer_init               
000000c1  platformer_render             
00001f65  platformer_tick               
000038d9  tetris_init                   
000007c5  tetris_render                 
00001829  tetris_tick                   


GLOBAL SYMBOLS: SORTED BY Symbol Address 

address   name                          
-------   ----                          
00000000  __TI_ATRegion0_region_sz      
00000000  __TI_ATRegion0_src_addr       
00000000  __TI_ATRegion0_trg_addr       
00000000  __TI_ATRegion1_region_sz      
00000000  __TI_ATRegion1_src_addr       
00000000  __TI_ATRegion1_trg_addr       
00000000  __TI_ATRegion2_region_sz      
00000000  __TI_ATRegion2_src_addr       
00000000  __TI_ATRegion2_trg_addr       
00000000  __TI_static_base__            
00000000  interruptVectors              
000000c1  platformer_render             
00000200  __STACK_SIZE                  
000007c5  tetris_render                 
00000e55  OLED_DrawRect                 
000013f1  OLED_Init                     
00001829  tetris_tick                   
00001bd5  main                          
00001f65  platformer_tick               
00002241  game2p_tick                   
00002685  OLED_DrawChar                 
0000288d  game_tick                     
00002a1d  OLED_Flush                    
00002ba9  game2p_render                 
00002d35  OLED_DrawVLine                
00002ead  draw_button_test              
00003025  OLED_FillRect                 
00003195  game_render                   
00003305  SysTick_Handler               
00003441  OLED_DrawHLine                
00003579  draw_main_menu                
0000368d  DL_Timer_initTimerMode        
00003835  DL_RTC_Common_initCalendar    
000038d9  tetris_init                   
00003979  memcpy                        
00003a13  ADC0_IRQHandler               
00003a13  ADC1_IRQHandler               
00003a13  AES_IRQHandler                
00003a13  CANFD0_IRQHandler             
00003a13  DAC0_IRQHandler               
00003a13  DMA_IRQHandler                
00003a13  Default_Handler               
00003a13  GROUP0_IRQHandler             
00003a13  GROUP1_IRQHandler             
00003a13  HardFault_Handler             
00003a13  I2C0_IRQHandler               
00003a13  I2C1_IRQHandler               
00003a13  NMI_Handler                   
00003a13  PendSV_Handler                
00003a13  RTC_IRQHandler                
00003a13  SPI0_IRQHandler               
00003a13  SPI1_IRQHandler               
00003a13  SVC_Handler                   
00003a13  TIMA1_IRQHandler              
00003a13  TIMG0_IRQHandler              
00003a13  TIMG12_IRQHandler             
00003a13  TIMG6_IRQHandler              
00003a13  TIMG7_IRQHandler              
00003a13  TIMG8_IRQHandler              
00003a13  UART0_IRQHandler              
00003a13  UART1_IRQHandler              
00003a13  UART2_IRQHandler              
00003a13  UART3_IRQHandler              
00003a15  SYSCFG_DL_GPIO_init           
00003aa5  jingle_tick                   
00003b2d  __TI_decompress_lzss          
00003ba9  OLED_DrawString               
00003c19  memset                        
00003c7b  __aeabi_idiv0                 
00003c7d  input_update                  
00003cdd  dispatch_game_sfx             
00003d39  buzzer_set_music_enabled      
00003d91  SYSCFG_DL_SPI_0_init          
00003ddd  SYSCFG_DL_initPower           
00003e25  DL_SPI_init                   
00003e69  SYSCFG_DL_SYSCTL_init         
00003ea9  __aeabi_uidiv                 
00003ea9  __aeabi_uidivmod              
00003ee9  buzzer_init                   
00003f25  __TI_auto_init_nobinit_nopinit
00003f61  OLED_DrawPixel                
00003f99  SYSCFG_DL_TIMER_0_init        
00003fd1  SYSCFG_DL_init                
00004005  game_init                     
00004039  game2p_init                   
00004069  memmove                       
00004091  platformer_init               
000040b9  _c_int00_noargs               
000040e1  SYSCFG_DL_RTC_init            
00004105  DL_Timer_setClockConfig       
00004121  TIMA0_IRQHandler              
0000413d  OLED_Clear                    
00004151  DL_SPI_setClockConfig         
00004163  __TI_decompress_none          
00004175  __TI_zero_init                
00004185  __aeabi_memclr                
00004185  __aeabi_memclr4               
00004185  __aeabi_memclr8               
00004191  DL_Common_delayCycles         
0000419d  __aeabi_memcpy                
0000419d  __aeabi_memcpy4               
0000419d  __aeabi_memcpy8               
000041a5  __aeabi_memmove               
000041a5  __aeabi_memmove4              
000041a5  __aeabi_memmove8              
000041ad  abort                         
000041b2  C$$EXIT                       
000041b3  HOSTexit                      
000041b7  Reset_Handler                 
000041bb  _system_pre_init              
00004684  __TI_Handler_Table_Base       
00004690  __TI_Handler_Table_Limit      
00004698  __TI_CINIT_Base               
000046a8  __TI_CINIT_Limit              
000046a8  __TI_CINIT_Warm               
20200000  __start___llvm_prf_bits       
20200000  __start___llvm_prf_cnts       
20200000  __stop___llvm_prf_bits        
20200000  __stop___llvm_prf_cnts        
20200400  gTIMER_0Backup                
202004bc  gSPI_0Backup                  
202004f9  g_tick                        
20207e00  __stack                       
20208000  __STACK_END                   
ffffffff  __TI_pprof_out_hndl           
ffffffff  __TI_prof_data_size           
ffffffff  __TI_prof_data_start          
ffffffff  __binit__                     
ffffffff  binit                         
UNDEFED   __mpu_init                    
UNDEFED   _system_post_cinit            

[131 symbols]
